src/modules/generatedLanding/PublishedPageRenderer.tsx(137,63): error TS2345: Argument of type '{ marketCategory: string; marketSubcategory: string; targetAudience: string; keyProblem: string; problemBeingSolved: string; startupStage: string; landingPageGoals: string; pricingModel: string; theme: string; }' is not assignable to parameter of type 'OnboardingDataInput'.
  Type '{ marketCategory: string; marketSubcategory: string; targetAudience: string; keyProblem: string; problemBeingSolved: string; startupStage: string; landingPageGoals: string; pricingModel: string; theme: string; }' is not assignable to type 'InputVariables'.
    Types of property 'marketCategory' are incompatible.
      Type 'string' is not assignable to type '"Work & Productivity Tools" | "Marketing & Sales Tools" | "Engineering & Development Tools" | "AI Tools" | "Design & Creative Tools" | "No-Code & Low-Code Platforms" | ... 6 more ... | "Industry-Specific SaaS"'.
src/modules/generatedLanding/PublishedPageRenderer.tsx(141,63): error TS2345: Argument of type '{ marketCategory: string; marketSubcategory: string; targetAudience: string; keyProblem: string; problemBeingSolved: string; startupStage: string; landingPageGoals: string; pricingModel: string; theme: string; }' is not assignable to parameter of type 'OnboardingDataInput'.
  Type '{ marketCategory: string; marketSubcategory: string; targetAudience: string; keyProblem: string; problemBeingSolved: string; startupStage: string; landingPageGoals: string; pricingModel: string; theme: string; }' is not assignable to type 'InputVariables'.
    Types of property 'marketCategory' are incompatible.
      Type 'string' is not assignable to type '"Work & Productivity Tools" | "Marketing & Sales Tools" | "Engineering & Development Tools" | "AI Tools" | "Design & Creative Tools" | "No-Code & Low-Code Platforms" | ... 6 more ... | "Industry-Specific SaaS"'.
src/modules/generatedLanding/PublishedPageRenderer.tsx(172,11): error TS2345: Argument of type '{ marketCategory: string; marketSubcategory: string; targetAudience: string; keyProblem: string; problemBeingSolved: string; startupStage: "MVP & Early Customers"; landingPageGoals: "Generate Leads"; pricingModel: "subscription"; theme: string; }' is not assignable to parameter of type 'OnboardingDataInput'.
  Type '{ marketCategory: string; marketSubcategory: string; targetAudience: string; keyProblem: string; problemBeingSolved: string; startupStage: "MVP & Early Customers"; landingPageGoals: "Generate Leads"; pricingModel: "subscription"; theme: string; }' is not assignable to type 'InputVariables'.
    Types of property 'marketCategory' are incompatible.
      Type 'string' is not assignable to type '"Work & Productivity Tools" | "Marketing & Sales Tools" | "Engineering & Development Tools" | "AI Tools" | "Design & Creative Tools" | "No-Code & Low-Code Platforms" | ... 6 more ... | "Industry-Specific SaaS"'.
src/modules/prompt/buildPrompt.ts(22,76): error TS2304: Cannot find name 'PageStore'.
src/modules/prompt/buildPrompt.ts(297,63): error TS2304: Cannot find name 'PageStore'.
src/modules/prompt/buildPrompt.ts(301,25): error TS7006: Parameter 'sectionId' implicitly has an 'any' type.
src/modules/prompt/buildPrompt.ts(301,36): error TS7006: Parameter 'index' implicitly has an 'any' type.
src/modules/prompt/buildPrompt.ts(316,40): error TS7006: Parameter 's' implicitly has an 'any' type.
src/modules/prompt/buildPrompt.ts(671,14): error TS2304: Cannot find name 'PageStore'.
src/modules/prompt/buildPrompt.ts(710,14): error TS2304: Cannot find name 'PageStore'.
src/modules/prompt/buildPrompt.ts(760,47): error TS2304: Cannot find name 'PageStore'.
src/modules/prompt/buildPrompt.ts(763,37): error TS7006: Parameter 'sectionId' implicitly has an 'any' type.
src/modules/prompt/buildPrompt.ts(806,14): error TS2304: Cannot find name 'PageStore'.
src/modules/prompt/buildPrompt.ts(868,47): error TS2304: Cannot find name 'PageStore'.
src/modules/prompt/mockResponseGenerator.ts(47,30): error TS1501: This regular expression flag is only available when targeting 'es2018' or later.
src/modules/prompt/parseAiResponse.ts(122,5): error TS7053: Element implicitly has an 'any' type because expression of type 'string' can't be used to index type '{}'.
  No index signature with a parameter of type 'string' was found on type '{}'.
src/modules/UIBlocks/BeforeAfter/BeforeAfterSlider.tsx(247,41): error TS2554: Expected 0 arguments, but got 1.
src/modules/UIBlocks/BeforeAfter/BeforeAfterSlider.tsx(247,42): error TS7006: Parameter 'state' implicitly has an 'any' type.
src/modules/UIBlocks/BeforeAfter/BeforeAfterSlider.tsx(266,13): error TS2322: Type '"primary" | "secondary" | "neutral" | "divider" | "custom"' is not assignable to type '"primary" | "secondary" | "neutral" | "divider"'.
  Type '"custom"' is not assignable to type '"primary" | "secondary" | "neutral" | "divider"'.
src/modules/UIBlocks/BeforeAfter/BeforeAfterSlider.tsx(280,15): error TS2322: Type '"primary" | "secondary" | "neutral" | "divider" | "custom"' is not assignable to type '"primary" | "secondary" | "neutral" | "divider"'.
  Type '"custom"' is not assignable to type '"primary" | "secondary" | "neutral" | "divider"'.
src/modules/UIBlocks/BeforeAfter/BeforeAfterSlider.tsx(319,17): error TS2322: Type '"primary" | "secondary" | "neutral" | "divider" | "custom"' is not assignable to type '"primary" | "secondary" | "neutral" | "divider"'.
  Type '"custom"' is not assignable to type '"primary" | "secondary" | "neutral" | "divider"'.
src/modules/UIBlocks/BeforeAfter/BeforeAfterSlider.tsx(323,35): error TS2345: Argument of type '"h4"' is not assignable to parameter of type '"body" | "hero" | "caption" | "h1" | "h2" | "h3" | "display" | "body-lg" | "body-sm"'.
src/modules/UIBlocks/BeforeAfter/BeforeAfterSlider.tsx(340,15): error TS2322: Type '"primary" | "secondary" | "neutral" | "divider" | "custom"' is not assignable to type '"primary" | "secondary" | "neutral" | "divider"'.
  Type '"custom"' is not assignable to type '"primary" | "secondary" | "neutral" | "divider"'.
src/modules/UIBlocks/BeforeAfter/BeforeAfterSlider.tsx(358,17): error TS2322: Type '"primary" | "secondary" | "neutral" | "divider" | "custom"' is not assignable to type '"primary" | "secondary" | "neutral" | "divider"'.
  Type '"custom"' is not assignable to type '"primary" | "secondary" | "neutral" | "divider"'.
src/modules/UIBlocks/BeforeAfter/BeforeAfterSlider.tsx(362,35): error TS2345: Argument of type '"h4"' is not assignable to parameter of type '"body" | "hero" | "caption" | "h1" | "h2" | "h3" | "display" | "body-lg" | "body-sm"'.
src/modules/UIBlocks/BeforeAfter/BeforeAfterSlider.tsx(379,15): error TS2322: Type '"primary" | "secondary" | "neutral" | "divider" | "custom"' is not assignable to type '"primary" | "secondary" | "neutral" | "divider"'.
  Type '"custom"' is not assignable to type '"primary" | "secondary" | "neutral" | "divider"'.
src/modules/UIBlocks/BeforeAfter/BeforeAfterSlider.tsx(398,17): error TS2322: Type '"primary" | "secondary" | "neutral" | "divider" | "custom"' is not assignable to type '"primary" | "secondary" | "neutral" | "divider"'.
  Type '"custom"' is not assignable to type '"primary" | "secondary" | "neutral" | "divider"'.
src/modules/UIBlocks/BeforeAfter/PersonaJourney.tsx(283,41): error TS2554: Expected 0 arguments, but got 1.
src/modules/UIBlocks/BeforeAfter/PersonaJourney.tsx(283,42): error TS7006: Parameter 'state' implicitly has an 'any' type.
src/modules/UIBlocks/BeforeAfter/PersonaJourney.tsx(302,13): error TS2322: Type '"primary" | "secondary" | "neutral" | "divider" | "custom"' is not assignable to type '"primary" | "secondary" | "neutral" | "divider"'.
  Type '"custom"' is not assignable to type '"primary" | "secondary" | "neutral" | "divider"'.
src/modules/UIBlocks/BeforeAfter/PersonaJourney.tsx(316,15): error TS2322: Type '"primary" | "secondary" | "neutral" | "divider" | "custom"' is not assignable to type '"primary" | "secondary" | "neutral" | "divider"'.
  Type '"custom"' is not assignable to type '"primary" | "secondary" | "neutral" | "divider"'.
src/modules/UIBlocks/BeforeAfter/PersonaJourney.tsx(339,19): error TS2322: Type '"primary" | "secondary" | "neutral" | "divider" | "custom"' is not assignable to type '"primary" | "secondary" | "neutral" | "divider"'.
  Type '"custom"' is not assignable to type '"primary" | "secondary" | "neutral" | "divider"'.
src/modules/UIBlocks/BeforeAfter/PersonaJourney.tsx(353,19): error TS2322: Type '"primary" | "secondary" | "neutral" | "divider" | "custom"' is not assignable to type '"primary" | "secondary" | "neutral" | "divider"'.
  Type '"custom"' is not assignable to type '"primary" | "secondary" | "neutral" | "divider"'.
src/modules/UIBlocks/BeforeAfter/PersonaJourney.tsx(367,19): error TS2322: Type '"primary" | "secondary" | "neutral" | "divider" | "custom"' is not assignable to type '"primary" | "secondary" | "neutral" | "divider"'.
  Type '"custom"' is not assignable to type '"primary" | "secondary" | "neutral" | "divider"'.
src/modules/UIBlocks/BeforeAfter/PersonaJourney.tsx(402,19): error TS2322: Type '"primary" | "secondary" | "neutral" | "divider" | "custom"' is not assignable to type '"primary" | "secondary" | "neutral" | "divider"'.
  Type '"custom"' is not assignable to type '"primary" | "secondary" | "neutral" | "divider"'.
src/modules/UIBlocks/BeforeAfter/PersonaJourney.tsx(405,43): error TS2345: Argument of type '"h4"' is not assignable to parameter of type '"body" | "hero" | "caption" | "h1" | "h2" | "h3" | "display" | "body-lg" | "body-sm"'.
src/modules/UIBlocks/BeforeAfter/PersonaJourney.tsx(416,19): error TS2322: Type '"primary" | "secondary" | "neutral" | "divider" | "custom"' is not assignable to type '"primary" | "secondary" | "neutral" | "divider"'.
  Type '"custom"' is not assignable to type '"primary" | "secondary" | "neutral" | "divider"'.
src/modules/UIBlocks/BeforeAfter/PersonaJourney.tsx(430,19): error TS2322: Type '"primary" | "secondary" | "neutral" | "divider" | "custom"' is not assignable to type '"primary" | "secondary" | "neutral" | "divider"'.
  Type '"custom"' is not assignable to type '"primary" | "secondary" | "neutral" | "divider"'.
src/modules/UIBlocks/BeforeAfter/PersonaJourney.tsx(448,19): error TS2322: Type '"primary" | "secondary" | "neutral" | "divider" | "custom"' is not assignable to type '"primary" | "secondary" | "neutral" | "divider"'.
  Type '"custom"' is not assignable to type '"primary" | "secondary" | "neutral" | "divider"'.
src/modules/UIBlocks/BeforeAfter/PersonaJourney.tsx(451,43): error TS2345: Argument of type '"h4"' is not assignable to parameter of type '"body" | "hero" | "caption" | "h1" | "h2" | "h3" | "display" | "body-lg" | "body-sm"'.
src/modules/UIBlocks/BeforeAfter/PersonaJourney.tsx(462,19): error TS2322: Type '"primary" | "secondary" | "neutral" | "divider" | "custom"' is not assignable to type '"primary" | "secondary" | "neutral" | "divider"'.
  Type '"custom"' is not assignable to type '"primary" | "secondary" | "neutral" | "divider"'.
src/modules/UIBlocks/BeforeAfter/PersonaJourney.tsx(480,19): error TS2322: Type '"primary" | "secondary" | "neutral" | "divider" | "custom"' is not assignable to type '"primary" | "secondary" | "neutral" | "divider"'.
  Type '"custom"' is not assignable to type '"primary" | "secondary" | "neutral" | "divider"'.
src/modules/UIBlocks/BeforeAfter/PersonaJourney.tsx(483,43): error TS2345: Argument of type '"h4"' is not assignable to parameter of type '"body" | "hero" | "caption" | "h1" | "h2" | "h3" | "display" | "body-lg" | "body-sm"'.
src/modules/UIBlocks/BeforeAfter/PersonaJourney.tsx(494,19): error TS2322: Type '"primary" | "secondary" | "neutral" | "divider" | "custom"' is not assignable to type '"primary" | "secondary" | "neutral" | "divider"'.
  Type '"custom"' is not assignable to type '"primary" | "secondary" | "neutral" | "divider"'.
src/modules/UIBlocks/BeforeAfter/PersonaJourney.tsx(508,19): error TS2322: Type '"primary" | "secondary" | "neutral" | "divider" | "custom"' is not assignable to type '"primary" | "secondary" | "neutral" | "divider"'.
  Type '"custom"' is not assignable to type '"primary" | "secondary" | "neutral" | "divider"'.
src/modules/UIBlocks/BeforeAfter/PersonaJourney.tsx(606,17): error TS2322: Type '"primary" | "secondary" | "neutral" | "divider" | "custom"' is not assignable to type '"primary" | "secondary" | "neutral" | "divider"'.
  Type '"custom"' is not assignable to type '"primary" | "secondary" | "neutral" | "divider"'.
src/modules/UIBlocks/BeforeAfter/SideBySideBlock.tsx(116,13): error TS2322: Type '"primary" | "secondary" | "neutral" | "divider" | "custom"' is not assignable to type '"primary" | "secondary" | "neutral" | "divider"'.
  Type '"custom"' is not assignable to type '"primary" | "secondary" | "neutral" | "divider"'.
src/modules/UIBlocks/BeforeAfter/SideBySideBlock.tsx(131,15): error TS2322: Type '"primary" | "secondary" | "neutral" | "divider" | "custom"' is not assignable to type '"primary" | "secondary" | "neutral" | "divider"'.
  Type '"custom"' is not assignable to type '"primary" | "secondary" | "neutral" | "divider"'.
src/modules/UIBlocks/BeforeAfter/SideBySideBlock.tsx(155,19): error TS2322: Type '"primary" | "secondary" | "neutral" | "divider" | "custom"' is not assignable to type '"primary" | "secondary" | "neutral" | "divider"'.
  Type '"custom"' is not assignable to type '"primary" | "secondary" | "neutral" | "divider"'.
src/modules/UIBlocks/BeforeAfter/SideBySideBlock.tsx(176,17): error TS2322: Type '"primary" | "secondary" | "neutral" | "divider" | "custom"' is not assignable to type '"primary" | "secondary" | "neutral" | "divider"'.
  Type '"custom"' is not assignable to type '"primary" | "secondary" | "neutral" | "divider"'.
src/modules/UIBlocks/BeforeAfter/SideBySideBlock.tsx(197,19): error TS2322: Type '"primary" | "secondary" | "neutral" | "divider" | "custom"' is not assignable to type '"primary" | "secondary" | "neutral" | "divider"'.
  Type '"custom"' is not assignable to type '"primary" | "secondary" | "neutral" | "divider"'.
src/modules/UIBlocks/BeforeAfter/SideBySideBlock.tsx(218,17): error TS2322: Type '"primary" | "secondary" | "neutral" | "divider" | "custom"' is not assignable to type '"primary" | "secondary" | "neutral" | "divider"'.
  Type '"custom"' is not assignable to type '"primary" | "secondary" | "neutral" | "divider"'.
src/modules/UIBlocks/BeforeAfter/SideBySideBlock.tsx(240,17): error TS2322: Type '"primary" | "secondary" | "neutral" | "divider" | "custom"' is not assignable to type '"primary" | "secondary" | "neutral" | "divider"'.
  Type '"custom"' is not assignable to type '"primary" | "secondary" | "neutral" | "divider"'.
src/modules/UIBlocks/BeforeAfter/SplitCard.tsx(207,41): error TS2554: Expected 0 arguments, but got 1.
src/modules/UIBlocks/BeforeAfter/SplitCard.tsx(207,42): error TS7006: Parameter 'state' implicitly has an 'any' type.
src/modules/UIBlocks/BeforeAfter/SplitCard.tsx(226,13): error TS2322: Type '"primary" | "secondary" | "neutral" | "divider" | "custom"' is not assignable to type '"primary" | "secondary" | "neutral" | "divider"'.
  Type '"custom"' is not assignable to type '"primary" | "secondary" | "neutral" | "divider"'.
src/modules/UIBlocks/BeforeAfter/SplitCard.tsx(240,15): error TS2322: Type '"primary" | "secondary" | "neutral" | "divider" | "custom"' is not assignable to type '"primary" | "secondary" | "neutral" | "divider"'.
  Type '"custom"' is not assignable to type '"primary" | "secondary" | "neutral" | "divider"'.
src/modules/UIBlocks/BeforeAfter/SplitCard.tsx(306,15): error TS2322: Type '"primary" | "secondary" | "neutral" | "divider" | "custom"' is not assignable to type '"primary" | "secondary" | "neutral" | "divider"'.
  Type '"custom"' is not assignable to type '"primary" | "secondary" | "neutral" | "divider"'.
src/modules/UIBlocks/BeforeAfter/SplitCard.tsx(310,33): error TS2345: Argument of type '"h4"' is not assignable to parameter of type '"body" | "hero" | "caption" | "h1" | "h2" | "h3" | "display" | "body-lg" | "body-sm"'.
src/modules/UIBlocks/BeforeAfter/SplitCard.tsx(326,15): error TS2322: Type '"primary" | "secondary" | "neutral" | "divider" | "custom"' is not assignable to type '"primary" | "secondary" | "neutral" | "divider"'.
  Type '"custom"' is not assignable to type '"primary" | "secondary" | "neutral" | "divider"'.
src/modules/UIBlocks/BeforeAfter/SplitCard.tsx(342,15): error TS2322: Type '"primary" | "secondary" | "neutral" | "divider" | "custom"' is not assignable to type '"primary" | "secondary" | "neutral" | "divider"'.
  Type '"custom"' is not assignable to type '"primary" | "secondary" | "neutral" | "divider"'.
src/modules/UIBlocks/BeforeAfter/SplitCard.tsx(346,33): error TS2345: Argument of type '"h4"' is not assignable to parameter of type '"body" | "hero" | "caption" | "h1" | "h2" | "h3" | "display" | "body-lg" | "body-sm"'.
src/modules/UIBlocks/BeforeAfter/SplitCard.tsx(362,15): error TS2322: Type '"primary" | "secondary" | "neutral" | "divider" | "custom"' is not assignable to type '"primary" | "secondary" | "neutral" | "divider"'.
  Type '"custom"' is not assignable to type '"primary" | "secondary" | "neutral" | "divider"'.
src/modules/UIBlocks/BeforeAfter/SplitCard.tsx(381,17): error TS2322: Type '"primary" | "secondary" | "neutral" | "divider" | "custom"' is not assignable to type '"primary" | "secondary" | "neutral" | "divider"'.
  Type '"custom"' is not assignable to type '"primary" | "secondary" | "neutral" | "divider"'.
src/modules/UIBlocks/BeforeAfter/StackedTextVisual.tsx(149,41): error TS2345: Argument of type '"h4"' is not assignable to parameter of type '"body" | "hero" | "caption" | "h1" | "h2" | "h3" | "display" | "body-lg" | "body-sm"'.
src/modules/UIBlocks/BeforeAfter/StackedTextVisual.tsx(221,41): error TS2345: Argument of type '"h4"' is not assignable to parameter of type '"body" | "hero" | "caption" | "h1" | "h2" | "h3" | "display" | "body-lg" | "body-sm"'.
src/modules/UIBlocks/BeforeAfter/StatComparison.tsx(178,13): error TS2322: Type '"primary" | "secondary" | "neutral" | "divider" | "custom"' is not assignable to type '"primary" | "secondary" | "neutral" | "divider"'.
  Type '"custom"' is not assignable to type '"primary" | "secondary" | "neutral" | "divider"'.
src/modules/UIBlocks/BeforeAfter/StatComparison.tsx(192,15): error TS2322: Type '"primary" | "secondary" | "neutral" | "divider" | "custom"' is not assignable to type '"primary" | "secondary" | "neutral" | "divider"'.
  Type '"custom"' is not assignable to type '"primary" | "secondary" | "neutral" | "divider"'.
src/modules/UIBlocks/BeforeAfter/StatComparison.tsx(215,19): error TS2322: Type '"primary" | "secondary" | "neutral" | "divider" | "custom"' is not assignable to type '"primary" | "secondary" | "neutral" | "divider"'.
  Type '"custom"' is not assignable to type '"primary" | "secondary" | "neutral" | "divider"'.
src/modules/UIBlocks/BeforeAfter/StatComparison.tsx(237,19): error TS2322: Type '"primary" | "secondary" | "neutral" | "divider" | "custom"' is not assignable to type '"primary" | "secondary" | "neutral" | "divider"'.
  Type '"custom"' is not assignable to type '"primary" | "secondary" | "neutral" | "divider"'.
src/modules/UIBlocks/BeforeAfter/StatComparison.tsx(269,19): error TS2322: Type '"primary" | "secondary" | "neutral" | "divider" | "custom"' is not assignable to type '"primary" | "secondary" | "neutral" | "divider"'.
  Type '"custom"' is not assignable to type '"primary" | "secondary" | "neutral" | "divider"'.
src/modules/UIBlocks/BeforeAfter/StatComparison.tsx(291,19): error TS2322: Type '"primary" | "secondary" | "neutral" | "divider" | "custom"' is not assignable to type '"primary" | "secondary" | "neutral" | "divider"'.
  Type '"custom"' is not assignable to type '"primary" | "secondary" | "neutral" | "divider"'.
src/modules/UIBlocks/BeforeAfter/StatComparison.tsx(341,15): error TS2322: Type '"primary" | "secondary" | "neutral" | "divider" | "custom"' is not assignable to type '"primary" | "secondary" | "neutral" | "divider"'.
  Type '"custom"' is not assignable to type '"primary" | "secondary" | "neutral" | "divider"'.
src/modules/UIBlocks/BeforeAfter/StatComparison.tsx(400,17): error TS2322: Type '"primary" | "secondary" | "neutral" | "divider" | "custom"' is not assignable to type '"primary" | "secondary" | "neutral" | "divider"'.
  Type '"custom"' is not assignable to type '"primary" | "secondary" | "neutral" | "divider"'.
src/modules/UIBlocks/BeforeAfter/TextListTransformation.tsx(148,13): error TS2322: Type '"primary" | "secondary" | "neutral" | "divider" | "custom"' is not assignable to type '"primary" | "secondary" | "neutral" | "divider"'.
  Type '"custom"' is not assignable to type '"primary" | "secondary" | "neutral" | "divider"'.
src/modules/UIBlocks/BeforeAfter/TextListTransformation.tsx(162,15): error TS2322: Type '"primary" | "secondary" | "neutral" | "divider" | "custom"' is not assignable to type '"primary" | "secondary" | "neutral" | "divider"'.
  Type '"custom"' is not assignable to type '"primary" | "secondary" | "neutral" | "divider"'.
src/modules/UIBlocks/BeforeAfter/TextListTransformation.tsx(185,19): error TS2322: Type '"primary" | "secondary" | "neutral" | "divider" | "custom"' is not assignable to type '"primary" | "secondary" | "neutral" | "divider"'.
  Type '"custom"' is not assignable to type '"primary" | "secondary" | "neutral" | "divider"'.
src/modules/UIBlocks/BeforeAfter/TextListTransformation.tsx(207,19): error TS2322: Type '"primary" | "secondary" | "neutral" | "divider" | "custom"' is not assignable to type '"primary" | "secondary" | "neutral" | "divider"'.
  Type '"custom"' is not assignable to type '"primary" | "secondary" | "neutral" | "divider"'.
src/modules/UIBlocks/BeforeAfter/TextListTransformation.tsx(237,17): error TS2322: Type '"primary" | "secondary" | "neutral" | "divider" | "custom"' is not assignable to type '"primary" | "secondary" | "neutral" | "divider"'.
  Type '"custom"' is not assignable to type '"primary" | "secondary" | "neutral" | "divider"'.
src/modules/UIBlocks/BeforeAfter/TextListTransformation.tsx(257,19): error TS2322: Type '"primary" | "secondary" | "neutral" | "divider" | "custom"' is not assignable to type '"primary" | "secondary" | "neutral" | "divider"'.
  Type '"custom"' is not assignable to type '"primary" | "secondary" | "neutral" | "divider"'.
src/modules/UIBlocks/BeforeAfter/TextListTransformation.tsx(279,19): error TS2322: Type '"primary" | "secondary" | "neutral" | "divider" | "custom"' is not assignable to type '"primary" | "secondary" | "neutral" | "divider"'.
  Type '"custom"' is not assignable to type '"primary" | "secondary" | "neutral" | "divider"'.
src/modules/UIBlocks/BeforeAfter/TextListTransformation.tsx(310,15): error TS2322: Type '"primary" | "secondary" | "neutral" | "divider" | "custom"' is not assignable to type '"primary" | "secondary" | "neutral" | "divider"'.
  Type '"custom"' is not assignable to type '"primary" | "secondary" | "neutral" | "divider"'.
src/modules/UIBlocks/BeforeAfter/TextListTransformation.tsx(329,17): error TS2322: Type '"primary" | "secondary" | "neutral" | "divider" | "custom"' is not assignable to type '"primary" | "secondary" | "neutral" | "divider"'.
  Type '"custom"' is not assignable to type '"primary" | "secondary" | "neutral" | "divider"'.
src/modules/UIBlocks/BeforeAfter/VisualStoryline.tsx(219,41): error TS2554: Expected 0 arguments, but got 1.
src/modules/UIBlocks/BeforeAfter/VisualStoryline.tsx(219,42): error TS7006: Parameter 'state' implicitly has an 'any' type.
src/modules/UIBlocks/BeforeAfter/VisualStoryline.tsx(259,13): error TS2322: Type '"primary" | "secondary" | "neutral" | "divider" | "custom"' is not assignable to type '"primary" | "secondary" | "neutral" | "divider"'.
  Type '"custom"' is not assignable to type '"primary" | "secondary" | "neutral" | "divider"'.
src/modules/UIBlocks/BeforeAfter/VisualStoryline.tsx(273,15): error TS2322: Type '"primary" | "secondary" | "neutral" | "divider" | "custom"' is not assignable to type '"primary" | "secondary" | "neutral" | "divider"'.
  Type '"custom"' is not assignable to type '"primary" | "secondary" | "neutral" | "divider"'.
src/modules/UIBlocks/BeforeAfter/VisualStoryline.tsx(297,21): error TS2322: Type '"primary" | "secondary" | "neutral" | "divider" | "custom"' is not assignable to type '"primary" | "secondary" | "neutral" | "divider"'.
  Type '"custom"' is not assignable to type '"primary" | "secondary" | "neutral" | "divider"'.
src/modules/UIBlocks/BeforeAfter/VisualStoryline.tsx(312,21): error TS2322: Type '"primary" | "secondary" | "neutral" | "divider" | "custom"' is not assignable to type '"primary" | "secondary" | "neutral" | "divider"'.
  Type '"custom"' is not assignable to type '"primary" | "secondary" | "neutral" | "divider"'.
src/modules/UIBlocks/BeforeAfter/VisualStoryline.tsx(364,17): error TS2322: Type '"primary" | "secondary" | "neutral" | "divider" | "custom"' is not assignable to type '"primary" | "secondary" | "neutral" | "divider"'.
  Type '"custom"' is not assignable to type '"primary" | "secondary" | "neutral" | "divider"'.
src/modules/UIBlocks/Close/BonusStackCTA.tsx(170,13): error TS2322: Type '"primary" | "secondary" | "neutral" | "divider" | "custom"' is not assignable to type '"primary" | "secondary" | "neutral" | "divider"'.
  Type '"custom"' is not assignable to type '"primary" | "secondary" | "neutral" | "divider"'.
src/modules/UIBlocks/Close/BonusStackCTA.tsx(184,15): error TS2322: Type '"primary" | "secondary" | "neutral" | "divider" | "custom"' is not assignable to type '"primary" | "secondary" | "neutral" | "divider"'.
  Type '"custom"' is not assignable to type '"primary" | "secondary" | "neutral" | "divider"'.
src/modules/UIBlocks/Close/BonusStackCTA.tsx(213,19): error TS2322: Type '"primary" | "secondary" | "neutral" | "divider" | "custom"' is not assignable to type '"primary" | "secondary" | "neutral" | "divider"'.
  Type '"custom"' is not assignable to type '"primary" | "secondary" | "neutral" | "divider"'.
src/modules/UIBlocks/Close/BonusStackCTA.tsx(228,19): error TS2322: Type '"primary" | "secondary" | "neutral" | "divider" | "custom"' is not assignable to type '"primary" | "secondary" | "neutral" | "divider"'.
  Type '"custom"' is not assignable to type '"primary" | "secondary" | "neutral" | "divider"'.
src/modules/UIBlocks/Close/BonusStackCTA.tsx(243,19): error TS2322: Type '"primary" | "secondary" | "neutral" | "divider" | "custom"' is not assignable to type '"primary" | "secondary" | "neutral" | "divider"'.
  Type '"custom"' is not assignable to type '"primary" | "secondary" | "neutral" | "divider"'.
src/modules/UIBlocks/Close/BonusStackCTA.tsx(258,19): error TS2322: Type '"primary" | "secondary" | "neutral" | "divider" | "custom"' is not assignable to type '"primary" | "secondary" | "neutral" | "divider"'.
  Type '"custom"' is not assignable to type '"primary" | "secondary" | "neutral" | "divider"'.
src/modules/UIBlocks/Close/BonusStackCTA.tsx(401,17): error TS2322: Type '"primary" | "secondary" | "neutral" | "divider" | "custom"' is not assignable to type '"primary" | "secondary" | "neutral" | "divider"'.
  Type '"custom"' is not assignable to type '"primary" | "secondary" | "neutral" | "divider"'.
src/modules/UIBlocks/Close/EnterpriseContactBox.tsx(197,13): error TS2322: Type '"primary" | "secondary" | "neutral" | "divider" | "custom"' is not assignable to type '"primary" | "secondary" | "neutral" | "divider"'.
  Type '"custom"' is not assignable to type '"primary" | "secondary" | "neutral" | "divider"'.
src/modules/UIBlocks/Close/EnterpriseContactBox.tsx(211,15): error TS2322: Type '"primary" | "secondary" | "neutral" | "divider" | "custom"' is not assignable to type '"primary" | "secondary" | "neutral" | "divider"'.
  Type '"custom"' is not assignable to type '"primary" | "secondary" | "neutral" | "divider"'.
src/modules/UIBlocks/Close/EnterpriseContactBox.tsx(240,19): error TS2322: Type '"primary" | "secondary" | "neutral" | "divider" | "custom"' is not assignable to type '"primary" | "secondary" | "neutral" | "divider"'.
  Type '"custom"' is not assignable to type '"primary" | "secondary" | "neutral" | "divider"'.
src/modules/UIBlocks/Close/EnterpriseContactBox.tsx(255,19): error TS2322: Type '"primary" | "secondary" | "neutral" | "divider" | "custom"' is not assignable to type '"primary" | "secondary" | "neutral" | "divider"'.
  Type '"custom"' is not assignable to type '"primary" | "secondary" | "neutral" | "divider"'.
src/modules/UIBlocks/Close/EnterpriseContactBox.tsx(270,19): error TS2322: Type '"primary" | "secondary" | "neutral" | "divider" | "custom"' is not assignable to type '"primary" | "secondary" | "neutral" | "divider"'.
  Type '"custom"' is not assignable to type '"primary" | "secondary" | "neutral" | "divider"'.
src/modules/UIBlocks/Close/EnterpriseContactBox.tsx(285,19): error TS2322: Type '"primary" | "secondary" | "neutral" | "divider" | "custom"' is not assignable to type '"primary" | "secondary" | "neutral" | "divider"'.
  Type '"custom"' is not assignable to type '"primary" | "secondary" | "neutral" | "divider"'.
src/modules/UIBlocks/Close/EnterpriseContactBox.tsx(422,17): error TS2322: Type '"primary" | "secondary" | "neutral" | "divider" | "custom"' is not assignable to type '"primary" | "secondary" | "neutral" | "divider"'.
  Type '"custom"' is not assignable to type '"primary" | "secondary" | "neutral" | "divider"'.
src/modules/UIBlocks/Close/LeadMagnetCard.tsx(168,13): error TS2322: Type '"primary" | "secondary" | "neutral" | "divider" | "custom"' is not assignable to type '"primary" | "secondary" | "neutral" | "divider"'.
  Type '"custom"' is not assignable to type '"primary" | "secondary" | "neutral" | "divider"'.
src/modules/UIBlocks/Close/LeadMagnetCard.tsx(182,15): error TS2322: Type '"primary" | "secondary" | "neutral" | "divider" | "custom"' is not assignable to type '"primary" | "secondary" | "neutral" | "divider"'.
  Type '"custom"' is not assignable to type '"primary" | "secondary" | "neutral" | "divider"'.
src/modules/UIBlocks/Close/LeadMagnetCard.tsx(205,19): error TS2322: Type '"primary" | "secondary" | "neutral" | "divider" | "custom"' is not assignable to type '"primary" | "secondary" | "neutral" | "divider"'.
  Type '"custom"' is not assignable to type '"primary" | "secondary" | "neutral" | "divider"'.
src/modules/UIBlocks/Close/LeadMagnetCard.tsx(220,19): error TS2322: Type '"primary" | "secondary" | "neutral" | "divider" | "custom"' is not assignable to type '"primary" | "secondary" | "neutral" | "divider"'.
  Type '"custom"' is not assignable to type '"primary" | "secondary" | "neutral" | "divider"'.
src/modules/UIBlocks/Close/LeadMagnetCard.tsx(235,19): error TS2322: Type '"primary" | "secondary" | "neutral" | "divider" | "custom"' is not assignable to type '"primary" | "secondary" | "neutral" | "divider"'.
  Type '"custom"' is not assignable to type '"primary" | "secondary" | "neutral" | "divider"'.
src/modules/UIBlocks/Close/LeadMagnetCard.tsx(250,19): error TS2322: Type '"primary" | "secondary" | "neutral" | "divider" | "custom"' is not assignable to type '"primary" | "secondary" | "neutral" | "divider"'.
  Type '"custom"' is not assignable to type '"primary" | "secondary" | "neutral" | "divider"'.
src/modules/UIBlocks/Close/LeadMagnetCard.tsx(423,17): error TS2322: Type '"primary" | "secondary" | "neutral" | "divider" | "custom"' is not assignable to type '"primary" | "secondary" | "neutral" | "divider"'.
  Type '"custom"' is not assignable to type '"primary" | "secondary" | "neutral" | "divider"'.
src/modules/UIBlocks/Close/LivePreviewEmbed.tsx(257,13): error TS2322: Type '"primary" | "secondary" | "neutral" | "divider" | "custom"' is not assignable to type '"primary" | "secondary" | "neutral" | "divider"'.
  Type '"custom"' is not assignable to type '"primary" | "secondary" | "neutral" | "divider"'.
src/modules/UIBlocks/Close/LivePreviewEmbed.tsx(271,15): error TS2322: Type '"primary" | "secondary" | "neutral" | "divider" | "custom"' is not assignable to type '"primary" | "secondary" | "neutral" | "divider"'.
  Type '"custom"' is not assignable to type '"primary" | "secondary" | "neutral" | "divider"'.
src/modules/UIBlocks/Close/LivePreviewEmbed.tsx(300,19): error TS2322: Type '"primary" | "secondary" | "neutral" | "divider" | "custom"' is not assignable to type '"primary" | "secondary" | "neutral" | "divider"'.
  Type '"custom"' is not assignable to type '"primary" | "secondary" | "neutral" | "divider"'.
src/modules/UIBlocks/Close/LivePreviewEmbed.tsx(315,19): error TS2322: Type '"primary" | "secondary" | "neutral" | "divider" | "custom"' is not assignable to type '"primary" | "secondary" | "neutral" | "divider"'.
  Type '"custom"' is not assignable to type '"primary" | "secondary" | "neutral" | "divider"'.
src/modules/UIBlocks/Close/LivePreviewEmbed.tsx(330,19): error TS2322: Type '"primary" | "secondary" | "neutral" | "divider" | "custom"' is not assignable to type '"primary" | "secondary" | "neutral" | "divider"'.
  Type '"custom"' is not assignable to type '"primary" | "secondary" | "neutral" | "divider"'.
src/modules/UIBlocks/Close/LivePreviewEmbed.tsx(345,19): error TS2322: Type '"primary" | "secondary" | "neutral" | "divider" | "custom"' is not assignable to type '"primary" | "secondary" | "neutral" | "divider"'.
  Type '"custom"' is not assignable to type '"primary" | "secondary" | "neutral" | "divider"'.
src/modules/UIBlocks/Close/LivePreviewEmbed.tsx(509,17): error TS2322: Type '"primary" | "secondary" | "neutral" | "divider" | "custom"' is not assignable to type '"primary" | "secondary" | "neutral" | "divider"'.
  Type '"custom"' is not assignable to type '"primary" | "secondary" | "neutral" | "divider"'.
src/modules/UIBlocks/Close/MockupWithCTA.tsx(165,15): error TS2322: Type '"primary" | "secondary" | "neutral" | "divider" | "custom"' is not assignable to type '"primary" | "secondary" | "neutral" | "divider"'.
  Type '"custom"' is not assignable to type '"primary" | "secondary" | "neutral" | "divider"'.
src/modules/UIBlocks/Close/MockupWithCTA.tsx(180,17): error TS2322: Type '"primary" | "secondary" | "neutral" | "divider" | "custom"' is not assignable to type '"primary" | "secondary" | "neutral" | "divider"'.
  Type '"custom"' is not assignable to type '"primary" | "secondary" | "neutral" | "divider"'.
src/modules/UIBlocks/Close/MockupWithCTA.tsx(213,19): error TS2322: Type '"primary" | "secondary" | "neutral" | "divider" | "custom"' is not assignable to type '"primary" | "secondary" | "neutral" | "divider"'.
  Type '"custom"' is not assignable to type '"primary" | "secondary" | "neutral" | "divider"'.
src/modules/UIBlocks/Close/MockupWithCTA.tsx(231,19): error TS2322: Type '"primary" | "secondary" | "neutral" | "divider" | "custom"' is not assignable to type '"primary" | "secondary" | "neutral" | "divider"'.
  Type '"custom"' is not assignable to type '"primary" | "secondary" | "neutral" | "divider"'.
src/modules/UIBlocks/Close/MultistepCTAStack.tsx(269,13): error TS2322: Type '"primary" | "secondary" | "neutral" | "divider" | "custom"' is not assignable to type '"primary" | "secondary" | "neutral" | "divider"'.
  Type '"custom"' is not assignable to type '"primary" | "secondary" | "neutral" | "divider"'.
src/modules/UIBlocks/Close/MultistepCTAStack.tsx(283,15): error TS2322: Type '"primary" | "secondary" | "neutral" | "divider" | "custom"' is not assignable to type '"primary" | "secondary" | "neutral" | "divider"'.
  Type '"custom"' is not assignable to type '"primary" | "secondary" | "neutral" | "divider"'.
src/modules/UIBlocks/Close/MultistepCTAStack.tsx(306,19): error TS2322: Type '"primary" | "secondary" | "neutral" | "divider" | "custom"' is not assignable to type '"primary" | "secondary" | "neutral" | "divider"'.
  Type '"custom"' is not assignable to type '"primary" | "secondary" | "neutral" | "divider"'.
src/modules/UIBlocks/Close/MultistepCTAStack.tsx(321,19): error TS2322: Type '"primary" | "secondary" | "neutral" | "divider" | "custom"' is not assignable to type '"primary" | "secondary" | "neutral" | "divider"'.
  Type '"custom"' is not assignable to type '"primary" | "secondary" | "neutral" | "divider"'.
src/modules/UIBlocks/Close/MultistepCTAStack.tsx(336,19): error TS2322: Type '"primary" | "secondary" | "neutral" | "divider" | "custom"' is not assignable to type '"primary" | "secondary" | "neutral" | "divider"'.
  Type '"custom"' is not assignable to type '"primary" | "secondary" | "neutral" | "divider"'.
src/modules/UIBlocks/Close/MultistepCTAStack.tsx(351,19): error TS2322: Type '"primary" | "secondary" | "neutral" | "divider" | "custom"' is not assignable to type '"primary" | "secondary" | "neutral" | "divider"'.
  Type '"custom"' is not assignable to type '"primary" | "secondary" | "neutral" | "divider"'.
src/modules/UIBlocks/Close/MultistepCTAStack.tsx(503,17): error TS2322: Type '"primary" | "secondary" | "neutral" | "divider" | "custom"' is not assignable to type '"primary" | "secondary" | "neutral" | "divider"'.
  Type '"custom"' is not assignable to type '"primary" | "secondary" | "neutral" | "divider"'.
src/modules/UIBlocks/Close/SideBySideOfferCards.tsx(237,13): error TS2322: Type '"primary" | "secondary" | "neutral" | "divider" | "custom"' is not assignable to type '"primary" | "secondary" | "neutral" | "divider"'.
  Type '"custom"' is not assignable to type '"primary" | "secondary" | "neutral" | "divider"'.
src/modules/UIBlocks/Close/SideBySideOfferCards.tsx(251,15): error TS2322: Type '"primary" | "secondary" | "neutral" | "divider" | "custom"' is not assignable to type '"primary" | "secondary" | "neutral" | "divider"'.
  Type '"custom"' is not assignable to type '"primary" | "secondary" | "neutral" | "divider"'.
src/modules/UIBlocks/Close/SideBySideOfferCards.tsx(274,19): error TS2322: Type '"primary" | "secondary" | "neutral" | "divider" | "custom"' is not assignable to type '"primary" | "secondary" | "neutral" | "divider"'.
  Type '"custom"' is not assignable to type '"primary" | "secondary" | "neutral" | "divider"'.
src/modules/UIBlocks/Close/SideBySideOfferCards.tsx(289,19): error TS2322: Type '"primary" | "secondary" | "neutral" | "divider" | "custom"' is not assignable to type '"primary" | "secondary" | "neutral" | "divider"'.
  Type '"custom"' is not assignable to type '"primary" | "secondary" | "neutral" | "divider"'.
src/modules/UIBlocks/Close/SideBySideOfferCards.tsx(304,19): error TS2322: Type '"primary" | "secondary" | "neutral" | "divider" | "custom"' is not assignable to type '"primary" | "secondary" | "neutral" | "divider"'.
  Type '"custom"' is not assignable to type '"primary" | "secondary" | "neutral" | "divider"'.
src/modules/UIBlocks/Close/SideBySideOfferCards.tsx(319,19): error TS2322: Type '"primary" | "secondary" | "neutral" | "divider" | "custom"' is not assignable to type '"primary" | "secondary" | "neutral" | "divider"'.
  Type '"custom"' is not assignable to type '"primary" | "secondary" | "neutral" | "divider"'.
src/modules/UIBlocks/Close/SideBySideOfferCards.tsx(486,17): error TS2322: Type '"primary" | "secondary" | "neutral" | "divider" | "custom"' is not assignable to type '"primary" | "secondary" | "neutral" | "divider"'.
  Type '"custom"' is not assignable to type '"primary" | "secondary" | "neutral" | "divider"'.
src/modules/UIBlocks/Close/ValueReinforcementBlock.tsx(241,13): error TS2322: Type '"primary" | "secondary" | "neutral" | "divider" | "custom"' is not assignable to type '"primary" | "secondary" | "neutral" | "divider"'.
  Type '"custom"' is not assignable to type '"primary" | "secondary" | "neutral" | "divider"'.
src/modules/UIBlocks/Close/ValueReinforcementBlock.tsx(255,15): error TS2322: Type '"primary" | "secondary" | "neutral" | "divider" | "custom"' is not assignable to type '"primary" | "secondary" | "neutral" | "divider"'.
  Type '"custom"' is not assignable to type '"primary" | "secondary" | "neutral" | "divider"'.
src/modules/UIBlocks/Close/ValueReinforcementBlock.tsx(284,19): error TS2322: Type '"primary" | "secondary" | "neutral" | "divider" | "custom"' is not assignable to type '"primary" | "secondary" | "neutral" | "divider"'.
  Type '"custom"' is not assignable to type '"primary" | "secondary" | "neutral" | "divider"'.
src/modules/UIBlocks/Close/ValueReinforcementBlock.tsx(299,19): error TS2322: Type '"primary" | "secondary" | "neutral" | "divider" | "custom"' is not assignable to type '"primary" | "secondary" | "neutral" | "divider"'.
  Type '"custom"' is not assignable to type '"primary" | "secondary" | "neutral" | "divider"'.
src/modules/UIBlocks/Close/ValueReinforcementBlock.tsx(314,19): error TS2322: Type '"primary" | "secondary" | "neutral" | "divider" | "custom"' is not assignable to type '"primary" | "secondary" | "neutral" | "divider"'.
  Type '"custom"' is not assignable to type '"primary" | "secondary" | "neutral" | "divider"'.
src/modules/UIBlocks/Close/ValueReinforcementBlock.tsx(329,19): error TS2322: Type '"primary" | "secondary" | "neutral" | "divider" | "custom"' is not assignable to type '"primary" | "secondary" | "neutral" | "divider"'.
  Type '"custom"' is not assignable to type '"primary" | "secondary" | "neutral" | "divider"'.
src/modules/UIBlocks/Close/ValueReinforcementBlock.tsx(444,17): error TS2322: Type '"primary" | "secondary" | "neutral" | "divider" | "custom"' is not assignable to type '"primary" | "secondary" | "neutral" | "divider"'.
  Type '"custom"' is not assignable to type '"primary" | "secondary" | "neutral" | "divider"'.
src/modules/UIBlocks/Comparison/AnimatedUpgradePath.tsx(130,13): error TS2322: Type '{ content: string; mode: any; onUpdate: (value: any) => void; className: string; fonts: any; colorTokens: any; variant: string; }' is not assignable to type 'IntrinsicAttributes & Omit<EditableContentProps, "element"> & { level?: "h1" | "h2" | "h3" | "h4" | undefined; backgroundType: "primary" | ... 2 more ... | "divider"; ... 5 more ...; autoSave?: Partial<...> | undefined; }'.
  Property 'content' does not exist on type 'IntrinsicAttributes & Omit<EditableContentProps, "element"> & { level?: "h1" | "h2" | "h3" | "h4" | undefined; backgroundType: "primary" | ... 2 more ... | "divider"; ... 5 more ...; autoSave?: Partial<...> | undefined; }'.
src/modules/UIBlocks/Comparison/AnimatedUpgradePath.tsx(132,24): error TS7006: Parameter 'value' implicitly has an 'any' type.
src/modules/UIBlocks/Comparison/AnimatedUpgradePath.tsx(134,20): error TS2304: Cannot find name 'fonts'.
src/modules/UIBlocks/Comparison/AnimatedUpgradePath.tsx(143,26): error TS7006: Parameter 'value' implicitly has an 'any' type.
src/modules/UIBlocks/Comparison/AnimatedUpgradePath.tsx(145,22): error TS2304: Cannot find name 'fonts'.
src/modules/UIBlocks/Comparison/AnimatedUpgradePath.tsx(147,15): error TS2322: Type '"body-lg"' is not assignable to type '"body" | "muted" | undefined'.
src/modules/UIBlocks/Comparison/AnimatedUpgradePath.tsx(180,30): error TS2304: Cannot find name 'fonts'.
src/modules/UIBlocks/Comparison/AnimatedUpgradePath.tsx(185,32): error TS2304: Cannot find name 'fonts'.
src/modules/UIBlocks/Comparison/AnimatedUpgradePath.tsx(235,28): error TS7006: Parameter 'value' implicitly has an 'any' type.
src/modules/UIBlocks/Comparison/AnimatedUpgradePath.tsx(237,24): error TS2304: Cannot find name 'fonts'.
src/modules/UIBlocks/Comparison/AnimatedUpgradePath.tsx(239,17): error TS2322: Type '"button"' is not assignable to type '"body" | "muted" | undefined'.
src/modules/UIBlocks/Comparison/BasicFeatureGrid.tsx(170,13): error TS2322: Type '"primary" | "secondary" | "neutral" | "divider" | "custom"' is not assignable to type '"primary" | "secondary" | "neutral" | "divider"'.
  Type '"custom"' is not assignable to type '"primary" | "secondary" | "neutral" | "divider"'.
src/modules/UIBlocks/Comparison/BasicFeatureGrid.tsx(188,15): error TS2322: Type '"primary" | "secondary" | "neutral" | "divider" | "custom"' is not assignable to type '"primary" | "secondary" | "neutral" | "divider"'.
  Type '"custom"' is not assignable to type '"primary" | "secondary" | "neutral" | "divider"'.
src/modules/UIBlocks/Comparison/CheckmarkComparison.tsx(101,13): error TS2322: Type '"primary" | "secondary" | "neutral" | "divider" | "custom"' is not assignable to type '"primary" | "secondary" | "neutral" | "divider"'.
  Type '"custom"' is not assignable to type '"primary" | "secondary" | "neutral" | "divider"'.
src/modules/UIBlocks/Comparison/CheckmarkComparison.tsx(115,15): error TS2322: Type '"primary" | "secondary" | "neutral" | "divider" | "custom"' is not assignable to type '"primary" | "secondary" | "neutral" | "divider"'.
  Type '"custom"' is not assignable to type '"primary" | "secondary" | "neutral" | "divider"'.
src/modules/UIBlocks/Comparison/CompetitorCallouts.tsx(102,13): error TS2322: Type '{ content: string; mode: any; onUpdate: (value: any) => void; className: string; fonts: any; colorTokens: any; variant: string; }' is not assignable to type 'IntrinsicAttributes & Omit<EditableContentProps, "element"> & { level?: "h1" | "h2" | "h3" | "h4" | undefined; backgroundType: "primary" | ... 2 more ... | "divider"; ... 5 more ...; autoSave?: Partial<...> | undefined; }'.
  Property 'content' does not exist on type 'IntrinsicAttributes & Omit<EditableContentProps, "element"> & { level?: "h1" | "h2" | "h3" | "h4" | undefined; backgroundType: "primary" | ... 2 more ... | "divider"; ... 5 more ...; autoSave?: Partial<...> | undefined; }'.
src/modules/UIBlocks/Comparison/CompetitorCallouts.tsx(104,24): error TS7006: Parameter 'value' implicitly has an 'any' type.
src/modules/UIBlocks/Comparison/CompetitorCallouts.tsx(106,20): error TS2304: Cannot find name 'fonts'.
src/modules/UIBlocks/Comparison/CompetitorCallouts.tsx(115,26): error TS7006: Parameter 'value' implicitly has an 'any' type.
src/modules/UIBlocks/Comparison/CompetitorCallouts.tsx(117,22): error TS2304: Cannot find name 'fonts'.
src/modules/UIBlocks/Comparison/CompetitorCallouts.tsx(119,15): error TS2322: Type '"body-lg"' is not assignable to type '"body" | "muted" | undefined'.
src/modules/UIBlocks/Comparison/CompetitorCallouts.tsx(140,30): error TS2304: Cannot find name 'fonts'.
src/modules/UIBlocks/Comparison/CompetitorCallouts.tsx(143,100): error TS2304: Cannot find name 'fonts'.
src/modules/UIBlocks/Comparison/CompetitorCallouts.tsx(177,89): error TS2304: Cannot find name 'fonts'.
src/modules/UIBlocks/Comparison/CompetitorCallouts.tsx(213,17): error TS2322: Type '{ content: string; mode: any; onUpdate: (value: any) => void; className: string; fonts: any; colorTokens: any; variant: "body"; }' is not assignable to type 'IntrinsicAttributes & Omit<EditableContentProps, "element"> & { backgroundType: "primary" | "secondary" | "neutral" | "divider"; ... 6 more ...; autoSave?: Partial<...> | undefined; }'.
  Property 'content' does not exist on type 'IntrinsicAttributes & Omit<EditableContentProps, "element"> & { backgroundType: "primary" | "secondary" | "neutral" | "divider"; ... 6 more ...; autoSave?: Partial<...> | undefined; }'.
src/modules/UIBlocks/Comparison/CompetitorCallouts.tsx(215,28): error TS7006: Parameter 'value' implicitly has an 'any' type.
src/modules/UIBlocks/Comparison/CompetitorCallouts.tsx(217,24): error TS2304: Cannot find name 'fonts'.
src/modules/UIBlocks/Comparison/LiteVsProVsEnterprise.tsx(136,13): error TS2322: Type '{ content: string; mode: any; onUpdate: (value: any) => void; className: string; fonts: any; colorTokens: any; variant: string; }' is not assignable to type 'IntrinsicAttributes & Omit<EditableContentProps, "element"> & { level?: "h1" | "h2" | "h3" | "h4" | undefined; backgroundType: "primary" | ... 2 more ... | "divider"; ... 5 more ...; autoSave?: Partial<...> | undefined; }'.
  Property 'content' does not exist on type 'IntrinsicAttributes & Omit<EditableContentProps, "element"> & { level?: "h1" | "h2" | "h3" | "h4" | undefined; backgroundType: "primary" | ... 2 more ... | "divider"; ... 5 more ...; autoSave?: Partial<...> | undefined; }'.
src/modules/UIBlocks/Comparison/LiteVsProVsEnterprise.tsx(138,24): error TS7006: Parameter 'value' implicitly has an 'any' type.
src/modules/UIBlocks/Comparison/LiteVsProVsEnterprise.tsx(140,20): error TS2304: Cannot find name 'fonts'.
src/modules/UIBlocks/Comparison/LiteVsProVsEnterprise.tsx(149,26): error TS7006: Parameter 'value' implicitly has an 'any' type.
src/modules/UIBlocks/Comparison/LiteVsProVsEnterprise.tsx(151,22): error TS2304: Cannot find name 'fonts'.
src/modules/UIBlocks/Comparison/LiteVsProVsEnterprise.tsx(153,15): error TS2322: Type '"body-lg"' is not assignable to type '"body" | "muted" | undefined'.
src/modules/UIBlocks/Comparison/LiteVsProVsEnterprise.tsx(184,28): error TS2304: Cannot find name 'fonts'.
src/modules/UIBlocks/Comparison/LiteVsProVsEnterprise.tsx(187,95): error TS2304: Cannot find name 'fonts'.
src/modules/UIBlocks/Comparison/LiteVsProVsEnterprise.tsx(265,30): error TS2304: Cannot find name 'fonts'.
src/modules/UIBlocks/Comparison/LiteVsProVsEnterprise.tsx(268,34): error TS2304: Cannot find name 'fonts'.
src/modules/UIBlocks/Comparison/PersonaUseCaseCompare.tsx(249,39): error TS2345: Argument of type '"button"' is not assignable to parameter of type '"body" | "hero" | "caption" | "h1" | "h2" | "h3" | "display" | "body-lg" | "body-sm"'.
src/modules/UIBlocks/Comparison/ToggleableComparison.tsx(99,13): error TS2322: Type '{ content: string; mode: any; onUpdate: (value: any) => void; className: string; fonts: any; colorTokens: any; variant: string; }' is not assignable to type 'IntrinsicAttributes & Omit<EditableContentProps, "element"> & { level?: "h1" | "h2" | "h3" | "h4" | undefined; backgroundType: "primary" | ... 2 more ... | "divider"; ... 5 more ...; autoSave?: Partial<...> | undefined; }'.
  Property 'content' does not exist on type 'IntrinsicAttributes & Omit<EditableContentProps, "element"> & { level?: "h1" | "h2" | "h3" | "h4" | undefined; backgroundType: "primary" | ... 2 more ... | "divider"; ... 5 more ...; autoSave?: Partial<...> | undefined; }'.
src/modules/UIBlocks/Comparison/ToggleableComparison.tsx(101,24): error TS7006: Parameter 'value' implicitly has an 'any' type.
src/modules/UIBlocks/Comparison/ToggleableComparison.tsx(103,20): error TS2304: Cannot find name 'fonts'.
src/modules/UIBlocks/Comparison/ToggleableComparison.tsx(112,26): error TS7006: Parameter 'value' implicitly has an 'any' type.
src/modules/UIBlocks/Comparison/ToggleableComparison.tsx(114,22): error TS2304: Cannot find name 'fonts'.
src/modules/UIBlocks/Comparison/ToggleableComparison.tsx(116,15): error TS2322: Type '"body-lg"' is not assignable to type '"body" | "muted" | undefined'.
src/modules/UIBlocks/Comparison/ToggleableComparison.tsx(166,26): error TS2304: Cannot find name 'fonts'.
src/modules/UIBlocks/Comparison/ToggleableComparison.tsx(210,26): error TS2304: Cannot find name 'fonts'.
src/modules/UIBlocks/Comparison/YouVsThemHighlight.tsx(104,13): error TS2322: Type '"primary" | "secondary" | "neutral" | "divider" | "custom"' is not assignable to type '"primary" | "secondary" | "neutral" | "divider"'.
  Type '"custom"' is not assignable to type '"primary" | "secondary" | "neutral" | "divider"'.
src/modules/UIBlocks/Comparison/YouVsThemHighlight.tsx(118,15): error TS2322: Type '"primary" | "secondary" | "neutral" | "divider" | "custom"' is not assignable to type '"primary" | "secondary" | "neutral" | "divider"'.
  Type '"custom"' is not assignable to type '"primary" | "secondary" | "neutral" | "divider"'.
src/modules/UIBlocks/Comparison/YouVsThemHighlight.tsx(144,17): error TS2322: Type '"primary" | "secondary" | "neutral" | "divider" | "custom"' is not assignable to type '"primary" | "secondary" | "neutral" | "divider"'.
  Type '"custom"' is not assignable to type '"primary" | "secondary" | "neutral" | "divider"'.
src/modules/UIBlocks/Comparison/YouVsThemHighlight.tsx(188,17): error TS2322: Type '"primary" | "secondary" | "neutral" | "divider" | "custom"' is not assignable to type '"primary" | "secondary" | "neutral" | "divider"'.
  Type '"custom"' is not assignable to type '"primary" | "secondary" | "neutral" | "divider"'.
src/modules/UIBlocks/Comparison/YouVsThemHighlight.tsx(228,17): error TS2322: Type '"primary" | "secondary" | "neutral" | "divider" | "custom"' is not assignable to type '"primary" | "secondary" | "neutral" | "divider"'.
  Type '"custom"' is not assignable to type '"primary" | "secondary" | "neutral" | "divider"'.
src/modules/UIBlocks/FAQ/AccordionFAQ.tsx(222,13): error TS2322: Type '"primary" | "secondary" | "neutral" | "divider" | "custom"' is not assignable to type '"primary" | "secondary" | "neutral" | "divider"'.
  Type '"custom"' is not assignable to type '"primary" | "secondary" | "neutral" | "divider"'.
src/modules/UIBlocks/FAQ/AccordionFAQ.tsx(240,15): error TS2322: Type '"primary" | "secondary" | "neutral" | "divider" | "custom"' is not assignable to type '"primary" | "secondary" | "neutral" | "divider"'.
  Type '"custom"' is not assignable to type '"primary" | "secondary" | "neutral" | "divider"'.
src/modules/UIBlocks/FAQ/AccordionFAQ.tsx(266,15): error TS2322: Type '(variant: keyof typeof landingTypography) => { fontFamily: string; fontSize: string; fontWeight: string; lineHeight: string; letterSpacing: string; } | { fontFamily: string; fontSize: string; fontWeight: string; lineHeight: string; letterSpacing: string; } | ... 6 more ... | { ...; }' is not assignable to type '(variant: "body" | "hero" | "caption" | "h1" | "h2" | "h3" | "h4" | "display" | "body-lg" | "body-sm") => CSSProperties'.
  Types of parameters 'variant' and 'variant' are incompatible.
    Type '"body" | "hero" | "caption" | "h1" | "h2" | "h3" | "h4" | "display" | "body-lg" | "body-sm"' is not assignable to type '"body" | "hero" | "caption" | "h1" | "h2" | "h3" | "display" | "body-lg" | "body-sm"'.
      Type '"h4"' is not assignable to type '"body" | "hero" | "caption" | "h1" | "h2" | "h3" | "display" | "body-lg" | "body-sm"'.
src/modules/UIBlocks/FAQ/ChatBubbleFAQ.tsx(90,13): error TS2322: Type '"primary" | "secondary" | "neutral" | "divider" | "custom"' is not assignable to type '"primary" | "secondary" | "neutral" | "divider"'.
  Type '"custom"' is not assignable to type '"primary" | "secondary" | "neutral" | "divider"'.
src/modules/UIBlocks/FAQ/ChatBubbleFAQ.tsx(104,15): error TS2322: Type '"primary" | "secondary" | "neutral" | "divider" | "custom"' is not assignable to type '"primary" | "secondary" | "neutral" | "divider"'.
  Type '"custom"' is not assignable to type '"primary" | "secondary" | "neutral" | "divider"'.
src/modules/UIBlocks/FAQ/IconWithAnswers.tsx(88,13): error TS2322: Type '"primary" | "secondary" | "neutral" | "divider" | "custom"' is not assignable to type '"primary" | "secondary" | "neutral" | "divider"'.
  Type '"custom"' is not assignable to type '"primary" | "secondary" | "neutral" | "divider"'.
src/modules/UIBlocks/FAQ/IconWithAnswers.tsx(102,15): error TS2322: Type '"primary" | "secondary" | "neutral" | "divider" | "custom"' is not assignable to type '"primary" | "secondary" | "neutral" | "divider"'.
  Type '"custom"' is not assignable to type '"primary" | "secondary" | "neutral" | "divider"'.
src/modules/UIBlocks/FAQ/InlineQnAList.tsx(79,13): error TS2322: Type '"primary" | "secondary" | "neutral" | "divider" | "custom"' is not assignable to type '"primary" | "secondary" | "neutral" | "divider"'.
  Type '"custom"' is not assignable to type '"primary" | "secondary" | "neutral" | "divider"'.
src/modules/UIBlocks/FAQ/InlineQnAList.tsx(93,15): error TS2322: Type '"primary" | "secondary" | "neutral" | "divider" | "custom"' is not assignable to type '"primary" | "secondary" | "neutral" | "divider"'.
  Type '"custom"' is not assignable to type '"primary" | "secondary" | "neutral" | "divider"'.
src/modules/UIBlocks/FAQ/QuoteStyleAnswers.tsx(96,13): error TS2322: Type '"primary" | "secondary" | "neutral" | "divider" | "custom"' is not assignable to type '"primary" | "secondary" | "neutral" | "divider"'.
  Type '"custom"' is not assignable to type '"primary" | "secondary" | "neutral" | "divider"'.
src/modules/UIBlocks/FAQ/QuoteStyleAnswers.tsx(110,15): error TS2322: Type '"primary" | "secondary" | "neutral" | "divider" | "custom"' is not assignable to type '"primary" | "secondary" | "neutral" | "divider"'.
  Type '"custom"' is not assignable to type '"primary" | "secondary" | "neutral" | "divider"'.
src/modules/UIBlocks/FAQ/SegmentedFAQTabs.tsx(120,13): error TS2322: Type '"primary" | "secondary" | "neutral" | "divider" | "custom"' is not assignable to type '"primary" | "secondary" | "neutral" | "divider"'.
  Type '"custom"' is not assignable to type '"primary" | "secondary" | "neutral" | "divider"'.
src/modules/UIBlocks/FAQ/SegmentedFAQTabs.tsx(134,15): error TS2322: Type '"primary" | "secondary" | "neutral" | "divider" | "custom"' is not assignable to type '"primary" | "secondary" | "neutral" | "divider"'.
  Type '"custom"' is not assignable to type '"primary" | "secondary" | "neutral" | "divider"'.
src/modules/UIBlocks/FAQ/TestimonialFAQs.tsx(104,13): error TS2322: Type '"primary" | "secondary" | "neutral" | "divider" | "custom"' is not assignable to type '"primary" | "secondary" | "neutral" | "divider"'.
  Type '"custom"' is not assignable to type '"primary" | "secondary" | "neutral" | "divider"'.
src/modules/UIBlocks/FAQ/TestimonialFAQs.tsx(118,15): error TS2322: Type '"primary" | "secondary" | "neutral" | "divider" | "custom"' is not assignable to type '"primary" | "secondary" | "neutral" | "divider"'.
  Type '"custom"' is not assignable to type '"primary" | "secondary" | "neutral" | "divider"'.
src/modules/UIBlocks/FAQ/TwoColumnFAQ.tsx(95,13): error TS2322: Type '"primary" | "secondary" | "neutral" | "divider" | "custom"' is not assignable to type '"primary" | "secondary" | "neutral" | "divider"'.
  Type '"custom"' is not assignable to type '"primary" | "secondary" | "neutral" | "divider"'.
src/modules/UIBlocks/FAQ/TwoColumnFAQ.tsx(109,15): error TS2322: Type '"primary" | "secondary" | "neutral" | "divider" | "custom"' is not assignable to type '"primary" | "secondary" | "neutral" | "divider"'.
  Type '"custom"' is not assignable to type '"primary" | "secondary" | "neutral" | "divider"'.
src/modules/UIBlocks/Features/Carousel.tsx(85,5): error TS2322: Type '{ headline: { type: "string"; default: string; }; feature_titles: { type: "string"; default: string; }; feature_descriptions: { type: "string"; default: string; }; feature_visuals: { type: "string"; default: string; }; ... 5 more ...; trust_items: { ...; }; }' is not assignable to type 'Record<string, { type: "string" | "array"; default: string; }>'.
  Property 'auto_play' is incompatible with index signature.
    Type '{ type: "boolean"; default: boolean; }' is not assignable to type '{ type: "string" | "array"; default: string; }'.
      Types of property 'type' are incompatible.
        Type '"boolean"' is not assignable to type '"string" | "array"'.
src/modules/UIBlocks/Features/Carousel.tsx(129,41): error TS2554: Expected 0 arguments, but got 1.
src/modules/UIBlocks/Features/Carousel.tsx(129,42): error TS7006: Parameter 'state' implicitly has an 'any' type.
src/modules/UIBlocks/Features/Carousel.tsx(179,13): error TS2322: Type '"primary" | "secondary" | "neutral" | "divider" | "custom"' is not assignable to type '"primary" | "secondary" | "neutral" | "divider"'.
  Type '"custom"' is not assignable to type '"primary" | "secondary" | "neutral" | "divider"'.
src/modules/UIBlocks/Features/Carousel.tsx(193,15): error TS2322: Type '"primary" | "secondary" | "neutral" | "divider" | "custom"' is not assignable to type '"primary" | "secondary" | "neutral" | "divider"'.
  Type '"custom"' is not assignable to type '"primary" | "secondary" | "neutral" | "divider"'.
src/modules/UIBlocks/Features/Carousel.tsx(216,19): error TS2322: Type '"primary" | "secondary" | "neutral" | "divider" | "custom"' is not assignable to type '"primary" | "secondary" | "neutral" | "divider"'.
  Type '"custom"' is not assignable to type '"primary" | "secondary" | "neutral" | "divider"'.
src/modules/UIBlocks/Features/Carousel.tsx(231,19): error TS2322: Type '"primary" | "secondary" | "neutral" | "divider" | "custom"' is not assignable to type '"primary" | "secondary" | "neutral" | "divider"'.
  Type '"custom"' is not assignable to type '"primary" | "secondary" | "neutral" | "divider"'.
src/modules/UIBlocks/Features/Carousel.tsx(246,19): error TS2322: Type '"primary" | "secondary" | "neutral" | "divider" | "custom"' is not assignable to type '"primary" | "secondary" | "neutral" | "divider"'.
  Type '"custom"' is not assignable to type '"primary" | "secondary" | "neutral" | "divider"'.
src/modules/UIBlocks/Features/Carousel.tsx(394,17): error TS2322: Type '"primary" | "secondary" | "neutral" | "divider" | "custom"' is not assignable to type '"primary" | "secondary" | "neutral" | "divider"'.
  Type '"custom"' is not assignable to type '"primary" | "secondary" | "neutral" | "divider"'.
src/modules/UIBlocks/Features/FeatureTestimonial.tsx(229,41): error TS2554: Expected 0 arguments, but got 1.
src/modules/UIBlocks/Features/FeatureTestimonial.tsx(229,42): error TS7006: Parameter 'state' implicitly has an 'any' type.
src/modules/UIBlocks/Features/FeatureTestimonial.tsx(248,13): error TS2322: Type '"primary" | "secondary" | "neutral" | "divider" | "custom"' is not assignable to type '"primary" | "secondary" | "neutral" | "divider"'.
  Type '"custom"' is not assignable to type '"primary" | "secondary" | "neutral" | "divider"'.
src/modules/UIBlocks/Features/FeatureTestimonial.tsx(262,15): error TS2322: Type '"primary" | "secondary" | "neutral" | "divider" | "custom"' is not assignable to type '"primary" | "secondary" | "neutral" | "divider"'.
  Type '"custom"' is not assignable to type '"primary" | "secondary" | "neutral" | "divider"'.
src/modules/UIBlocks/Features/FeatureTestimonial.tsx(285,19): error TS2322: Type '"primary" | "secondary" | "neutral" | "divider" | "custom"' is not assignable to type '"primary" | "secondary" | "neutral" | "divider"'.
  Type '"custom"' is not assignable to type '"primary" | "secondary" | "neutral" | "divider"'.
src/modules/UIBlocks/Features/FeatureTestimonial.tsx(300,19): error TS2322: Type '"primary" | "secondary" | "neutral" | "divider" | "custom"' is not assignable to type '"primary" | "secondary" | "neutral" | "divider"'.
  Type '"custom"' is not assignable to type '"primary" | "secondary" | "neutral" | "divider"'.
src/modules/UIBlocks/Features/FeatureTestimonial.tsx(315,19): error TS2322: Type '"primary" | "secondary" | "neutral" | "divider" | "custom"' is not assignable to type '"primary" | "secondary" | "neutral" | "divider"'.
  Type '"custom"' is not assignable to type '"primary" | "secondary" | "neutral" | "divider"'.
src/modules/UIBlocks/Features/FeatureTestimonial.tsx(330,19): error TS2322: Type '"primary" | "secondary" | "neutral" | "divider" | "custom"' is not assignable to type '"primary" | "secondary" | "neutral" | "divider"'.
  Type '"custom"' is not assignable to type '"primary" | "secondary" | "neutral" | "divider"'.
src/modules/UIBlocks/Features/FeatureTestimonial.tsx(345,19): error TS2322: Type '"primary" | "secondary" | "neutral" | "divider" | "custom"' is not assignable to type '"primary" | "secondary" | "neutral" | "divider"'.
  Type '"custom"' is not assignable to type '"primary" | "secondary" | "neutral" | "divider"'.
src/modules/UIBlocks/Features/FeatureTestimonial.tsx(414,17): error TS2322: Type '"primary" | "secondary" | "neutral" | "divider" | "custom"' is not assignable to type '"primary" | "secondary" | "neutral" | "divider"'.
  Type '"custom"' is not assignable to type '"primary" | "secondary" | "neutral" | "divider"'.
src/modules/UIBlocks/Features/IconGrid.tsx(131,9): error TS2322: Type 'string' is not assignable to type '"primary" | "secondary" | "neutral" | "divider"'.
src/modules/UIBlocks/Features/IconGrid.tsx(133,9): error TS2322: Type '"heading"' is not assignable to type '"body" | "muted" | undefined'.
src/modules/UIBlocks/Features/IconGrid.tsx(150,9): error TS2322: Type 'string' is not assignable to type '"primary" | "secondary" | "neutral" | "divider"'.
src/modules/UIBlocks/Features/IconGrid.tsx(246,15): error TS2322: Type '"primary" | "secondary" | "neutral" | "divider" | "custom"' is not assignable to type '"primary" | "secondary" | "neutral" | "divider"'.
  Type '"custom"' is not assignable to type '"primary" | "secondary" | "neutral" | "divider"'.
src/modules/UIBlocks/Features/IconGrid.tsx(266,17): error TS2322: Type '"primary" | "secondary" | "neutral" | "divider" | "custom"' is not assignable to type '"primary" | "secondary" | "neutral" | "divider"'.
  Type '"custom"' is not assignable to type '"primary" | "secondary" | "neutral" | "divider"'.
src/modules/UIBlocks/Features/IconGrid.tsx(278,17): error TS2740: Type '{ textAlign: "center"; }' is missing the following properties from type 'TextFormatState': bold, italic, underline, color, and 5 more.
src/modules/UIBlocks/Features/IconGrid.tsx(295,15): error TS2322: Type '(variant: keyof typeof landingTypography) => { fontFamily: string; fontSize: string; fontWeight: string; lineHeight: string; letterSpacing: string; } | { fontFamily: string; fontSize: string; fontWeight: string; lineHeight: string; letterSpacing: string; } | ... 6 more ... | { ...; }' is not assignable to type '(variant: string) => CSSProperties'.
  Types of parameters 'variant' and 'variant' are incompatible.
    Type 'string' is not assignable to type '"body" | "hero" | "caption" | "h1" | "h2" | "h3" | "display" | "body-lg" | "body-sm"'.
src/modules/UIBlocks/Features/MetricTiles.tsx(213,13): error TS2322: Type '"primary" | "secondary" | "neutral" | "divider" | "custom"' is not assignable to type '"primary" | "secondary" | "neutral" | "divider"'.
  Type '"custom"' is not assignable to type '"primary" | "secondary" | "neutral" | "divider"'.
src/modules/UIBlocks/Features/MetricTiles.tsx(227,15): error TS2322: Type '"primary" | "secondary" | "neutral" | "divider" | "custom"' is not assignable to type '"primary" | "secondary" | "neutral" | "divider"'.
  Type '"custom"' is not assignable to type '"primary" | "secondary" | "neutral" | "divider"'.
src/modules/UIBlocks/Features/MetricTiles.tsx(250,19): error TS2322: Type '"primary" | "secondary" | "neutral" | "divider" | "custom"' is not assignable to type '"primary" | "secondary" | "neutral" | "divider"'.
  Type '"custom"' is not assignable to type '"primary" | "secondary" | "neutral" | "divider"'.
src/modules/UIBlocks/Features/MetricTiles.tsx(265,19): error TS2322: Type '"primary" | "secondary" | "neutral" | "divider" | "custom"' is not assignable to type '"primary" | "secondary" | "neutral" | "divider"'.
  Type '"custom"' is not assignable to type '"primary" | "secondary" | "neutral" | "divider"'.
src/modules/UIBlocks/Features/MetricTiles.tsx(280,19): error TS2322: Type '"primary" | "secondary" | "neutral" | "divider" | "custom"' is not assignable to type '"primary" | "secondary" | "neutral" | "divider"'.
  Type '"custom"' is not assignable to type '"primary" | "secondary" | "neutral" | "divider"'.
src/modules/UIBlocks/Features/MetricTiles.tsx(295,19): error TS2322: Type '"primary" | "secondary" | "neutral" | "divider" | "custom"' is not assignable to type '"primary" | "secondary" | "neutral" | "divider"'.
  Type '"custom"' is not assignable to type '"primary" | "secondary" | "neutral" | "divider"'.
src/modules/UIBlocks/Features/MetricTiles.tsx(359,17): error TS2322: Type '"primary" | "secondary" | "neutral" | "divider" | "custom"' is not assignable to type '"primary" | "secondary" | "neutral" | "divider"'.
  Type '"custom"' is not assignable to type '"primary" | "secondary" | "neutral" | "divider"'.
src/modules/UIBlocks/Features/MiniCards.tsx(209,13): error TS2322: Type '"primary" | "secondary" | "neutral" | "divider" | "custom"' is not assignable to type '"primary" | "secondary" | "neutral" | "divider"'.
  Type '"custom"' is not assignable to type '"primary" | "secondary" | "neutral" | "divider"'.
src/modules/UIBlocks/Features/MiniCards.tsx(223,15): error TS2322: Type '"primary" | "secondary" | "neutral" | "divider" | "custom"' is not assignable to type '"primary" | "secondary" | "neutral" | "divider"'.
  Type '"custom"' is not assignable to type '"primary" | "secondary" | "neutral" | "divider"'.
src/modules/UIBlocks/Features/MiniCards.tsx(246,19): error TS2322: Type '"primary" | "secondary" | "neutral" | "divider" | "custom"' is not assignable to type '"primary" | "secondary" | "neutral" | "divider"'.
  Type '"custom"' is not assignable to type '"primary" | "secondary" | "neutral" | "divider"'.
src/modules/UIBlocks/Features/MiniCards.tsx(261,19): error TS2322: Type '"primary" | "secondary" | "neutral" | "divider" | "custom"' is not assignable to type '"primary" | "secondary" | "neutral" | "divider"'.
  Type '"custom"' is not assignable to type '"primary" | "secondary" | "neutral" | "divider"'.
src/modules/UIBlocks/Features/MiniCards.tsx(276,19): error TS2322: Type '"primary" | "secondary" | "neutral" | "divider" | "custom"' is not assignable to type '"primary" | "secondary" | "neutral" | "divider"'.
  Type '"custom"' is not assignable to type '"primary" | "secondary" | "neutral" | "divider"'.
src/modules/UIBlocks/Features/MiniCards.tsx(337,17): error TS2322: Type '"primary" | "secondary" | "neutral" | "divider" | "custom"' is not assignable to type '"primary" | "secondary" | "neutral" | "divider"'.
  Type '"custom"' is not assignable to type '"primary" | "secondary" | "neutral" | "divider"'.
src/modules/UIBlocks/Features/SplitAlternating.tsx(200,41): error TS2554: Expected 0 arguments, but got 1.
src/modules/UIBlocks/Features/SplitAlternating.tsx(200,42): error TS7006: Parameter 'state' implicitly has an 'any' type.
src/modules/UIBlocks/Features/SplitAlternating.tsx(219,13): error TS2322: Type '"primary" | "secondary" | "neutral" | "divider" | "custom"' is not assignable to type '"primary" | "secondary" | "neutral" | "divider"'.
  Type '"custom"' is not assignable to type '"primary" | "secondary" | "neutral" | "divider"'.
src/modules/UIBlocks/Features/SplitAlternating.tsx(233,15): error TS2322: Type '"primary" | "secondary" | "neutral" | "divider" | "custom"' is not assignable to type '"primary" | "secondary" | "neutral" | "divider"'.
  Type '"custom"' is not assignable to type '"primary" | "secondary" | "neutral" | "divider"'.
src/modules/UIBlocks/Features/SplitAlternating.tsx(257,21): error TS2322: Type '"primary" | "secondary" | "neutral" | "divider" | "custom"' is not assignable to type '"primary" | "secondary" | "neutral" | "divider"'.
  Type '"custom"' is not assignable to type '"primary" | "secondary" | "neutral" | "divider"'.
src/modules/UIBlocks/Features/SplitAlternating.tsx(272,21): error TS2322: Type '"primary" | "secondary" | "neutral" | "divider" | "custom"' is not assignable to type '"primary" | "secondary" | "neutral" | "divider"'.
  Type '"custom"' is not assignable to type '"primary" | "secondary" | "neutral" | "divider"'.
src/modules/UIBlocks/Features/SplitAlternating.tsx(307,17): error TS2322: Type '"primary" | "secondary" | "neutral" | "divider" | "custom"' is not assignable to type '"primary" | "secondary" | "neutral" | "divider"'.
  Type '"custom"' is not assignable to type '"primary" | "secondary" | "neutral" | "divider"'.
src/modules/UIBlocks/Features/Tabbed.tsx(114,41): error TS2554: Expected 0 arguments, but got 1.
src/modules/UIBlocks/Features/Tabbed.tsx(114,42): error TS7006: Parameter 'state' implicitly has an 'any' type.
src/modules/UIBlocks/Features/Tabbed.tsx(152,13): error TS2322: Type '"primary" | "secondary" | "neutral" | "divider" | "custom"' is not assignable to type '"primary" | "secondary" | "neutral" | "divider"'.
  Type '"custom"' is not assignable to type '"primary" | "secondary" | "neutral" | "divider"'.
src/modules/UIBlocks/Features/Tabbed.tsx(166,15): error TS2322: Type '"primary" | "secondary" | "neutral" | "divider" | "custom"' is not assignable to type '"primary" | "secondary" | "neutral" | "divider"'.
  Type '"custom"' is not assignable to type '"primary" | "secondary" | "neutral" | "divider"'.
src/modules/UIBlocks/Features/Tabbed.tsx(189,19): error TS2322: Type '"primary" | "secondary" | "neutral" | "divider" | "custom"' is not assignable to type '"primary" | "secondary" | "neutral" | "divider"'.
  Type '"custom"' is not assignable to type '"primary" | "secondary" | "neutral" | "divider"'.
src/modules/UIBlocks/Features/Tabbed.tsx(204,19): error TS2322: Type '"primary" | "secondary" | "neutral" | "divider" | "custom"' is not assignable to type '"primary" | "secondary" | "neutral" | "divider"'.
  Type '"custom"' is not assignable to type '"primary" | "secondary" | "neutral" | "divider"'.
src/modules/UIBlocks/Features/Tabbed.tsx(219,19): error TS2322: Type '"primary" | "secondary" | "neutral" | "divider" | "custom"' is not assignable to type '"primary" | "secondary" | "neutral" | "divider"'.
  Type '"custom"' is not assignable to type '"primary" | "secondary" | "neutral" | "divider"'.
src/modules/UIBlocks/Features/Tabbed.tsx(334,17): error TS2322: Type '"primary" | "secondary" | "neutral" | "divider" | "custom"' is not assignable to type '"primary" | "secondary" | "neutral" | "divider"'.
  Type '"custom"' is not assignable to type '"primary" | "secondary" | "neutral" | "divider"'.
src/modules/UIBlocks/Features/Timeline.tsx(207,13): error TS2322: Type '"primary" | "secondary" | "neutral" | "divider" | "custom"' is not assignable to type '"primary" | "secondary" | "neutral" | "divider"'.
  Type '"custom"' is not assignable to type '"primary" | "secondary" | "neutral" | "divider"'.
src/modules/UIBlocks/Features/Timeline.tsx(221,15): error TS2322: Type '"primary" | "secondary" | "neutral" | "divider" | "custom"' is not assignable to type '"primary" | "secondary" | "neutral" | "divider"'.
  Type '"custom"' is not assignable to type '"primary" | "secondary" | "neutral" | "divider"'.
src/modules/UIBlocks/Features/Timeline.tsx(244,19): error TS2322: Type '"primary" | "secondary" | "neutral" | "divider" | "custom"' is not assignable to type '"primary" | "secondary" | "neutral" | "divider"'.
  Type '"custom"' is not assignable to type '"primary" | "secondary" | "neutral" | "divider"'.
src/modules/UIBlocks/Features/Timeline.tsx(259,19): error TS2322: Type '"primary" | "secondary" | "neutral" | "divider" | "custom"' is not assignable to type '"primary" | "secondary" | "neutral" | "divider"'.
  Type '"custom"' is not assignable to type '"primary" | "secondary" | "neutral" | "divider"'.
src/modules/UIBlocks/Features/Timeline.tsx(274,19): error TS2322: Type '"primary" | "secondary" | "neutral" | "divider" | "custom"' is not assignable to type '"primary" | "secondary" | "neutral" | "divider"'.
  Type '"custom"' is not assignable to type '"primary" | "secondary" | "neutral" | "divider"'.
src/modules/UIBlocks/Features/Timeline.tsx(289,19): error TS2322: Type '"primary" | "secondary" | "neutral" | "divider" | "custom"' is not assignable to type '"primary" | "secondary" | "neutral" | "divider"'.
  Type '"custom"' is not assignable to type '"primary" | "secondary" | "neutral" | "divider"'.
src/modules/UIBlocks/Features/Timeline.tsx(353,17): error TS2322: Type '"primary" | "secondary" | "neutral" | "divider" | "custom"' is not assignable to type '"primary" | "secondary" | "neutral" | "divider"'.
  Type '"custom"' is not assignable to type '"primary" | "secondary" | "neutral" | "divider"'.
src/modules/UIBlocks/FounderNote/FounderCardWithQuote.tsx(115,21): error TS2322: Type '"primary" | "secondary" | "neutral" | "divider" | "custom"' is not assignable to type '"primary" | "secondary" | "neutral" | "divider"'.
  Type '"custom"' is not assignable to type '"primary" | "secondary" | "neutral" | "divider"'.
src/modules/UIBlocks/FounderNote/FounderCardWithQuote.tsx(133,21): error TS2322: Type '"primary" | "secondary" | "neutral" | "divider" | "custom"' is not assignable to type '"primary" | "secondary" | "neutral" | "divider"'.
  Type '"custom"' is not assignable to type '"primary" | "secondary" | "neutral" | "divider"'.
src/modules/UIBlocks/FounderNote/FounderCardWithQuote.tsx(145,21): error TS2322: Type '"primary" | "secondary" | "neutral" | "divider" | "custom"' is not assignable to type '"primary" | "secondary" | "neutral" | "divider"'.
  Type '"custom"' is not assignable to type '"primary" | "secondary" | "neutral" | "divider"'.
src/modules/UIBlocks/FounderNote/FounderCardWithQuote.tsx(165,19): error TS2322: Type '"primary" | "secondary" | "neutral" | "divider" | "custom"' is not assignable to type '"primary" | "secondary" | "neutral" | "divider"'.
  Type '"custom"' is not assignable to type '"primary" | "secondary" | "neutral" | "divider"'.
src/modules/UIBlocks/FounderNote/FoundersBeliefStack.tsx(192,41): error TS2554: Expected 0 arguments, but got 1.
src/modules/UIBlocks/FounderNote/FoundersBeliefStack.tsx(192,42): error TS7006: Parameter 'state' implicitly has an 'any' type.
src/modules/UIBlocks/FounderNote/FoundersBeliefStack.tsx(212,13): error TS2322: Type '"primary" | "secondary" | "neutral" | "divider" | "custom"' is not assignable to type '"primary" | "secondary" | "neutral" | "divider"'.
  Type '"custom"' is not assignable to type '"primary" | "secondary" | "neutral" | "divider"'.
src/modules/UIBlocks/FounderNote/FoundersBeliefStack.tsx(225,13): error TS2322: Type '"primary" | "secondary" | "neutral" | "divider" | "custom"' is not assignable to type '"primary" | "secondary" | "neutral" | "divider"'.
  Type '"custom"' is not assignable to type '"primary" | "secondary" | "neutral" | "divider"'.
src/modules/UIBlocks/FounderNote/FoundersBeliefStack.tsx(249,17): error TS2322: Type '"white"' is not assignable to type '"primary" | "secondary" | "neutral" | "divider"'.
src/modules/UIBlocks/FounderNote/FoundersBeliefStack.tsx(252,17): error TS2559: Type 'string' has no properties in common with type 'Properties<string | number, string & {}>'.
src/modules/UIBlocks/FounderNote/FoundersBeliefStack.tsx(311,19): error TS2322: Type '"white"' is not assignable to type '"primary" | "secondary" | "neutral" | "divider"'.
src/modules/UIBlocks/FounderNote/FoundersBeliefStack.tsx(314,19): error TS2559: Type 'string' has no properties in common with type 'Properties<string | number, string & {}>'.
src/modules/UIBlocks/FounderNote/FoundersBeliefStack.tsx(324,19): error TS2322: Type '"white"' is not assignable to type '"primary" | "secondary" | "neutral" | "divider"'.
src/modules/UIBlocks/FounderNote/FoundersBeliefStack.tsx(327,19): error TS2559: Type 'string' has no properties in common with type 'Properties<string | number, string & {}>'.
src/modules/UIBlocks/FounderNote/FoundersBeliefStack.tsx(342,17): error TS2322: Type '"white"' is not assignable to type '"primary" | "secondary" | "neutral" | "divider"'.
src/modules/UIBlocks/FounderNote/FoundersBeliefStack.tsx(345,17): error TS2559: Type 'string' has no properties in common with type 'Properties<string | number, string & {}>'.
src/modules/UIBlocks/FounderNote/LetterStyleBlock.tsx(122,41): error TS2554: Expected 0 arguments, but got 1.
src/modules/UIBlocks/FounderNote/LetterStyleBlock.tsx(122,42): error TS7006: Parameter 'state' implicitly has an 'any' type.
src/modules/UIBlocks/FounderNote/LetterStyleBlock.tsx(144,15): error TS2322: Type '"white"' is not assignable to type '"primary" | "secondary" | "neutral" | "divider"'.
src/modules/UIBlocks/FounderNote/LetterStyleBlock.tsx(146,15): error TS2559: Type 'string' has no properties in common with type 'Properties<string | number, string & {}>'.
src/modules/UIBlocks/FounderNote/LetterStyleBlock.tsx(159,17): error TS2322: Type '"white"' is not assignable to type '"primary" | "secondary" | "neutral" | "divider"'.
src/modules/UIBlocks/FounderNote/LetterStyleBlock.tsx(162,17): error TS2559: Type 'string' has no properties in common with type 'Properties<string | number, string & {}>'.
src/modules/UIBlocks/FounderNote/LetterStyleBlock.tsx(179,15): error TS2322: Type '"white"' is not assignable to type '"primary" | "secondary" | "neutral" | "divider"'.
src/modules/UIBlocks/FounderNote/LetterStyleBlock.tsx(182,15): error TS2559: Type 'string' has no properties in common with type 'Properties<string | number, string & {}>'.
src/modules/UIBlocks/FounderNote/LetterStyleBlock.tsx(195,17): error TS2322: Type '"white"' is not assignable to type '"primary" | "secondary" | "neutral" | "divider"'.
src/modules/UIBlocks/FounderNote/LetterStyleBlock.tsx(198,17): error TS2559: Type 'string' has no properties in common with type 'Properties<string | number, string & {}>'.
src/modules/UIBlocks/FounderNote/LetterStyleBlock.tsx(239,21): error TS2322: Type '"white"' is not assignable to type '"primary" | "secondary" | "neutral" | "divider"'.
src/modules/UIBlocks/FounderNote/LetterStyleBlock.tsx(242,21): error TS2559: Type 'string' has no properties in common with type 'Properties<string | number, string & {}>'.
src/modules/UIBlocks/FounderNote/LetterStyleBlock.tsx(252,21): error TS2322: Type '"white"' is not assignable to type '"primary" | "secondary" | "neutral" | "divider"'.
src/modules/UIBlocks/FounderNote/LetterStyleBlock.tsx(255,21): error TS2559: Type 'string' has no properties in common with type 'Properties<string | number, string & {}>'.
src/modules/UIBlocks/FounderNote/LetterStyleBlock.tsx(265,21): error TS2322: Type '"white"' is not assignable to type '"primary" | "secondary" | "neutral" | "divider"'.
src/modules/UIBlocks/FounderNote/LetterStyleBlock.tsx(268,21): error TS2559: Type 'string' has no properties in common with type 'Properties<string | number, string & {}>'.
src/modules/UIBlocks/FounderNote/LetterStyleBlock.tsx(296,19): error TS2322: Type '"white"' is not assignable to type '"primary" | "secondary" | "neutral" | "divider"'.
src/modules/UIBlocks/FounderNote/LetterStyleBlock.tsx(299,19): error TS2559: Type 'string' has no properties in common with type 'Properties<string | number, string & {}>'.
src/modules/UIBlocks/FounderNote/MissionQuoteOverlay.tsx(128,41): error TS2554: Expected 0 arguments, but got 1.
src/modules/UIBlocks/FounderNote/MissionQuoteOverlay.tsx(128,42): error TS7006: Parameter 'state' implicitly has an 'any' type.
src/modules/UIBlocks/FounderNote/MissionQuoteOverlay.tsx(179,19): error TS2559: Type 'string' has no properties in common with type 'Properties<string | number, string & {}>'.
src/modules/UIBlocks/FounderNote/MissionQuoteOverlay.tsx(195,17): error TS2322: Type '"dark"' is not assignable to type '"primary" | "secondary" | "neutral" | "divider"'.
src/modules/UIBlocks/FounderNote/MissionQuoteOverlay.tsx(197,17): error TS2559: Type 'string' has no properties in common with type 'Properties<string | number, string & {}>'.
src/modules/UIBlocks/FounderNote/MissionQuoteOverlay.tsx(217,19): error TS2322: Type '"dark"' is not assignable to type '"primary" | "secondary" | "neutral" | "divider"'.
src/modules/UIBlocks/FounderNote/MissionQuoteOverlay.tsx(220,19): error TS2559: Type 'string' has no properties in common with type 'Properties<string | number, string & {}>'.
src/modules/UIBlocks/FounderNote/MissionQuoteOverlay.tsx(231,21): error TS2322: Type '"dark"' is not assignable to type '"primary" | "secondary" | "neutral" | "divider"'.
src/modules/UIBlocks/FounderNote/MissionQuoteOverlay.tsx(234,21): error TS2559: Type 'string' has no properties in common with type 'Properties<string | number, string & {}>'.
src/modules/UIBlocks/FounderNote/MissionQuoteOverlay.tsx(247,25): error TS2322: Type '"dark"' is not assignable to type '"primary" | "secondary" | "neutral" | "divider"'.
src/modules/UIBlocks/FounderNote/MissionQuoteOverlay.tsx(250,25): error TS2559: Type 'string' has no properties in common with type 'Properties<string | number, string & {}>'.
src/modules/UIBlocks/FounderNote/MissionQuoteOverlay.tsx(281,17): error TS2559: Type 'string' has no properties in common with type 'Properties<string | number, string & {}>'.
src/modules/UIBlocks/FounderNote/MissionQuoteOverlay.tsx(302,19): error TS2322: Type '"dark"' is not assignable to type '"primary" | "secondary" | "neutral" | "divider"'.
src/modules/UIBlocks/FounderNote/MissionQuoteOverlay.tsx(305,19): error TS2559: Type 'string' has no properties in common with type 'Properties<string | number, string & {}>'.
src/modules/UIBlocks/FounderNote/SideBySidePhotoStory.tsx(211,41): error TS2554: Expected 0 arguments, but got 1.
src/modules/UIBlocks/FounderNote/SideBySidePhotoStory.tsx(211,42): error TS7006: Parameter 'state' implicitly has an 'any' type.
src/modules/UIBlocks/FounderNote/SideBySidePhotoStory.tsx(247,13): error TS2322: Type '"primary" | "secondary" | "neutral" | "divider" | "custom"' is not assignable to type '"primary" | "secondary" | "neutral" | "divider"'.
  Type '"custom"' is not assignable to type '"primary" | "secondary" | "neutral" | "divider"'.
src/modules/UIBlocks/FounderNote/SideBySidePhotoStory.tsx(268,15): error TS2322: Type '"primary" | "secondary" | "neutral" | "divider" | "custom"' is not assignable to type '"primary" | "secondary" | "neutral" | "divider"'.
  Type '"custom"' is not assignable to type '"primary" | "secondary" | "neutral" | "divider"'.
src/modules/UIBlocks/FounderNote/SideBySidePhotoStory.tsx(271,15): error TS2559: Type 'string' has no properties in common with type 'Properties<string | number, string & {}>'.
src/modules/UIBlocks/FounderNote/SideBySidePhotoStory.tsx(284,17): error TS2322: Type '"white"' is not assignable to type '"primary" | "secondary" | "neutral" | "divider"'.
src/modules/UIBlocks/FounderNote/SideBySidePhotoStory.tsx(287,17): error TS2559: Type 'string' has no properties in common with type 'Properties<string | number, string & {}>'.
src/modules/UIBlocks/FounderNote/SideBySidePhotoStory.tsx(302,19): error TS2322: Type '"white"' is not assignable to type '"primary" | "secondary" | "neutral" | "divider"'.
src/modules/UIBlocks/FounderNote/SideBySidePhotoStory.tsx(305,19): error TS2559: Type 'string' has no properties in common with type 'Properties<string | number, string & {}>'.
src/modules/UIBlocks/FounderNote/StoryBlockWithPullquote.tsx(127,41): error TS2554: Expected 0 arguments, but got 1.
src/modules/UIBlocks/FounderNote/StoryBlockWithPullquote.tsx(127,42): error TS7006: Parameter 'state' implicitly has an 'any' type.
src/modules/UIBlocks/FounderNote/StoryBlockWithPullquote.tsx(149,13): error TS2322: Type '"primary" | "secondary" | "neutral" | "divider" | "custom"' is not assignable to type '"primary" | "secondary" | "neutral" | "divider"'.
  Type '"custom"' is not assignable to type '"primary" | "secondary" | "neutral" | "divider"'.
src/modules/UIBlocks/FounderNote/StoryBlockWithPullquote.tsx(190,17): error TS2322: Type '"primary" | "secondary" | "neutral" | "divider" | "custom"' is not assignable to type '"primary" | "secondary" | "neutral" | "divider"'.
  Type '"custom"' is not assignable to type '"primary" | "secondary" | "neutral" | "divider"'.
src/modules/UIBlocks/FounderNote/StoryBlockWithPullquote.tsx(193,17): error TS2559: Type 'string' has no properties in common with type 'Properties<string | number, string & {}>'.
src/modules/UIBlocks/FounderNote/StoryBlockWithPullquote.tsx(204,19): error TS2322: Type '"primary" | "secondary" | "neutral" | "divider" | "custom"' is not assignable to type '"primary" | "secondary" | "neutral" | "divider"'.
  Type '"custom"' is not assignable to type '"primary" | "secondary" | "neutral" | "divider"'.
src/modules/UIBlocks/FounderNote/StoryBlockWithPullquote.tsx(218,19): error TS2322: Type '"primary" | "secondary" | "neutral" | "divider" | "custom"' is not assignable to type '"primary" | "secondary" | "neutral" | "divider"'.
  Type '"custom"' is not assignable to type '"primary" | "secondary" | "neutral" | "divider"'.
src/modules/UIBlocks/FounderNote/StoryBlockWithPullquote.tsx(241,15): error TS2322: Type '"primary" | "secondary" | "neutral" | "divider" | "custom"' is not assignable to type '"primary" | "secondary" | "neutral" | "divider"'.
  Type '"custom"' is not assignable to type '"primary" | "secondary" | "neutral" | "divider"'.
src/modules/UIBlocks/FounderNote/StoryBlockWithPullquote.tsx(244,15): error TS2559: Type 'string' has no properties in common with type 'Properties<string | number, string & {}>'.
src/modules/UIBlocks/FounderNote/StoryBlockWithPullquote.tsx(258,15): error TS2322: Type '"primary" | "secondary" | "neutral" | "divider" | "custom"' is not assignable to type '"primary" | "secondary" | "neutral" | "divider"'.
  Type '"custom"' is not assignable to type '"primary" | "secondary" | "neutral" | "divider"'.
src/modules/UIBlocks/FounderNote/StoryBlockWithPullquote.tsx(261,15): error TS2559: Type 'string' has no properties in common with type 'Properties<string | number, string & {}>'.
src/modules/UIBlocks/FounderNote/StoryBlockWithPullquote.tsx(283,17): error TS2322: Type '"white"' is not assignable to type '"primary" | "secondary" | "neutral" | "divider"'.
src/modules/UIBlocks/FounderNote/StoryBlockWithPullquote.tsx(286,17): error TS2559: Type 'string' has no properties in common with type 'Properties<string | number, string & {}>'.
src/modules/UIBlocks/FounderNote/StoryBlockWithPullquote.tsx(314,15): error TS2322: Type '"primary" | "secondary" | "neutral" | "divider" | "custom"' is not assignable to type '"primary" | "secondary" | "neutral" | "divider"'.
  Type '"custom"' is not assignable to type '"primary" | "secondary" | "neutral" | "divider"'.
src/modules/UIBlocks/FounderNote/StoryBlockWithPullquote.tsx(317,15): error TS2559: Type 'string' has no properties in common with type 'Properties<string | number, string & {}>'.
src/modules/UIBlocks/FounderNote/TimelineToToday.tsx(185,13): error TS2322: Type '"primary" | "secondary" | "neutral" | "divider" | "custom"' is not assignable to type '"primary" | "secondary" | "neutral" | "divider"'.
  Type '"custom"' is not assignable to type '"primary" | "secondary" | "neutral" | "divider"'.
src/modules/UIBlocks/FounderNote/TimelineToToday.tsx(198,13): error TS2322: Type '"primary" | "secondary" | "neutral" | "divider" | "custom"' is not assignable to type '"primary" | "secondary" | "neutral" | "divider"'.
  Type '"custom"' is not assignable to type '"primary" | "secondary" | "neutral" | "divider"'.
src/modules/UIBlocks/FounderNote/TimelineToToday.tsx(222,17): error TS2322: Type '"white"' is not assignable to type '"primary" | "secondary" | "neutral" | "divider"'.
src/modules/UIBlocks/FounderNote/TimelineToToday.tsx(225,17): error TS2559: Type 'string' has no properties in common with type 'Properties<string | number, string & {}>'.
src/modules/UIBlocks/FounderNote/TimelineToToday.tsx(264,15): error TS2322: Type '"white"' is not assignable to type '"primary" | "secondary" | "neutral" | "divider"'.
src/modules/UIBlocks/FounderNote/TimelineToToday.tsx(267,15): error TS2559: Type 'string' has no properties in common with type 'Properties<string | number, string & {}>'.
src/modules/UIBlocks/FounderNote/TimelineToToday.tsx(310,21): error TS2322: Type '"white"' is not assignable to type '"primary" | "secondary" | "neutral" | "divider"'.
src/modules/UIBlocks/FounderNote/TimelineToToday.tsx(313,21): error TS2559: Type 'string' has no properties in common with type 'Properties<string | number, string & {}>'.
src/modules/UIBlocks/FounderNote/TimelineToToday.tsx(326,21): error TS2322: Type '"white"' is not assignable to type '"primary" | "secondary" | "neutral" | "divider"'.
src/modules/UIBlocks/FounderNote/TimelineToToday.tsx(329,21): error TS2559: Type 'string' has no properties in common with type 'Properties<string | number, string & {}>'.
src/modules/UIBlocks/FounderNote/VideoNoteWithTranscript.tsx(170,15): error TS2322: Type '"primary" | "secondary" | "neutral" | "divider" | "custom"' is not assignable to type '"primary" | "secondary" | "neutral" | "divider"'.
  Type '"custom"' is not assignable to type '"primary" | "secondary" | "neutral" | "divider"'.
src/modules/UIBlocks/FounderNote/VideoNoteWithTranscript.tsx(184,15): error TS2322: Type '"primary" | "secondary" | "neutral" | "divider" | "custom"' is not assignable to type '"primary" | "secondary" | "neutral" | "divider"'.
  Type '"custom"' is not assignable to type '"primary" | "secondary" | "neutral" | "divider"'.
src/modules/UIBlocks/FounderNote/VideoNoteWithTranscript.tsx(224,25): error TS2322: Type '"primary" | "secondary" | "neutral" | "divider" | "custom"' is not assignable to type '"primary" | "secondary" | "neutral" | "divider"'.
  Type '"custom"' is not assignable to type '"primary" | "secondary" | "neutral" | "divider"'.
src/modules/UIBlocks/FounderNote/VideoNoteWithTranscript.tsx(227,25): error TS2559: Type 'string' has no properties in common with type 'Properties<string | number, string & {}>'.
src/modules/UIBlocks/FounderNote/VideoNoteWithTranscript.tsx(237,25): error TS2322: Type '"primary" | "secondary" | "neutral" | "divider" | "custom"' is not assignable to type '"primary" | "secondary" | "neutral" | "divider"'.
  Type '"custom"' is not assignable to type '"primary" | "secondary" | "neutral" | "divider"'.
src/modules/UIBlocks/FounderNote/VideoNoteWithTranscript.tsx(240,25): error TS2559: Type 'string' has no properties in common with type 'Properties<string | number, string & {}>'.
src/modules/UIBlocks/FounderNote/VideoNoteWithTranscript.tsx(257,23): error TS2322: Type '"primary" | "secondary" | "neutral" | "divider" | "custom"' is not assignable to type '"primary" | "secondary" | "neutral" | "divider"'.
  Type '"custom"' is not assignable to type '"primary" | "secondary" | "neutral" | "divider"'.
src/modules/UIBlocks/FounderNote/VideoNoteWithTranscript.tsx(260,23): error TS2559: Type 'string' has no properties in common with type 'Properties<string | number, string & {}>'.
src/modules/UIBlocks/FounderNote/VideoNoteWithTranscript.tsx(301,17): error TS2322: Type '"white"' is not assignable to type '"primary" | "secondary" | "neutral" | "divider"'.
src/modules/UIBlocks/FounderNote/VideoNoteWithTranscript.tsx(304,17): error TS2559: Type 'string' has no properties in common with type 'Properties<string | number, string & {}>'.
src/modules/UIBlocks/Hero/centerStacked.tsx(253,13): error TS2322: Type '"primary" | "secondary" | "neutral" | "divider" | "custom"' is not assignable to type '"primary" | "secondary" | "neutral" | "divider"'.
  Type '"custom"' is not assignable to type '"primary" | "secondary" | "neutral" | "divider"'.
src/modules/UIBlocks/Hero/centerStacked.tsx(267,15): error TS2322: Type '"primary" | "secondary" | "neutral" | "divider" | "custom"' is not assignable to type '"primary" | "secondary" | "neutral" | "divider"'.
  Type '"custom"' is not assignable to type '"primary" | "secondary" | "neutral" | "divider"'.
src/modules/UIBlocks/Hero/centerStacked.tsx(318,15): error TS2322: Type '"primary" | "secondary" | "neutral" | "divider" | "custom"' is not assignable to type '"primary" | "secondary" | "neutral" | "divider"'.
  Type '"custom"' is not assignable to type '"primary" | "secondary" | "neutral" | "divider"'.
src/modules/UIBlocks/Hero/imageFirst.tsx(282,15): error TS2322: Type '"primary" | "secondary" | "neutral" | "divider" | "custom"' is not assignable to type '"primary" | "secondary" | "neutral" | "divider"'.
  Type '"custom"' is not assignable to type '"primary" | "secondary" | "neutral" | "divider"'.
src/modules/UIBlocks/Hero/imageFirst.tsx(296,17): error TS2322: Type '"primary" | "secondary" | "neutral" | "divider" | "custom"' is not assignable to type '"primary" | "secondary" | "neutral" | "divider"'.
  Type '"custom"' is not assignable to type '"primary" | "secondary" | "neutral" | "divider"'.
src/modules/UIBlocks/Hero/imageFirst.tsx(333,17): error TS2322: Type '"primary" | "secondary" | "neutral" | "divider" | "custom"' is not assignable to type '"primary" | "secondary" | "neutral" | "divider"'.
  Type '"custom"' is not assignable to type '"primary" | "secondary" | "neutral" | "divider"'.
src/modules/UIBlocks/Hero/leftCopyRightImage.tsx(295,15): error TS2322: Type '"primary" | "secondary" | "neutral" | "divider" | "custom"' is not assignable to type '"primary" | "secondary" | "neutral" | "divider"'.
  Type '"custom"' is not assignable to type '"primary" | "secondary" | "neutral" | "divider"'.
src/modules/UIBlocks/Hero/leftCopyRightImage.tsx(310,17): error TS2322: Type '"primary" | "secondary" | "neutral" | "divider" | "custom"' is not assignable to type '"primary" | "secondary" | "neutral" | "divider"'.
  Type '"custom"' is not assignable to type '"primary" | "secondary" | "neutral" | "divider"'.
src/modules/UIBlocks/Hero/leftCopyRightImage.tsx(328,17): error TS2322: Type '"primary" | "secondary" | "neutral" | "divider" | "custom"' is not assignable to type '"primary" | "secondary" | "neutral" | "divider"'.
  Type '"custom"' is not assignable to type '"primary" | "secondary" | "neutral" | "divider"'.
src/modules/UIBlocks/Hero/splitScreen.tsx(218,37): error TS2554: Expected 0 arguments, but got 1.
src/modules/UIBlocks/Hero/splitScreen.tsx(218,38): error TS7006: Parameter 'state' implicitly has an 'any' type.
src/modules/UIBlocks/Hero/splitScreen.tsx(266,17): error TS2322: Type '"primary" | "secondary" | "neutral" | "divider" | "custom"' is not assignable to type '"primary" | "secondary" | "neutral" | "divider"'.
  Type '"custom"' is not assignable to type '"primary" | "secondary" | "neutral" | "divider"'.
src/modules/UIBlocks/Hero/splitScreen.tsx(280,19): error TS2322: Type '"primary" | "secondary" | "neutral" | "divider" | "custom"' is not assignable to type '"primary" | "secondary" | "neutral" | "divider"'.
  Type '"custom"' is not assignable to type '"primary" | "secondary" | "neutral" | "divider"'.
src/modules/UIBlocks/Hero/splitScreen.tsx(297,19): error TS2322: Type '"primary" | "secondary" | "neutral" | "divider" | "custom"' is not assignable to type '"primary" | "secondary" | "neutral" | "divider"'.
  Type '"custom"' is not assignable to type '"primary" | "secondary" | "neutral" | "divider"'.
src/modules/UIBlocks/HowItWorks/AccordionSteps.tsx(208,13): error TS2322: Type '"primary" | "secondary" | "neutral" | "divider" | "custom"' is not assignable to type '"primary" | "secondary" | "neutral" | "divider"'.
  Type '"custom"' is not assignable to type '"primary" | "secondary" | "neutral" | "divider"'.
src/modules/UIBlocks/HowItWorks/AccordionSteps.tsx(222,15): error TS2322: Type '"primary" | "secondary" | "neutral" | "divider" | "custom"' is not assignable to type '"primary" | "secondary" | "neutral" | "divider"'.
  Type '"custom"' is not assignable to type '"primary" | "secondary" | "neutral" | "divider"'.
src/modules/UIBlocks/HowItWorks/AccordionSteps.tsx(245,19): error TS2322: Type '"primary" | "secondary" | "neutral" | "divider" | "custom"' is not assignable to type '"primary" | "secondary" | "neutral" | "divider"'.
  Type '"custom"' is not assignable to type '"primary" | "secondary" | "neutral" | "divider"'.
src/modules/UIBlocks/HowItWorks/AccordionSteps.tsx(260,19): error TS2322: Type '"primary" | "secondary" | "neutral" | "divider" | "custom"' is not assignable to type '"primary" | "secondary" | "neutral" | "divider"'.
  Type '"custom"' is not assignable to type '"primary" | "secondary" | "neutral" | "divider"'.
src/modules/UIBlocks/HowItWorks/AccordionSteps.tsx(275,19): error TS2322: Type '"primary" | "secondary" | "neutral" | "divider" | "custom"' is not assignable to type '"primary" | "secondary" | "neutral" | "divider"'.
  Type '"custom"' is not assignable to type '"primary" | "secondary" | "neutral" | "divider"'.
src/modules/UIBlocks/HowItWorks/AccordionSteps.tsx(334,17): error TS2322: Type '"primary" | "secondary" | "neutral" | "divider" | "custom"' is not assignable to type '"primary" | "secondary" | "neutral" | "divider"'.
  Type '"custom"' is not assignable to type '"primary" | "secondary" | "neutral" | "divider"'.
src/modules/UIBlocks/HowItWorks/AnimatedProcessLine.tsx(74,5): error TS2322: Type '{ headline: { type: "string"; default: string; }; step_titles: { type: "string"; default: string; }; step_descriptions: { type: "string"; default: string; }; auto_animate: { type: "boolean"; default: boolean; }; subheadline: { ...; }; supporting_text: { ...; }; cta_text: { ...; }; trust_items: { ...; }; }' is not assignable to type 'Record<string, { type: "string" | "array"; default: string; }>'.
  Property 'auto_animate' is incompatible with index signature.
    Type '{ type: "boolean"; default: boolean; }' is not assignable to type '{ type: "string" | "array"; default: string; }'.
      Types of property 'type' are incompatible.
        Type '"boolean"' is not assignable to type '"string" | "array"'.
src/modules/UIBlocks/HowItWorks/AnimatedProcessLine.tsx(224,13): error TS2322: Type '"primary" | "secondary" | "neutral" | "divider" | "custom"' is not assignable to type '"primary" | "secondary" | "neutral" | "divider"'.
  Type '"custom"' is not assignable to type '"primary" | "secondary" | "neutral" | "divider"'.
src/modules/UIBlocks/HowItWorks/AnimatedProcessLine.tsx(238,15): error TS2322: Type '"primary" | "secondary" | "neutral" | "divider" | "custom"' is not assignable to type '"primary" | "secondary" | "neutral" | "divider"'.
  Type '"custom"' is not assignable to type '"primary" | "secondary" | "neutral" | "divider"'.
src/modules/UIBlocks/HowItWorks/AnimatedProcessLine.tsx(261,19): error TS2322: Type '"primary" | "secondary" | "neutral" | "divider" | "custom"' is not assignable to type '"primary" | "secondary" | "neutral" | "divider"'.
  Type '"custom"' is not assignable to type '"primary" | "secondary" | "neutral" | "divider"'.
src/modules/UIBlocks/HowItWorks/AnimatedProcessLine.tsx(276,19): error TS2322: Type '"primary" | "secondary" | "neutral" | "divider" | "custom"' is not assignable to type '"primary" | "secondary" | "neutral" | "divider"'.
  Type '"custom"' is not assignable to type '"primary" | "secondary" | "neutral" | "divider"'.
src/modules/UIBlocks/HowItWorks/AnimatedProcessLine.tsx(363,17): error TS2322: Type '"primary" | "secondary" | "neutral" | "divider" | "custom"' is not assignable to type '"primary" | "secondary" | "neutral" | "divider"'.
  Type '"custom"' is not assignable to type '"primary" | "secondary" | "neutral" | "divider"'.
src/modules/UIBlocks/HowItWorks/CardFlipSteps.tsx(263,41): error TS2554: Expected 0 arguments, but got 1.
src/modules/UIBlocks/HowItWorks/CardFlipSteps.tsx(263,42): error TS7006: Parameter 'state' implicitly has an 'any' type.
src/modules/UIBlocks/HowItWorks/CardFlipSteps.tsx(282,13): error TS2322: Type '"primary" | "secondary" | "neutral" | "divider" | "custom"' is not assignable to type '"primary" | "secondary" | "neutral" | "divider"'.
  Type '"custom"' is not assignable to type '"primary" | "secondary" | "neutral" | "divider"'.
src/modules/UIBlocks/HowItWorks/CardFlipSteps.tsx(296,15): error TS2322: Type '"primary" | "secondary" | "neutral" | "divider" | "custom"' is not assignable to type '"primary" | "secondary" | "neutral" | "divider"'.
  Type '"custom"' is not assignable to type '"primary" | "secondary" | "neutral" | "divider"'.
src/modules/UIBlocks/HowItWorks/CardFlipSteps.tsx(319,19): error TS2322: Type '"primary" | "secondary" | "neutral" | "divider" | "custom"' is not assignable to type '"primary" | "secondary" | "neutral" | "divider"'.
  Type '"custom"' is not assignable to type '"primary" | "secondary" | "neutral" | "divider"'.
src/modules/UIBlocks/HowItWorks/CardFlipSteps.tsx(334,19): error TS2322: Type '"primary" | "secondary" | "neutral" | "divider" | "custom"' is not assignable to type '"primary" | "secondary" | "neutral" | "divider"'.
  Type '"custom"' is not assignable to type '"primary" | "secondary" | "neutral" | "divider"'.
src/modules/UIBlocks/HowItWorks/CardFlipSteps.tsx(349,19): error TS2322: Type '"primary" | "secondary" | "neutral" | "divider" | "custom"' is not assignable to type '"primary" | "secondary" | "neutral" | "divider"'.
  Type '"custom"' is not assignable to type '"primary" | "secondary" | "neutral" | "divider"'.
src/modules/UIBlocks/HowItWorks/CardFlipSteps.tsx(425,17): error TS2322: Type '"primary" | "secondary" | "neutral" | "divider" | "custom"' is not assignable to type '"primary" | "secondary" | "neutral" | "divider"'.
  Type '"custom"' is not assignable to type '"primary" | "secondary" | "neutral" | "divider"'.
src/modules/UIBlocks/HowItWorks/IconCircleSteps.tsx(193,13): error TS2322: Type '"primary" | "secondary" | "neutral" | "divider" | "custom"' is not assignable to type '"primary" | "secondary" | "neutral" | "divider"'.
  Type '"custom"' is not assignable to type '"primary" | "secondary" | "neutral" | "divider"'.
src/modules/UIBlocks/HowItWorks/IconCircleSteps.tsx(207,15): error TS2322: Type '"primary" | "secondary" | "neutral" | "divider" | "custom"' is not assignable to type '"primary" | "secondary" | "neutral" | "divider"'.
  Type '"custom"' is not assignable to type '"primary" | "secondary" | "neutral" | "divider"'.
src/modules/UIBlocks/HowItWorks/IconCircleSteps.tsx(230,19): error TS2322: Type '"primary" | "secondary" | "neutral" | "divider" | "custom"' is not assignable to type '"primary" | "secondary" | "neutral" | "divider"'.
  Type '"custom"' is not assignable to type '"primary" | "secondary" | "neutral" | "divider"'.
src/modules/UIBlocks/HowItWorks/IconCircleSteps.tsx(245,19): error TS2322: Type '"primary" | "secondary" | "neutral" | "divider" | "custom"' is not assignable to type '"primary" | "secondary" | "neutral" | "divider"'.
  Type '"custom"' is not assignable to type '"primary" | "secondary" | "neutral" | "divider"'.
src/modules/UIBlocks/HowItWorks/IconCircleSteps.tsx(329,17): error TS2322: Type '"primary" | "secondary" | "neutral" | "divider" | "custom"' is not assignable to type '"primary" | "secondary" | "neutral" | "divider"'.
  Type '"custom"' is not assignable to type '"primary" | "secondary" | "neutral" | "divider"'.
src/modules/UIBlocks/HowItWorks/VerticalTimeline.tsx(211,13): error TS2322: Type '"primary" | "secondary" | "neutral" | "divider" | "custom"' is not assignable to type '"primary" | "secondary" | "neutral" | "divider"'.
  Type '"custom"' is not assignable to type '"primary" | "secondary" | "neutral" | "divider"'.
src/modules/UIBlocks/HowItWorks/VerticalTimeline.tsx(225,15): error TS2322: Type '"primary" | "secondary" | "neutral" | "divider" | "custom"' is not assignable to type '"primary" | "secondary" | "neutral" | "divider"'.
  Type '"custom"' is not assignable to type '"primary" | "secondary" | "neutral" | "divider"'.
src/modules/UIBlocks/HowItWorks/VerticalTimeline.tsx(248,19): error TS2322: Type '"primary" | "secondary" | "neutral" | "divider" | "custom"' is not assignable to type '"primary" | "secondary" | "neutral" | "divider"'.
  Type '"custom"' is not assignable to type '"primary" | "secondary" | "neutral" | "divider"'.
src/modules/UIBlocks/HowItWorks/VerticalTimeline.tsx(263,19): error TS2322: Type '"primary" | "secondary" | "neutral" | "divider" | "custom"' is not assignable to type '"primary" | "secondary" | "neutral" | "divider"'.
  Type '"custom"' is not assignable to type '"primary" | "secondary" | "neutral" | "divider"'.
src/modules/UIBlocks/HowItWorks/VerticalTimeline.tsx(278,19): error TS2322: Type '"primary" | "secondary" | "neutral" | "divider" | "custom"' is not assignable to type '"primary" | "secondary" | "neutral" | "divider"'.
  Type '"custom"' is not assignable to type '"primary" | "secondary" | "neutral" | "divider"'.
src/modules/UIBlocks/HowItWorks/VerticalTimeline.tsx(343,17): error TS2322: Type '"primary" | "secondary" | "neutral" | "divider" | "custom"' is not assignable to type '"primary" | "secondary" | "neutral" | "divider"'.
  Type '"custom"' is not assignable to type '"primary" | "secondary" | "neutral" | "divider"'.
src/modules/UIBlocks/HowItWorks/VideoWalkthrough.tsx(94,41): error TS2554: Expected 0 arguments, but got 1.
src/modules/UIBlocks/HowItWorks/VideoWalkthrough.tsx(94,42): error TS7006: Parameter 'state' implicitly has an 'any' type.
src/modules/UIBlocks/HowItWorks/VideoWalkthrough.tsx(179,13): error TS2322: Type '"primary" | "secondary" | "neutral" | "divider" | "custom"' is not assignable to type '"primary" | "secondary" | "neutral" | "divider"'.
  Type '"custom"' is not assignable to type '"primary" | "secondary" | "neutral" | "divider"'.
src/modules/UIBlocks/HowItWorks/VideoWalkthrough.tsx(193,15): error TS2322: Type '"primary" | "secondary" | "neutral" | "divider" | "custom"' is not assignable to type '"primary" | "secondary" | "neutral" | "divider"'.
  Type '"custom"' is not assignable to type '"primary" | "secondary" | "neutral" | "divider"'.
src/modules/UIBlocks/HowItWorks/VideoWalkthrough.tsx(216,19): error TS2322: Type '"primary" | "secondary" | "neutral" | "divider" | "custom"' is not assignable to type '"primary" | "secondary" | "neutral" | "divider"'.
  Type '"custom"' is not assignable to type '"primary" | "secondary" | "neutral" | "divider"'.
src/modules/UIBlocks/HowItWorks/VideoWalkthrough.tsx(231,19): error TS2322: Type '"primary" | "secondary" | "neutral" | "divider" | "custom"' is not assignable to type '"primary" | "secondary" | "neutral" | "divider"'.
  Type '"custom"' is not assignable to type '"primary" | "secondary" | "neutral" | "divider"'.
src/modules/UIBlocks/HowItWorks/VideoWalkthrough.tsx(246,19): error TS2322: Type '"primary" | "secondary" | "neutral" | "divider" | "custom"' is not assignable to type '"primary" | "secondary" | "neutral" | "divider"'.
  Type '"custom"' is not assignable to type '"primary" | "secondary" | "neutral" | "divider"'.
src/modules/UIBlocks/HowItWorks/VideoWalkthrough.tsx(261,19): error TS2322: Type '"primary" | "secondary" | "neutral" | "divider" | "custom"' is not assignable to type '"primary" | "secondary" | "neutral" | "divider"'.
  Type '"custom"' is not assignable to type '"primary" | "secondary" | "neutral" | "divider"'.
src/modules/UIBlocks/HowItWorks/VideoWalkthrough.tsx(354,17): error TS2322: Type '"primary" | "secondary" | "neutral" | "divider" | "custom"' is not assignable to type '"primary" | "secondary" | "neutral" | "divider"'.
  Type '"custom"' is not assignable to type '"primary" | "secondary" | "neutral" | "divider"'.
src/modules/UIBlocks/HowItWorks/ZigzagImageSteps.tsx(201,41): error TS2554: Expected 0 arguments, but got 1.
src/modules/UIBlocks/HowItWorks/ZigzagImageSteps.tsx(201,42): error TS7006: Parameter 'state' implicitly has an 'any' type.
src/modules/UIBlocks/HowItWorks/ZigzagImageSteps.tsx(220,13): error TS2322: Type '"primary" | "secondary" | "neutral" | "divider" | "custom"' is not assignable to type '"primary" | "secondary" | "neutral" | "divider"'.
  Type '"custom"' is not assignable to type '"primary" | "secondary" | "neutral" | "divider"'.
src/modules/UIBlocks/HowItWorks/ZigzagImageSteps.tsx(234,15): error TS2322: Type '"primary" | "secondary" | "neutral" | "divider" | "custom"' is not assignable to type '"primary" | "secondary" | "neutral" | "divider"'.
  Type '"custom"' is not assignable to type '"primary" | "secondary" | "neutral" | "divider"'.
src/modules/UIBlocks/HowItWorks/ZigzagImageSteps.tsx(257,19): error TS2322: Type '"primary" | "secondary" | "neutral" | "divider" | "custom"' is not assignable to type '"primary" | "secondary" | "neutral" | "divider"'.
  Type '"custom"' is not assignable to type '"primary" | "secondary" | "neutral" | "divider"'.
src/modules/UIBlocks/HowItWorks/ZigzagImageSteps.tsx(272,19): error TS2322: Type '"primary" | "secondary" | "neutral" | "divider" | "custom"' is not assignable to type '"primary" | "secondary" | "neutral" | "divider"'.
  Type '"custom"' is not assignable to type '"primary" | "secondary" | "neutral" | "divider"'.
src/modules/UIBlocks/HowItWorks/ZigzagImageSteps.tsx(345,17): error TS2322: Type '"primary" | "secondary" | "neutral" | "divider" | "custom"' is not assignable to type '"primary" | "secondary" | "neutral" | "divider"'.
  Type '"custom"' is not assignable to type '"primary" | "secondary" | "neutral" | "divider"'.
src/modules/UIBlocks/Integration/BadgeCarousel.tsx(214,13): error TS2322: Type '"primary" | "secondary" | "neutral" | "divider" | "custom"' is not assignable to type '"primary" | "secondary" | "neutral" | "divider"'.
  Type '"custom"' is not assignable to type '"primary" | "secondary" | "neutral" | "divider"'.
src/modules/UIBlocks/Integration/BadgeCarousel.tsx(228,15): error TS2322: Type '"primary" | "secondary" | "neutral" | "divider" | "custom"' is not assignable to type '"primary" | "secondary" | "neutral" | "divider"'.
  Type '"custom"' is not assignable to type '"primary" | "secondary" | "neutral" | "divider"'.
src/modules/UIBlocks/Integration/CategoryAccordion.tsx(195,13): error TS2322: Type '"primary" | "secondary" | "neutral" | "divider" | "custom"' is not assignable to type '"primary" | "secondary" | "neutral" | "divider"'.
  Type '"custom"' is not assignable to type '"primary" | "secondary" | "neutral" | "divider"'.
src/modules/UIBlocks/Integration/CategoryAccordion.tsx(209,15): error TS2322: Type '"primary" | "secondary" | "neutral" | "divider" | "custom"' is not assignable to type '"primary" | "secondary" | "neutral" | "divider"'.
  Type '"custom"' is not assignable to type '"primary" | "secondary" | "neutral" | "divider"'.
src/modules/UIBlocks/Integration/CategoryAccordion.tsx(232,15): error TS2322: Type '{ fontFamily: string; fontSize: string; fontWeight: string; lineHeight: string; letterSpacing: string; } | { fontFamily: string; fontSize: string; fontWeight: string; lineHeight: string; letterSpacing: string; } | ... 6 more ... | { ...; }' is not assignable to type 'string'.
  Type '{ fontFamily: string; fontSize: string; fontWeight: string; lineHeight: string; letterSpacing: string; }' is not assignable to type 'string'.
src/modules/UIBlocks/Integration/InteractiveStackDiagram.tsx(253,13): error TS2322: Type '"primary" | "secondary" | "neutral" | "divider" | "custom"' is not assignable to type '"primary" | "secondary" | "neutral" | "divider"'.
  Type '"custom"' is not assignable to type '"primary" | "secondary" | "neutral" | "divider"'.
src/modules/UIBlocks/Integration/InteractiveStackDiagram.tsx(267,15): error TS2322: Type '"primary" | "secondary" | "neutral" | "divider" | "custom"' is not assignable to type '"primary" | "secondary" | "neutral" | "divider"'.
  Type '"custom"' is not assignable to type '"primary" | "secondary" | "neutral" | "divider"'.
src/modules/UIBlocks/Integration/InteractiveStackDiagram.tsx(292,17): error TS2322: Type '{ fontFamily: string; fontSize: string; fontWeight: string; lineHeight: string; letterSpacing: string; } | { fontFamily: string; fontSize: string; fontWeight: string; lineHeight: string; letterSpacing: string; } | ... 6 more ... | { ...; }' is not assignable to type 'string'.
  Type '{ fontFamily: string; fontSize: string; fontWeight: string; lineHeight: string; letterSpacing: string; }' is not assignable to type 'string'.
src/modules/UIBlocks/Integration/LogoGrid.tsx(195,13): error TS2322: Type '"primary" | "secondary" | "neutral" | "divider" | "custom"' is not assignable to type '"primary" | "secondary" | "neutral" | "divider"'.
  Type '"custom"' is not assignable to type '"primary" | "secondary" | "neutral" | "divider"'.
src/modules/UIBlocks/Integration/LogoGrid.tsx(211,15): error TS2322: Type '"primary" | "secondary" | "neutral" | "divider" | "custom"' is not assignable to type '"primary" | "secondary" | "neutral" | "divider"'.
  Type '"custom"' is not assignable to type '"primary" | "secondary" | "neutral" | "divider"'.
src/modules/UIBlocks/Integration/LogoGrid.tsx(231,15): error TS2322: Type '(variant: keyof typeof landingTypography) => { fontFamily: string; fontSize: string; fontWeight: string; lineHeight: string; letterSpacing: string; } | { fontFamily: string; fontSize: string; fontWeight: string; lineHeight: string; letterSpacing: string; } | ... 6 more ... | { ...; }' is not assignable to type '(variant: "body" | "hero" | "caption" | "h1" | "h2" | "h3" | "h4" | "display" | "body-lg" | "body-sm") => CSSProperties'.
  Types of parameters 'variant' and 'variant' are incompatible.
    Type '"body" | "hero" | "caption" | "h1" | "h2" | "h3" | "h4" | "display" | "body-lg" | "body-sm"' is not assignable to type '"body" | "hero" | "caption" | "h1" | "h2" | "h3" | "display" | "body-lg" | "body-sm"'.
      Type '"h4"' is not assignable to type '"body" | "hero" | "caption" | "h1" | "h2" | "h3" | "display" | "body-lg" | "body-sm"'.
src/modules/UIBlocks/Integration/LogoWithQuoteUse.tsx(291,13): error TS2322: Type '"primary" | "secondary" | "neutral" | "divider" | "custom"' is not assignable to type '"primary" | "secondary" | "neutral" | "divider"'.
  Type '"custom"' is not assignable to type '"primary" | "secondary" | "neutral" | "divider"'.
src/modules/UIBlocks/Integration/LogoWithQuoteUse.tsx(305,15): error TS2322: Type '"primary" | "secondary" | "neutral" | "divider" | "custom"' is not assignable to type '"primary" | "secondary" | "neutral" | "divider"'.
  Type '"custom"' is not assignable to type '"primary" | "secondary" | "neutral" | "divider"'.
src/modules/UIBlocks/Integration/LogoWithQuoteUse.tsx(330,17): error TS2322: Type '{ fontFamily: string; fontSize: string; fontWeight: string; lineHeight: string; letterSpacing: string; } | { fontFamily: string; fontSize: string; fontWeight: string; lineHeight: string; letterSpacing: string; } | ... 6 more ... | { ...; }' is not assignable to type 'string'.
  Type '{ fontFamily: string; fontSize: string; fontWeight: string; lineHeight: string; letterSpacing: string; }' is not assignable to type 'string'.
src/modules/UIBlocks/Integration/LogoWithQuoteUse.tsx(340,15): error TS2322: Type '{ fontFamily: string; fontSize: string; fontWeight: string; lineHeight: string; letterSpacing: string; } | { fontFamily: string; fontSize: string; fontWeight: string; lineHeight: string; letterSpacing: string; } | ... 6 more ... | { ...; }' is not assignable to type 'string'.
  Type '{ fontFamily: string; fontSize: string; fontWeight: string; lineHeight: string; letterSpacing: string; }' is not assignable to type 'string'.
src/modules/UIBlocks/Integration/TabbyIntegrationCards.tsx(227,13): error TS2322: Type '"primary" | "secondary" | "neutral" | "divider" | "custom"' is not assignable to type '"primary" | "secondary" | "neutral" | "divider"'.
  Type '"custom"' is not assignable to type '"primary" | "secondary" | "neutral" | "divider"'.
src/modules/UIBlocks/Integration/TabbyIntegrationCards.tsx(241,15): error TS2322: Type '"primary" | "secondary" | "neutral" | "divider" | "custom"' is not assignable to type '"primary" | "secondary" | "neutral" | "divider"'.
  Type '"custom"' is not assignable to type '"primary" | "secondary" | "neutral" | "divider"'.
src/modules/UIBlocks/Integration/TabbyIntegrationCards.tsx(263,15): error TS2322: Type '{ fontFamily: string; fontSize: string; fontWeight: string; lineHeight: string; letterSpacing: string; } | { fontFamily: string; fontSize: string; fontWeight: string; lineHeight: string; letterSpacing: string; } | ... 6 more ... | { ...; }' is not assignable to type 'string'.
  Type '{ fontFamily: string; fontSize: string; fontWeight: string; lineHeight: string; letterSpacing: string; }' is not assignable to type 'string'.
src/modules/UIBlocks/Integration/UseCaseTiles.tsx(247,13): error TS2322: Type '"primary" | "secondary" | "neutral" | "divider" | "custom"' is not assignable to type '"primary" | "secondary" | "neutral" | "divider"'.
  Type '"custom"' is not assignable to type '"primary" | "secondary" | "neutral" | "divider"'.
src/modules/UIBlocks/Integration/UseCaseTiles.tsx(261,15): error TS2322: Type '"primary" | "secondary" | "neutral" | "divider" | "custom"' is not assignable to type '"primary" | "secondary" | "neutral" | "divider"'.
  Type '"custom"' is not assignable to type '"primary" | "secondary" | "neutral" | "divider"'.
src/modules/UIBlocks/Integration/UseCaseTiles.tsx(284,15): error TS2322: Type '{ fontFamily: string; fontSize: string; fontWeight: string; lineHeight: string; letterSpacing: string; } | { fontFamily: string; fontSize: string; fontWeight: string; lineHeight: string; letterSpacing: string; } | ... 6 more ... | { ...; }' is not assignable to type 'string'.
  Type '{ fontFamily: string; fontSize: string; fontWeight: string; lineHeight: string; letterSpacing: string; }' is not assignable to type 'string'.
src/modules/UIBlocks/Integration/ZapierLikeBuilderPreview.tsx(249,13): error TS2322: Type '"primary" | "secondary" | "neutral" | "divider" | "custom"' is not assignable to type '"primary" | "secondary" | "neutral" | "divider"'.
  Type '"custom"' is not assignable to type '"primary" | "secondary" | "neutral" | "divider"'.
src/modules/UIBlocks/Integration/ZapierLikeBuilderPreview.tsx(263,15): error TS2322: Type '"primary" | "secondary" | "neutral" | "divider" | "custom"' is not assignable to type '"primary" | "secondary" | "neutral" | "divider"'.
  Type '"custom"' is not assignable to type '"primary" | "secondary" | "neutral" | "divider"'.
src/modules/UIBlocks/Integration/ZapierLikeBuilderPreview.tsx(308,21): error TS2322: Type '{ fontFamily: string; fontSize: string; fontWeight: string; lineHeight: string; letterSpacing: string; } | { fontFamily: string; fontSize: string; fontWeight: string; lineHeight: string; letterSpacing: string; } | ... 6 more ... | { ...; }' is not assignable to type 'string'.
  Type '{ fontFamily: string; fontSize: string; fontWeight: string; lineHeight: string; letterSpacing: string; }' is not assignable to type 'string'.
src/modules/UIBlocks/Objection/BoldGuaranteePanel.tsx(104,13): error TS2322: Type '"primary" | "secondary" | "neutral" | "divider" | "custom"' is not assignable to type '"primary" | "secondary" | "neutral" | "divider"'.
  Type '"custom"' is not assignable to type '"primary" | "secondary" | "neutral" | "divider"'.
src/modules/UIBlocks/Objection/BoldGuaranteePanel.tsx(118,15): error TS2322: Type '"primary" | "secondary" | "neutral" | "divider" | "custom"' is not assignable to type '"primary" | "secondary" | "neutral" | "divider"'.
  Type '"custom"' is not assignable to type '"primary" | "secondary" | "neutral" | "divider"'.
src/modules/UIBlocks/Objection/BoldGuaranteePanel.tsx(222,17): error TS2322: Type '"primary" | "secondary" | "neutral" | "divider" | "custom"' is not assignable to type '"primary" | "secondary" | "neutral" | "divider"'.
  Type '"custom"' is not assignable to type '"primary" | "secondary" | "neutral" | "divider"'.
src/modules/UIBlocks/Objection/MythVsRealityGrid.tsx(83,13): error TS2322: Type '"primary" | "secondary" | "neutral" | "divider" | "custom"' is not assignable to type '"primary" | "secondary" | "neutral" | "divider"'.
  Type '"custom"' is not assignable to type '"primary" | "secondary" | "neutral" | "divider"'.
src/modules/UIBlocks/Objection/MythVsRealityGrid.tsx(97,15): error TS2322: Type '"primary" | "secondary" | "neutral" | "divider" | "custom"' is not assignable to type '"primary" | "secondary" | "neutral" | "divider"'.
  Type '"custom"' is not assignable to type '"primary" | "secondary" | "neutral" | "divider"'.
src/modules/UIBlocks/Objection/ObjectionAccordion.tsx(274,13): error TS2322: Type '"primary" | "secondary" | "neutral" | "divider" | "custom"' is not assignable to type '"primary" | "secondary" | "neutral" | "divider"'.
  Type '"custom"' is not assignable to type '"primary" | "secondary" | "neutral" | "divider"'.
src/modules/UIBlocks/Objection/ObjectionAccordion.tsx(292,15): error TS2322: Type '"primary" | "secondary" | "neutral" | "divider" | "custom"' is not assignable to type '"primary" | "secondary" | "neutral" | "divider"'.
  Type '"custom"' is not assignable to type '"primary" | "secondary" | "neutral" | "divider"'.
src/modules/UIBlocks/Objection/ObjectionAccordion.tsx(318,15): error TS2322: Type '(variant: keyof typeof landingTypography) => { fontFamily: string; fontSize: string; fontWeight: string; lineHeight: string; letterSpacing: string; } | { fontFamily: string; fontSize: string; fontWeight: string; lineHeight: string; letterSpacing: string; } | ... 6 more ... | { ...; }' is not assignable to type '(variant: "body" | "hero" | "caption" | "h1" | "h2" | "h3" | "h4" | "display" | "body-lg" | "body-sm") => CSSProperties'.
  Types of parameters 'variant' and 'variant' are incompatible.
    Type '"body" | "hero" | "caption" | "h1" | "h2" | "h3" | "h4" | "display" | "body-lg" | "body-sm"' is not assignable to type '"body" | "hero" | "caption" | "h1" | "h2" | "h3" | "display" | "body-lg" | "body-sm"'.
      Type '"h4"' is not assignable to type '"body" | "hero" | "caption" | "h1" | "h2" | "h3" | "display" | "body-lg" | "body-sm"'.
src/modules/UIBlocks/Objection/ObjectionCarousel.tsx(100,13): error TS2322: Type '"primary" | "secondary" | "neutral" | "divider" | "custom"' is not assignable to type '"primary" | "secondary" | "neutral" | "divider"'.
  Type '"custom"' is not assignable to type '"primary" | "secondary" | "neutral" | "divider"'.
src/modules/UIBlocks/Objection/ObjectionCarousel.tsx(114,15): error TS2322: Type '"primary" | "secondary" | "neutral" | "divider" | "custom"' is not assignable to type '"primary" | "secondary" | "neutral" | "divider"'.
  Type '"custom"' is not assignable to type '"primary" | "secondary" | "neutral" | "divider"'.
src/modules/UIBlocks/Objection/ProblemToReframeBlocks.tsx(83,13): error TS2322: Type '"primary" | "secondary" | "neutral" | "divider" | "custom"' is not assignable to type '"primary" | "secondary" | "neutral" | "divider"'.
  Type '"custom"' is not assignable to type '"primary" | "secondary" | "neutral" | "divider"'.
src/modules/UIBlocks/Objection/ProblemToReframeBlocks.tsx(97,15): error TS2322: Type '"primary" | "secondary" | "neutral" | "divider" | "custom"' is not assignable to type '"primary" | "secondary" | "neutral" | "divider"'.
  Type '"custom"' is not assignable to type '"primary" | "secondary" | "neutral" | "divider"'.
src/modules/UIBlocks/Objection/QuoteBackedAnswers.tsx(83,13): error TS2322: Type '"primary" | "secondary" | "neutral" | "divider" | "custom"' is not assignable to type '"primary" | "secondary" | "neutral" | "divider"'.
  Type '"custom"' is not assignable to type '"primary" | "secondary" | "neutral" | "divider"'.
src/modules/UIBlocks/Objection/QuoteBackedAnswers.tsx(97,15): error TS2322: Type '"primary" | "secondary" | "neutral" | "divider" | "custom"' is not assignable to type '"primary" | "secondary" | "neutral" | "divider"'.
  Type '"custom"' is not assignable to type '"primary" | "secondary" | "neutral" | "divider"'.
src/modules/UIBlocks/Objection/SkepticToBelieverSteps.tsx(87,13): error TS2322: Type '"primary" | "secondary" | "neutral" | "divider" | "custom"' is not assignable to type '"primary" | "secondary" | "neutral" | "divider"'.
  Type '"custom"' is not assignable to type '"primary" | "secondary" | "neutral" | "divider"'.
src/modules/UIBlocks/Objection/SkepticToBelieverSteps.tsx(101,15): error TS2322: Type '"primary" | "secondary" | "neutral" | "divider" | "custom"' is not assignable to type '"primary" | "secondary" | "neutral" | "divider"'.
  Type '"custom"' is not assignable to type '"primary" | "secondary" | "neutral" | "divider"'.
src/modules/UIBlocks/Objection/VisualObjectionTiles.tsx(85,13): error TS2322: Type '"primary" | "secondary" | "neutral" | "divider" | "custom"' is not assignable to type '"primary" | "secondary" | "neutral" | "divider"'.
  Type '"custom"' is not assignable to type '"primary" | "secondary" | "neutral" | "divider"'.
src/modules/UIBlocks/Objection/VisualObjectionTiles.tsx(99,15): error TS2322: Type '"primary" | "secondary" | "neutral" | "divider" | "custom"' is not assignable to type '"primary" | "secondary" | "neutral" | "divider"'.
  Type '"custom"' is not assignable to type '"primary" | "secondary" | "neutral" | "divider"'.
src/modules/UIBlocks/Pricing/CallToQuotePlan.tsx(207,13): error TS2322: Type '"primary" | "secondary" | "neutral" | "divider" | "custom"' is not assignable to type '"primary" | "secondary" | "neutral" | "divider"'.
  Type '"custom"' is not assignable to type '"primary" | "secondary" | "neutral" | "divider"'.
src/modules/UIBlocks/Pricing/CallToQuotePlan.tsx(221,15): error TS2322: Type '"primary" | "secondary" | "neutral" | "divider" | "custom"' is not assignable to type '"primary" | "secondary" | "neutral" | "divider"'.
  Type '"custom"' is not assignable to type '"primary" | "secondary" | "neutral" | "divider"'.
src/modules/UIBlocks/Pricing/CallToQuotePlan.tsx(250,19): error TS2322: Type '"primary" | "secondary" | "neutral" | "divider" | "custom"' is not assignable to type '"primary" | "secondary" | "neutral" | "divider"'.
  Type '"custom"' is not assignable to type '"primary" | "secondary" | "neutral" | "divider"'.
src/modules/UIBlocks/Pricing/CallToQuotePlan.tsx(265,19): error TS2322: Type '"primary" | "secondary" | "neutral" | "divider" | "custom"' is not assignable to type '"primary" | "secondary" | "neutral" | "divider"'.
  Type '"custom"' is not assignable to type '"primary" | "secondary" | "neutral" | "divider"'.
src/modules/UIBlocks/Pricing/CallToQuotePlan.tsx(280,19): error TS2322: Type '"primary" | "secondary" | "neutral" | "divider" | "custom"' is not assignable to type '"primary" | "secondary" | "neutral" | "divider"'.
  Type '"custom"' is not assignable to type '"primary" | "secondary" | "neutral" | "divider"'.
src/modules/UIBlocks/Pricing/CallToQuotePlan.tsx(295,19): error TS2322: Type '"primary" | "secondary" | "neutral" | "divider" | "custom"' is not assignable to type '"primary" | "secondary" | "neutral" | "divider"'.
  Type '"custom"' is not assignable to type '"primary" | "secondary" | "neutral" | "divider"'.
src/modules/UIBlocks/Pricing/CallToQuotePlan.tsx(451,17): error TS2322: Type '"primary" | "secondary" | "neutral" | "divider" | "custom"' is not assignable to type '"primary" | "secondary" | "neutral" | "divider"'.
  Type '"custom"' is not assignable to type '"primary" | "secondary" | "neutral" | "divider"'.
src/modules/UIBlocks/Pricing/CardWithTestimonial.tsx(261,23): error TS2322: Type '"sm"' is not assignable to type '"medium" | "small" | "large" | undefined'.
src/modules/UIBlocks/Pricing/CardWithTestimonial.tsx(304,13): error TS2322: Type '"primary" | "secondary" | "neutral" | "divider" | "custom"' is not assignable to type '"primary" | "secondary" | "neutral" | "divider"'.
  Type '"custom"' is not assignable to type '"primary" | "secondary" | "neutral" | "divider"'.
src/modules/UIBlocks/Pricing/CardWithTestimonial.tsx(318,15): error TS2322: Type '"primary" | "secondary" | "neutral" | "divider" | "custom"' is not assignable to type '"primary" | "secondary" | "neutral" | "divider"'.
  Type '"custom"' is not assignable to type '"primary" | "secondary" | "neutral" | "divider"'.
src/modules/UIBlocks/Pricing/CardWithTestimonial.tsx(341,19): error TS2322: Type '"primary" | "secondary" | "neutral" | "divider" | "custom"' is not assignable to type '"primary" | "secondary" | "neutral" | "divider"'.
  Type '"custom"' is not assignable to type '"primary" | "secondary" | "neutral" | "divider"'.
src/modules/UIBlocks/Pricing/CardWithTestimonial.tsx(356,19): error TS2322: Type '"primary" | "secondary" | "neutral" | "divider" | "custom"' is not assignable to type '"primary" | "secondary" | "neutral" | "divider"'.
  Type '"custom"' is not assignable to type '"primary" | "secondary" | "neutral" | "divider"'.
src/modules/UIBlocks/Pricing/CardWithTestimonial.tsx(371,19): error TS2322: Type '"primary" | "secondary" | "neutral" | "divider" | "custom"' is not assignable to type '"primary" | "secondary" | "neutral" | "divider"'.
  Type '"custom"' is not assignable to type '"primary" | "secondary" | "neutral" | "divider"'.
src/modules/UIBlocks/Pricing/CardWithTestimonial.tsx(386,19): error TS2322: Type '"primary" | "secondary" | "neutral" | "divider" | "custom"' is not assignable to type '"primary" | "secondary" | "neutral" | "divider"'.
  Type '"custom"' is not assignable to type '"primary" | "secondary" | "neutral" | "divider"'.
src/modules/UIBlocks/Pricing/CardWithTestimonial.tsx(401,19): error TS2322: Type '"primary" | "secondary" | "neutral" | "divider" | "custom"' is not assignable to type '"primary" | "secondary" | "neutral" | "divider"'.
  Type '"custom"' is not assignable to type '"primary" | "secondary" | "neutral" | "divider"'.
src/modules/UIBlocks/Pricing/CardWithTestimonial.tsx(480,17): error TS2322: Type '"primary" | "secondary" | "neutral" | "divider" | "custom"' is not assignable to type '"primary" | "secondary" | "neutral" | "divider"'.
  Type '"custom"' is not assignable to type '"primary" | "secondary" | "neutral" | "divider"'.
src/modules/UIBlocks/Pricing/FeatureMatrix.tsx(209,13): error TS2322: Type '"primary" | "secondary" | "neutral" | "divider" | "custom"' is not assignable to type '"primary" | "secondary" | "neutral" | "divider"'.
  Type '"custom"' is not assignable to type '"primary" | "secondary" | "neutral" | "divider"'.
src/modules/UIBlocks/Pricing/FeatureMatrix.tsx(223,15): error TS2322: Type '"primary" | "secondary" | "neutral" | "divider" | "custom"' is not assignable to type '"primary" | "secondary" | "neutral" | "divider"'.
  Type '"custom"' is not assignable to type '"primary" | "secondary" | "neutral" | "divider"'.
src/modules/UIBlocks/Pricing/FeatureMatrix.tsx(246,19): error TS2322: Type '"primary" | "secondary" | "neutral" | "divider" | "custom"' is not assignable to type '"primary" | "secondary" | "neutral" | "divider"'.
  Type '"custom"' is not assignable to type '"primary" | "secondary" | "neutral" | "divider"'.
src/modules/UIBlocks/Pricing/FeatureMatrix.tsx(261,19): error TS2322: Type '"primary" | "secondary" | "neutral" | "divider" | "custom"' is not assignable to type '"primary" | "secondary" | "neutral" | "divider"'.
  Type '"custom"' is not assignable to type '"primary" | "secondary" | "neutral" | "divider"'.
src/modules/UIBlocks/Pricing/FeatureMatrix.tsx(276,19): error TS2322: Type '"primary" | "secondary" | "neutral" | "divider" | "custom"' is not assignable to type '"primary" | "secondary" | "neutral" | "divider"'.
  Type '"custom"' is not assignable to type '"primary" | "secondary" | "neutral" | "divider"'.
src/modules/UIBlocks/Pricing/FeatureMatrix.tsx(291,19): error TS2322: Type '"primary" | "secondary" | "neutral" | "divider" | "custom"' is not assignable to type '"primary" | "secondary" | "neutral" | "divider"'.
  Type '"custom"' is not assignable to type '"primary" | "secondary" | "neutral" | "divider"'.
src/modules/UIBlocks/Pricing/FeatureMatrix.tsx(454,17): error TS2322: Type '"primary" | "secondary" | "neutral" | "divider" | "custom"' is not assignable to type '"primary" | "secondary" | "neutral" | "divider"'.
  Type '"custom"' is not assignable to type '"primary" | "secondary" | "neutral" | "divider"'.
src/modules/UIBlocks/Pricing/MiniStackedCards.tsx(251,13): error TS2322: Type '"primary" | "secondary" | "neutral" | "divider" | "custom"' is not assignable to type '"primary" | "secondary" | "neutral" | "divider"'.
  Type '"custom"' is not assignable to type '"primary" | "secondary" | "neutral" | "divider"'.
src/modules/UIBlocks/Pricing/MiniStackedCards.tsx(265,15): error TS2322: Type '"primary" | "secondary" | "neutral" | "divider" | "custom"' is not assignable to type '"primary" | "secondary" | "neutral" | "divider"'.
  Type '"custom"' is not assignable to type '"primary" | "secondary" | "neutral" | "divider"'.
src/modules/UIBlocks/Pricing/MiniStackedCards.tsx(288,19): error TS2322: Type '"primary" | "secondary" | "neutral" | "divider" | "custom"' is not assignable to type '"primary" | "secondary" | "neutral" | "divider"'.
  Type '"custom"' is not assignable to type '"primary" | "secondary" | "neutral" | "divider"'.
src/modules/UIBlocks/Pricing/MiniStackedCards.tsx(303,19): error TS2322: Type '"primary" | "secondary" | "neutral" | "divider" | "custom"' is not assignable to type '"primary" | "secondary" | "neutral" | "divider"'.
  Type '"custom"' is not assignable to type '"primary" | "secondary" | "neutral" | "divider"'.
src/modules/UIBlocks/Pricing/MiniStackedCards.tsx(318,19): error TS2322: Type '"primary" | "secondary" | "neutral" | "divider" | "custom"' is not assignable to type '"primary" | "secondary" | "neutral" | "divider"'.
  Type '"custom"' is not assignable to type '"primary" | "secondary" | "neutral" | "divider"'.
src/modules/UIBlocks/Pricing/MiniStackedCards.tsx(331,19): error TS2322: Type 'string | undefined' is not assignable to type 'string'.
  Type 'undefined' is not assignable to type 'string'.
src/modules/UIBlocks/Pricing/MiniStackedCards.tsx(333,19): error TS2322: Type '"primary" | "secondary" | "neutral" | "divider" | "custom"' is not assignable to type '"primary" | "secondary" | "neutral" | "divider"'.
  Type '"custom"' is not assignable to type '"primary" | "secondary" | "neutral" | "divider"'.
src/modules/UIBlocks/Pricing/MiniStackedCards.tsx(479,17): error TS2322: Type '"primary" | "secondary" | "neutral" | "divider" | "custom"' is not assignable to type '"primary" | "secondary" | "neutral" | "divider"'.
  Type '"custom"' is not assignable to type '"primary" | "secondary" | "neutral" | "divider"'.
src/modules/UIBlocks/Pricing/SegmentBasedPricing.tsx(308,13): error TS2322: Type '"primary" | "secondary" | "neutral" | "divider" | "custom"' is not assignable to type '"primary" | "secondary" | "neutral" | "divider"'.
  Type '"custom"' is not assignable to type '"primary" | "secondary" | "neutral" | "divider"'.
src/modules/UIBlocks/Pricing/SegmentBasedPricing.tsx(322,15): error TS2322: Type '"primary" | "secondary" | "neutral" | "divider" | "custom"' is not assignable to type '"primary" | "secondary" | "neutral" | "divider"'.
  Type '"custom"' is not assignable to type '"primary" | "secondary" | "neutral" | "divider"'.
src/modules/UIBlocks/Pricing/SegmentBasedPricing.tsx(345,19): error TS2322: Type '"primary" | "secondary" | "neutral" | "divider" | "custom"' is not assignable to type '"primary" | "secondary" | "neutral" | "divider"'.
  Type '"custom"' is not assignable to type '"primary" | "secondary" | "neutral" | "divider"'.
src/modules/UIBlocks/Pricing/SegmentBasedPricing.tsx(360,19): error TS2322: Type '"primary" | "secondary" | "neutral" | "divider" | "custom"' is not assignable to type '"primary" | "secondary" | "neutral" | "divider"'.
  Type '"custom"' is not assignable to type '"primary" | "secondary" | "neutral" | "divider"'.
src/modules/UIBlocks/Pricing/SegmentBasedPricing.tsx(375,19): error TS2322: Type '"primary" | "secondary" | "neutral" | "divider" | "custom"' is not assignable to type '"primary" | "secondary" | "neutral" | "divider"'.
  Type '"custom"' is not assignable to type '"primary" | "secondary" | "neutral" | "divider"'.
src/modules/UIBlocks/Pricing/SegmentBasedPricing.tsx(390,19): error TS2322: Type '"primary" | "secondary" | "neutral" | "divider" | "custom"' is not assignable to type '"primary" | "secondary" | "neutral" | "divider"'.
  Type '"custom"' is not assignable to type '"primary" | "secondary" | "neutral" | "divider"'.
src/modules/UIBlocks/Pricing/SegmentBasedPricing.tsx(475,17): error TS2322: Type '"primary" | "secondary" | "neutral" | "divider" | "custom"' is not assignable to type '"primary" | "secondary" | "neutral" | "divider"'.
  Type '"custom"' is not assignable to type '"primary" | "secondary" | "neutral" | "divider"'.
src/modules/UIBlocks/Pricing/SliderPricing.tsx(249,13): error TS2322: Type '"primary" | "secondary" | "neutral" | "divider" | "custom"' is not assignable to type '"primary" | "secondary" | "neutral" | "divider"'.
  Type '"custom"' is not assignable to type '"primary" | "secondary" | "neutral" | "divider"'.
src/modules/UIBlocks/Pricing/SliderPricing.tsx(263,15): error TS2322: Type '"primary" | "secondary" | "neutral" | "divider" | "custom"' is not assignable to type '"primary" | "secondary" | "neutral" | "divider"'.
  Type '"custom"' is not assignable to type '"primary" | "secondary" | "neutral" | "divider"'.
src/modules/UIBlocks/Pricing/SliderPricing.tsx(286,19): error TS2322: Type '"primary" | "secondary" | "neutral" | "divider" | "custom"' is not assignable to type '"primary" | "secondary" | "neutral" | "divider"'.
  Type '"custom"' is not assignable to type '"primary" | "secondary" | "neutral" | "divider"'.
src/modules/UIBlocks/Pricing/SliderPricing.tsx(301,19): error TS2322: Type '"primary" | "secondary" | "neutral" | "divider" | "custom"' is not assignable to type '"primary" | "secondary" | "neutral" | "divider"'.
  Type '"custom"' is not assignable to type '"primary" | "secondary" | "neutral" | "divider"'.
src/modules/UIBlocks/Pricing/SliderPricing.tsx(316,19): error TS2322: Type '"primary" | "secondary" | "neutral" | "divider" | "custom"' is not assignable to type '"primary" | "secondary" | "neutral" | "divider"'.
  Type '"custom"' is not assignable to type '"primary" | "secondary" | "neutral" | "divider"'.
src/modules/UIBlocks/Pricing/SliderPricing.tsx(329,19): error TS2322: Type 'string | undefined' is not assignable to type 'string'.
  Type 'undefined' is not assignable to type 'string'.
src/modules/UIBlocks/Pricing/SliderPricing.tsx(331,19): error TS2322: Type '"primary" | "secondary" | "neutral" | "divider" | "custom"' is not assignable to type '"primary" | "secondary" | "neutral" | "divider"'.
  Type '"custom"' is not assignable to type '"primary" | "secondary" | "neutral" | "divider"'.
src/modules/UIBlocks/Pricing/SliderPricing.tsx(344,19): error TS2322: Type 'string | undefined' is not assignable to type 'string'.
  Type 'undefined' is not assignable to type 'string'.
src/modules/UIBlocks/Pricing/SliderPricing.tsx(346,19): error TS2322: Type '"primary" | "secondary" | "neutral" | "divider" | "custom"' is not assignable to type '"primary" | "secondary" | "neutral" | "divider"'.
  Type '"custom"' is not assignable to type '"primary" | "secondary" | "neutral" | "divider"'.
src/modules/UIBlocks/Pricing/SliderPricing.tsx(501,17): error TS2322: Type '"primary" | "secondary" | "neutral" | "divider" | "custom"' is not assignable to type '"primary" | "secondary" | "neutral" | "divider"'.
  Type '"custom"' is not assignable to type '"primary" | "secondary" | "neutral" | "divider"'.
src/modules/UIBlocks/Pricing/ToggleableMonthlyYearly.tsx(264,13): error TS2322: Type '"primary" | "secondary" | "neutral" | "divider" | "custom"' is not assignable to type '"primary" | "secondary" | "neutral" | "divider"'.
  Type '"custom"' is not assignable to type '"primary" | "secondary" | "neutral" | "divider"'.
src/modules/UIBlocks/Pricing/ToggleableMonthlyYearly.tsx(278,15): error TS2322: Type '"primary" | "secondary" | "neutral" | "divider" | "custom"' is not assignable to type '"primary" | "secondary" | "neutral" | "divider"'.
  Type '"custom"' is not assignable to type '"primary" | "secondary" | "neutral" | "divider"'.
src/modules/UIBlocks/Pricing/ToggleableMonthlyYearly.tsx(333,19): error TS2322: Type '"primary" | "secondary" | "neutral" | "divider" | "custom"' is not assignable to type '"primary" | "secondary" | "neutral" | "divider"'.
  Type '"custom"' is not assignable to type '"primary" | "secondary" | "neutral" | "divider"'.
src/modules/UIBlocks/Pricing/ToggleableMonthlyYearly.tsx(348,19): error TS2322: Type '"primary" | "secondary" | "neutral" | "divider" | "custom"' is not assignable to type '"primary" | "secondary" | "neutral" | "divider"'.
  Type '"custom"' is not assignable to type '"primary" | "secondary" | "neutral" | "divider"'.
src/modules/UIBlocks/Pricing/ToggleableMonthlyYearly.tsx(363,19): error TS2322: Type '"primary" | "secondary" | "neutral" | "divider" | "custom"' is not assignable to type '"primary" | "secondary" | "neutral" | "divider"'.
  Type '"custom"' is not assignable to type '"primary" | "secondary" | "neutral" | "divider"'.
src/modules/UIBlocks/Pricing/ToggleableMonthlyYearly.tsx(378,19): error TS2322: Type '"primary" | "secondary" | "neutral" | "divider" | "custom"' is not assignable to type '"primary" | "secondary" | "neutral" | "divider"'.
  Type '"custom"' is not assignable to type '"primary" | "secondary" | "neutral" | "divider"'.
src/modules/UIBlocks/Pricing/ToggleableMonthlyYearly.tsx(468,17): error TS2322: Type '"primary" | "secondary" | "neutral" | "divider" | "custom"' is not assignable to type '"primary" | "secondary" | "neutral" | "divider"'.
  Type '"custom"' is not assignable to type '"primary" | "secondary" | "neutral" | "divider"'.
src/modules/UIBlocks/PrimaryCTA/CenteredHeadlineCTA.tsx(110,11): error TS2322: Type '"primary" | "secondary" | "neutral" | "divider" | "custom"' is not assignable to type '"primary" | "secondary" | "neutral" | "divider"'.
  Type '"custom"' is not assignable to type '"primary" | "secondary" | "neutral" | "divider"'.
src/modules/UIBlocks/PrimaryCTA/CenteredHeadlineCTA.tsx(128,13): error TS2322: Type '"primary" | "secondary" | "neutral" | "divider" | "custom"' is not assignable to type '"primary" | "secondary" | "neutral" | "divider"'.
  Type '"custom"' is not assignable to type '"primary" | "secondary" | "neutral" | "divider"'.
src/modules/UIBlocks/PrimaryCTA/CountdownLimitedCTA.tsx(155,11): error TS2322: Type '"primary" | "secondary" | "neutral" | "divider" | "custom"' is not assignable to type '"primary" | "secondary" | "neutral" | "divider"'.
  Type '"custom"' is not assignable to type '"primary" | "secondary" | "neutral" | "divider"'.
src/modules/UIBlocks/PrimaryCTA/CountdownLimitedCTA.tsx(169,13): error TS2322: Type '"primary" | "secondary" | "neutral" | "divider" | "custom"' is not assignable to type '"primary" | "secondary" | "neutral" | "divider"'.
  Type '"custom"' is not assignable to type '"primary" | "secondary" | "neutral" | "divider"'.
src/modules/UIBlocks/PrimaryCTA/CTAWithBadgeRow.tsx(135,13): error TS2322: Type '"primary" | "secondary" | "neutral" | "divider" | "custom"' is not assignable to type '"primary" | "secondary" | "neutral" | "divider"'.
  Type '"custom"' is not assignable to type '"primary" | "secondary" | "neutral" | "divider"'.
src/modules/UIBlocks/PrimaryCTA/CTAWithBadgeRow.tsx(149,15): error TS2322: Type '"primary" | "secondary" | "neutral" | "divider" | "custom"' is not assignable to type '"primary" | "secondary" | "neutral" | "divider"'.
  Type '"custom"' is not assignable to type '"primary" | "secondary" | "neutral" | "divider"'.
src/modules/UIBlocks/PrimaryCTA/CTAWithFormField.tsx(113,15): error TS2322: Type '"primary" | "secondary" | "neutral" | "divider" | "custom"' is not assignable to type '"primary" | "secondary" | "neutral" | "divider"'.
  Type '"custom"' is not assignable to type '"primary" | "secondary" | "neutral" | "divider"'.
src/modules/UIBlocks/PrimaryCTA/CTAWithFormField.tsx(127,17): error TS2322: Type '"primary" | "secondary" | "neutral" | "divider" | "custom"' is not assignable to type '"primary" | "secondary" | "neutral" | "divider"'.
  Type '"custom"' is not assignable to type '"primary" | "secondary" | "neutral" | "divider"'.
src/modules/UIBlocks/PrimaryCTA/TestimonialCTACombo.tsx(154,15): error TS2322: Type '"primary" | "secondary" | "neutral" | "divider" | "custom"' is not assignable to type '"primary" | "secondary" | "neutral" | "divider"'.
  Type '"custom"' is not assignable to type '"primary" | "secondary" | "neutral" | "divider"'.
src/modules/UIBlocks/PrimaryCTA/TestimonialCTACombo.tsx(168,17): error TS2322: Type '"primary" | "secondary" | "neutral" | "divider" | "custom"' is not assignable to type '"primary" | "secondary" | "neutral" | "divider"'.
  Type '"custom"' is not assignable to type '"primary" | "secondary" | "neutral" | "divider"'.
src/modules/UIBlocks/PrimaryCTA/ValueStackCTA.tsx(153,13): error TS2322: Type '"primary" | "secondary" | "neutral" | "divider" | "custom"' is not assignable to type '"primary" | "secondary" | "neutral" | "divider"'.
  Type '"custom"' is not assignable to type '"primary" | "secondary" | "neutral" | "divider"'.
src/modules/UIBlocks/PrimaryCTA/ValueStackCTA.tsx(167,15): error TS2322: Type '"primary" | "secondary" | "neutral" | "divider" | "custom"' is not assignable to type '"primary" | "secondary" | "neutral" | "divider"'.
  Type '"custom"' is not assignable to type '"primary" | "secondary" | "neutral" | "divider"'.
src/modules/UIBlocks/PrimaryCTA/VisualCTAWithMockup.tsx(148,41): error TS2554: Expected 0 arguments, but got 1.
src/modules/UIBlocks/PrimaryCTA/VisualCTAWithMockup.tsx(148,42): error TS7006: Parameter 'state' implicitly has an 'any' type.
src/modules/UIBlocks/PrimaryCTA/VisualCTAWithMockup.tsx(169,15): error TS2322: Type '"primary" | "secondary" | "neutral" | "divider" | "custom"' is not assignable to type '"primary" | "secondary" | "neutral" | "divider"'.
  Type '"custom"' is not assignable to type '"primary" | "secondary" | "neutral" | "divider"'.
src/modules/UIBlocks/PrimaryCTA/VisualCTAWithMockup.tsx(183,17): error TS2322: Type '"primary" | "secondary" | "neutral" | "divider" | "custom"' is not assignable to type '"primary" | "secondary" | "neutral" | "divider"'.
  Type '"custom"' is not assignable to type '"primary" | "secondary" | "neutral" | "divider"'.
src/modules/UIBlocks/Problem/BeforeImageAfterText.tsx(239,13): error TS2322: Type '"primary" | "secondary" | "neutral" | "divider" | "custom"' is not assignable to type '"primary" | "secondary" | "neutral" | "divider"'.
  Type '"custom"' is not assignable to type '"primary" | "secondary" | "neutral" | "divider"'.
src/modules/UIBlocks/Problem/BeforeImageAfterText.tsx(253,15): error TS2322: Type '"primary" | "secondary" | "neutral" | "divider" | "custom"' is not assignable to type '"primary" | "secondary" | "neutral" | "divider"'.
  Type '"custom"' is not assignable to type '"primary" | "secondary" | "neutral" | "divider"'.
src/modules/UIBlocks/Problem/BeforeImageAfterText.tsx(276,19): error TS2322: Type '"primary" | "secondary" | "neutral" | "divider" | "custom"' is not assignable to type '"primary" | "secondary" | "neutral" | "divider"'.
  Type '"custom"' is not assignable to type '"primary" | "secondary" | "neutral" | "divider"'.
src/modules/UIBlocks/Problem/BeforeImageAfterText.tsx(291,19): error TS2322: Type '"primary" | "secondary" | "neutral" | "divider" | "custom"' is not assignable to type '"primary" | "secondary" | "neutral" | "divider"'.
  Type '"custom"' is not assignable to type '"primary" | "secondary" | "neutral" | "divider"'.
src/modules/UIBlocks/Problem/BeforeImageAfterText.tsx(306,19): error TS2322: Type '"primary" | "secondary" | "neutral" | "divider" | "custom"' is not assignable to type '"primary" | "secondary" | "neutral" | "divider"'.
  Type '"custom"' is not assignable to type '"primary" | "secondary" | "neutral" | "divider"'.
src/modules/UIBlocks/Problem/BeforeImageAfterText.tsx(425,17): error TS2322: Type '"primary" | "secondary" | "neutral" | "divider" | "custom"' is not assignable to type '"primary" | "secondary" | "neutral" | "divider"'.
  Type '"custom"' is not assignable to type '"primary" | "secondary" | "neutral" | "divider"'.
src/modules/UIBlocks/Problem/CollapsedCards.tsx(262,13): error TS2322: Type '"primary" | "secondary" | "neutral" | "divider" | "custom"' is not assignable to type '"primary" | "secondary" | "neutral" | "divider"'.
  Type '"custom"' is not assignable to type '"primary" | "secondary" | "neutral" | "divider"'.
src/modules/UIBlocks/Problem/CollapsedCards.tsx(276,15): error TS2322: Type '"primary" | "secondary" | "neutral" | "divider" | "custom"' is not assignable to type '"primary" | "secondary" | "neutral" | "divider"'.
  Type '"custom"' is not assignable to type '"primary" | "secondary" | "neutral" | "divider"'.
src/modules/UIBlocks/Problem/CollapsedCards.tsx(307,19): error TS2322: Type '"primary" | "secondary" | "neutral" | "divider" | "custom"' is not assignable to type '"primary" | "secondary" | "neutral" | "divider"'.
  Type '"custom"' is not assignable to type '"primary" | "secondary" | "neutral" | "divider"'.
src/modules/UIBlocks/Problem/CollapsedCards.tsx(322,19): error TS2322: Type '"primary" | "secondary" | "neutral" | "divider" | "custom"' is not assignable to type '"primary" | "secondary" | "neutral" | "divider"'.
  Type '"custom"' is not assignable to type '"primary" | "secondary" | "neutral" | "divider"'.
src/modules/UIBlocks/Problem/CollapsedCards.tsx(337,19): error TS2322: Type '"primary" | "secondary" | "neutral" | "divider" | "custom"' is not assignable to type '"primary" | "secondary" | "neutral" | "divider"'.
  Type '"custom"' is not assignable to type '"primary" | "secondary" | "neutral" | "divider"'.
src/modules/UIBlocks/Problem/CollapsedCards.tsx(352,19): error TS2322: Type '"primary" | "secondary" | "neutral" | "divider" | "custom"' is not assignable to type '"primary" | "secondary" | "neutral" | "divider"'.
  Type '"custom"' is not assignable to type '"primary" | "secondary" | "neutral" | "divider"'.
src/modules/UIBlocks/Problem/CollapsedCards.tsx(468,17): error TS2322: Type '"primary" | "secondary" | "neutral" | "divider" | "custom"' is not assignable to type '"primary" | "secondary" | "neutral" | "divider"'.
  Type '"custom"' is not assignable to type '"primary" | "secondary" | "neutral" | "divider"'.
src/modules/UIBlocks/Problem/EmotionalQuotes.tsx(215,13): error TS2322: Type '"primary" | "secondary" | "neutral" | "divider" | "custom"' is not assignable to type '"primary" | "secondary" | "neutral" | "divider"'.
  Type '"custom"' is not assignable to type '"primary" | "secondary" | "neutral" | "divider"'.
src/modules/UIBlocks/Problem/EmotionalQuotes.tsx(229,15): error TS2322: Type '"primary" | "secondary" | "neutral" | "divider" | "custom"' is not assignable to type '"primary" | "secondary" | "neutral" | "divider"'.
  Type '"custom"' is not assignable to type '"primary" | "secondary" | "neutral" | "divider"'.
src/modules/UIBlocks/Problem/EmotionalQuotes.tsx(260,19): error TS2322: Type '"primary" | "secondary" | "neutral" | "divider" | "custom"' is not assignable to type '"primary" | "secondary" | "neutral" | "divider"'.
  Type '"custom"' is not assignable to type '"primary" | "secondary" | "neutral" | "divider"'.
src/modules/UIBlocks/Problem/EmotionalQuotes.tsx(275,19): error TS2322: Type '"primary" | "secondary" | "neutral" | "divider" | "custom"' is not assignable to type '"primary" | "secondary" | "neutral" | "divider"'.
  Type '"custom"' is not assignable to type '"primary" | "secondary" | "neutral" | "divider"'.
src/modules/UIBlocks/Problem/EmotionalQuotes.tsx(290,19): error TS2322: Type '"primary" | "secondary" | "neutral" | "divider" | "custom"' is not assignable to type '"primary" | "secondary" | "neutral" | "divider"'.
  Type '"custom"' is not assignable to type '"primary" | "secondary" | "neutral" | "divider"'.
src/modules/UIBlocks/Problem/EmotionalQuotes.tsx(305,19): error TS2322: Type '"primary" | "secondary" | "neutral" | "divider" | "custom"' is not assignable to type '"primary" | "secondary" | "neutral" | "divider"'.
  Type '"custom"' is not assignable to type '"primary" | "secondary" | "neutral" | "divider"'.
src/modules/UIBlocks/Problem/EmotionalQuotes.tsx(435,17): error TS2322: Type '"primary" | "secondary" | "neutral" | "divider" | "custom"' is not assignable to type '"primary" | "secondary" | "neutral" | "divider"'.
  Type '"custom"' is not assignable to type '"primary" | "secondary" | "neutral" | "divider"'.
src/modules/UIBlocks/Problem/PainMeterChart.tsx(238,13): error TS2322: Type '"primary" | "secondary" | "neutral" | "divider" | "custom"' is not assignable to type '"primary" | "secondary" | "neutral" | "divider"'.
  Type '"custom"' is not assignable to type '"primary" | "secondary" | "neutral" | "divider"'.
src/modules/UIBlocks/Problem/PainMeterChart.tsx(252,15): error TS2322: Type '"primary" | "secondary" | "neutral" | "divider" | "custom"' is not assignable to type '"primary" | "secondary" | "neutral" | "divider"'.
  Type '"custom"' is not assignable to type '"primary" | "secondary" | "neutral" | "divider"'.
src/modules/UIBlocks/Problem/PainMeterChart.tsx(283,19): error TS2322: Type '"primary" | "secondary" | "neutral" | "divider" | "custom"' is not assignable to type '"primary" | "secondary" | "neutral" | "divider"'.
  Type '"custom"' is not assignable to type '"primary" | "secondary" | "neutral" | "divider"'.
src/modules/UIBlocks/Problem/PainMeterChart.tsx(298,19): error TS2322: Type '"primary" | "secondary" | "neutral" | "divider" | "custom"' is not assignable to type '"primary" | "secondary" | "neutral" | "divider"'.
  Type '"custom"' is not assignable to type '"primary" | "secondary" | "neutral" | "divider"'.
src/modules/UIBlocks/Problem/PainMeterChart.tsx(313,19): error TS2322: Type '"primary" | "secondary" | "neutral" | "divider" | "custom"' is not assignable to type '"primary" | "secondary" | "neutral" | "divider"'.
  Type '"custom"' is not assignable to type '"primary" | "secondary" | "neutral" | "divider"'.
src/modules/UIBlocks/Problem/PainMeterChart.tsx(328,19): error TS2322: Type '"primary" | "secondary" | "neutral" | "divider" | "custom"' is not assignable to type '"primary" | "secondary" | "neutral" | "divider"'.
  Type '"custom"' is not assignable to type '"primary" | "secondary" | "neutral" | "divider"'.
src/modules/UIBlocks/Problem/PainMeterChart.tsx(468,17): error TS2322: Type '"primary" | "secondary" | "neutral" | "divider" | "custom"' is not assignable to type '"primary" | "secondary" | "neutral" | "divider"'.
  Type '"custom"' is not assignable to type '"primary" | "secondary" | "neutral" | "divider"'.
src/modules/UIBlocks/Problem/PersonaPanels.tsx(326,13): error TS2322: Type '"primary" | "secondary" | "neutral" | "divider" | "custom"' is not assignable to type '"primary" | "secondary" | "neutral" | "divider"'.
  Type '"custom"' is not assignable to type '"primary" | "secondary" | "neutral" | "divider"'.
src/modules/UIBlocks/Problem/PersonaPanels.tsx(340,15): error TS2322: Type '"primary" | "secondary" | "neutral" | "divider" | "custom"' is not assignable to type '"primary" | "secondary" | "neutral" | "divider"'.
  Type '"custom"' is not assignable to type '"primary" | "secondary" | "neutral" | "divider"'.
src/modules/UIBlocks/Problem/PersonaPanels.tsx(371,19): error TS2322: Type '"primary" | "secondary" | "neutral" | "divider" | "custom"' is not assignable to type '"primary" | "secondary" | "neutral" | "divider"'.
  Type '"custom"' is not assignable to type '"primary" | "secondary" | "neutral" | "divider"'.
src/modules/UIBlocks/Problem/PersonaPanels.tsx(386,19): error TS2322: Type '"primary" | "secondary" | "neutral" | "divider" | "custom"' is not assignable to type '"primary" | "secondary" | "neutral" | "divider"'.
  Type '"custom"' is not assignable to type '"primary" | "secondary" | "neutral" | "divider"'.
src/modules/UIBlocks/Problem/PersonaPanels.tsx(401,19): error TS2322: Type '"primary" | "secondary" | "neutral" | "divider" | "custom"' is not assignable to type '"primary" | "secondary" | "neutral" | "divider"'.
  Type '"custom"' is not assignable to type '"primary" | "secondary" | "neutral" | "divider"'.
src/modules/UIBlocks/Problem/PersonaPanels.tsx(416,19): error TS2322: Type '"primary" | "secondary" | "neutral" | "divider" | "custom"' is not assignable to type '"primary" | "secondary" | "neutral" | "divider"'.
  Type '"custom"' is not assignable to type '"primary" | "secondary" | "neutral" | "divider"'.
src/modules/UIBlocks/Problem/PersonaPanels.tsx(508,17): error TS2322: Type '"primary" | "secondary" | "neutral" | "divider" | "custom"' is not assignable to type '"primary" | "secondary" | "neutral" | "divider"'.
  Type '"custom"' is not assignable to type '"primary" | "secondary" | "neutral" | "divider"'.
src/modules/UIBlocks/Problem/ProblemChecklist.tsx(216,13): error TS2322: Type '"primary" | "secondary" | "neutral" | "divider" | "custom"' is not assignable to type '"primary" | "secondary" | "neutral" | "divider"'.
  Type '"custom"' is not assignable to type '"primary" | "secondary" | "neutral" | "divider"'.
src/modules/UIBlocks/Problem/ProblemChecklist.tsx(230,15): error TS2322: Type '"primary" | "secondary" | "neutral" | "divider" | "custom"' is not assignable to type '"primary" | "secondary" | "neutral" | "divider"'.
  Type '"custom"' is not assignable to type '"primary" | "secondary" | "neutral" | "divider"'.
src/modules/UIBlocks/Problem/ProblemChecklist.tsx(261,19): error TS2322: Type '"primary" | "secondary" | "neutral" | "divider" | "custom"' is not assignable to type '"primary" | "secondary" | "neutral" | "divider"'.
  Type '"custom"' is not assignable to type '"primary" | "secondary" | "neutral" | "divider"'.
src/modules/UIBlocks/Problem/ProblemChecklist.tsx(276,19): error TS2322: Type '"primary" | "secondary" | "neutral" | "divider" | "custom"' is not assignable to type '"primary" | "secondary" | "neutral" | "divider"'.
  Type '"custom"' is not assignable to type '"primary" | "secondary" | "neutral" | "divider"'.
src/modules/UIBlocks/Problem/ProblemChecklist.tsx(291,19): error TS2322: Type '"primary" | "secondary" | "neutral" | "divider" | "custom"' is not assignable to type '"primary" | "secondary" | "neutral" | "divider"'.
  Type '"custom"' is not assignable to type '"primary" | "secondary" | "neutral" | "divider"'.
src/modules/UIBlocks/Problem/ProblemChecklist.tsx(306,19): error TS2322: Type '"primary" | "secondary" | "neutral" | "divider" | "custom"' is not assignable to type '"primary" | "secondary" | "neutral" | "divider"'.
  Type '"custom"' is not assignable to type '"primary" | "secondary" | "neutral" | "divider"'.
src/modules/UIBlocks/Problem/ProblemChecklist.tsx(462,17): error TS2322: Type '"primary" | "secondary" | "neutral" | "divider" | "custom"' is not assignable to type '"primary" | "secondary" | "neutral" | "divider"'.
  Type '"custom"' is not assignable to type '"primary" | "secondary" | "neutral" | "divider"'.
src/modules/UIBlocks/Problem/SideBySideSplit.tsx(123,13): error TS2322: Type '"primary" | "secondary" | "neutral" | "divider" | "custom"' is not assignable to type '"primary" | "secondary" | "neutral" | "divider"'.
  Type '"custom"' is not assignable to type '"primary" | "secondary" | "neutral" | "divider"'.
src/modules/UIBlocks/Problem/SideBySideSplit.tsx(137,15): error TS2322: Type '"primary" | "secondary" | "neutral" | "divider" | "custom"' is not assignable to type '"primary" | "secondary" | "neutral" | "divider"'.
  Type '"custom"' is not assignable to type '"primary" | "secondary" | "neutral" | "divider"'.
src/modules/UIBlocks/Problem/SideBySideSplit.tsx(160,19): error TS2322: Type '"primary" | "secondary" | "neutral" | "divider" | "custom"' is not assignable to type '"primary" | "secondary" | "neutral" | "divider"'.
  Type '"custom"' is not assignable to type '"primary" | "secondary" | "neutral" | "divider"'.
src/modules/UIBlocks/Problem/SideBySideSplit.tsx(175,19): error TS2322: Type '"primary" | "secondary" | "neutral" | "divider" | "custom"' is not assignable to type '"primary" | "secondary" | "neutral" | "divider"'.
  Type '"custom"' is not assignable to type '"primary" | "secondary" | "neutral" | "divider"'.
src/modules/UIBlocks/Problem/SideBySideSplit.tsx(190,19): error TS2322: Type '"primary" | "secondary" | "neutral" | "divider" | "custom"' is not assignable to type '"primary" | "secondary" | "neutral" | "divider"'.
  Type '"custom"' is not assignable to type '"primary" | "secondary" | "neutral" | "divider"'.
src/modules/UIBlocks/Problem/SideBySideSplit.tsx(205,19): error TS2322: Type '"primary" | "secondary" | "neutral" | "divider" | "custom"' is not assignable to type '"primary" | "secondary" | "neutral" | "divider"'.
  Type '"custom"' is not assignable to type '"primary" | "secondary" | "neutral" | "divider"'.
src/modules/UIBlocks/Problem/SideBySideSplit.tsx(220,19): error TS2322: Type '"primary" | "secondary" | "neutral" | "divider" | "custom"' is not assignable to type '"primary" | "secondary" | "neutral" | "divider"'.
  Type '"custom"' is not assignable to type '"primary" | "secondary" | "neutral" | "divider"'.
src/modules/UIBlocks/Problem/SideBySideSplit.tsx(420,17): error TS2322: Type '"primary" | "secondary" | "neutral" | "divider" | "custom"' is not assignable to type '"primary" | "secondary" | "neutral" | "divider"'.
  Type '"custom"' is not assignable to type '"primary" | "secondary" | "neutral" | "divider"'.
src/modules/UIBlocks/Problem/StackedPainBullets.tsx(150,35): error TS2345: Argument of type '"h4"' is not assignable to parameter of type '"body" | "hero" | "caption" | "h1" | "h2" | "h3" | "display" | "body-lg" | "body-sm"'.
src/modules/UIBlocks/Problem/StackedPainBullets.tsx(157,35): error TS2345: Argument of type '"h4"' is not assignable to parameter of type '"body" | "hero" | "caption" | "h1" | "h2" | "h3" | "display" | "body-lg" | "body-sm"'.
src/modules/UIBlocks/Results/BeforeAfterStats.tsx(92,33): error TS2345: Argument of type '"h4"' is not assignable to parameter of type '"body" | "hero" | "caption" | "h1" | "h2" | "h3" | "display" | "body-lg" | "body-sm"'.
src/modules/UIBlocks/Results/BeforeAfterStats.tsx(99,33): error TS2345: Argument of type '"h4"' is not assignable to parameter of type '"body" | "hero" | "caption" | "h1" | "h2" | "h3" | "display" | "body-lg" | "body-sm"'.
src/modules/UIBlocks/Results/BeforeAfterStats.tsx(282,15): error TS2322: Type 'string | undefined' is not assignable to type 'string'.
  Type 'undefined' is not assignable to type 'string'.
src/modules/UIBlocks/Results/EmojiOutcomeGrid.tsx(104,33): error TS2345: Argument of type '"h4"' is not assignable to parameter of type '"body" | "hero" | "caption" | "h1" | "h2" | "h3" | "display" | "body-lg" | "body-sm"'.
src/modules/UIBlocks/Results/EmojiOutcomeGrid.tsx(111,33): error TS2345: Argument of type '"h4"' is not assignable to parameter of type '"body" | "hero" | "caption" | "h1" | "h2" | "h3" | "display" | "body-lg" | "body-sm"'.
src/modules/UIBlocks/Results/EmojiOutcomeGrid.tsx(218,15): error TS2322: Type 'string | undefined' is not assignable to type 'string'.
  Type 'undefined' is not assignable to type 'string'.
src/modules/UIBlocks/Results/OutcomeIcons.tsx(132,10): error TS7053: Element implicitly has an 'any' type because expression of type 'string' can't be used to index type '{ growth: { bg: string; icon: string; border: string; }; efficiency: { bg: string; icon: string; border: string; }; security: { bg: string; icon: string; border: string; }; collaboration: { bg: string; icon: string; border: string; }; automation: { ...; }; innovation: { ...; }; analytics: { ...; }; support: { ...; }...'.
  No index signature with a parameter of type 'string' was found on type '{ growth: { bg: string; icon: string; border: string; }; efficiency: { bg: string; icon: string; border: string; }; security: { bg: string; icon: string; border: string; }; collaboration: { bg: string; icon: string; border: string; }; automation: { ...; }; innovation: { ...; }; analytics: { ...; }; support: { ...; }...'.
src/modules/UIBlocks/Results/OutcomeIcons.tsx(188,33): error TS2345: Argument of type '"h4"' is not assignable to parameter of type '"body" | "hero" | "caption" | "h1" | "h2" | "h3" | "display" | "body-lg" | "body-sm"'.
src/modules/UIBlocks/Results/OutcomeIcons.tsx(195,33): error TS2345: Argument of type '"h4"' is not assignable to parameter of type '"body" | "hero" | "caption" | "h1" | "h2" | "h3" | "display" | "body-lg" | "body-sm"'.
src/modules/UIBlocks/Results/OutcomeIcons.tsx(297,15): error TS2322: Type 'string | undefined' is not assignable to type 'string'.
  Type 'undefined' is not assignable to type 'string'.
src/modules/UIBlocks/Results/PersonaResultPanels.tsx(366,15): error TS2322: Type 'string | undefined' is not assignable to type 'string'.
  Type 'undefined' is not assignable to type 'string'.
src/modules/UIBlocks/Results/QuoteWithMetric.tsx(356,15): error TS2322: Type 'string | undefined' is not assignable to type 'string'.
  Type 'undefined' is not assignable to type 'string'.
src/modules/UIBlocks/Results/StackedWinsList.tsx(69,10): error TS7053: Element implicitly has an 'any' type because expression of type 'string' can't be used to index type '{ 'time savings': { bg: string; text: string; border: string; }; productivity: { bg: string; text: string; border: string; }; 'cost reduction': { bg: string; text: string; border: string; }; automation: { bg: string; text: string; border: string; }; 'customer success': { ...; }; scalability: { ...; }; workflow: { .....'.
  No index signature with a parameter of type 'string' was found on type '{ 'time savings': { bg: string; text: string; border: string; }; productivity: { bg: string; text: string; border: string; }; 'cost reduction': { bg: string; text: string; border: string; }; automation: { bg: string; text: string; border: string; }; 'customer success': { ...; }; scalability: { ...; }; workflow: { .....'.
src/modules/UIBlocks/Results/StackedWinsList.tsx(136,35): error TS2345: Argument of type '"h4"' is not assignable to parameter of type '"body" | "hero" | "caption" | "h1" | "h2" | "h3" | "display" | "body-lg" | "body-sm"'.
src/modules/UIBlocks/Results/StackedWinsList.tsx(143,35): error TS2345: Argument of type '"h4"' is not assignable to parameter of type '"body" | "hero" | "caption" | "h1" | "h2" | "h3" | "display" | "body-lg" | "body-sm"'.
src/modules/UIBlocks/Results/StackedWinsList.tsx(248,15): error TS2322: Type 'string | undefined' is not assignable to type 'string'.
  Type 'undefined' is not assignable to type 'string'.
src/modules/UIBlocks/Results/StatBlocks.tsx(208,33): error TS2345: Argument of type '"h4"' is not assignable to parameter of type '"body" | "hero" | "caption" | "h1" | "h2" | "h3" | "display" | "body-lg" | "body-sm"'.
src/modules/UIBlocks/Results/StatBlocks.tsx(215,33): error TS2345: Argument of type '"h4"' is not assignable to parameter of type '"body" | "hero" | "caption" | "h1" | "h2" | "h3" | "display" | "body-lg" | "body-sm"'.
src/modules/UIBlocks/Results/StatBlocks.tsx(315,15): error TS2322: Type 'string | undefined' is not assignable to type 'string'.
  Type 'undefined' is not assignable to type 'string'.
src/modules/UIBlocks/Results/TimelineResults.tsx(277,15): error TS2322: Type 'string | undefined' is not assignable to type 'string'.
  Type 'undefined' is not assignable to type 'string'.
src/modules/UIBlocks/Security/AuditResultsPanel.tsx(94,13): error TS2322: Type '"primary" | "secondary" | "neutral" | "divider" | "custom"' is not assignable to type '"primary" | "secondary" | "neutral" | "divider"'.
  Type '"custom"' is not assignable to type '"primary" | "secondary" | "neutral" | "divider"'.
src/modules/UIBlocks/Security/AuditResultsPanel.tsx(108,15): error TS2322: Type '"primary" | "secondary" | "neutral" | "divider" | "custom"' is not assignable to type '"primary" | "secondary" | "neutral" | "divider"'.
  Type '"custom"' is not assignable to type '"primary" | "secondary" | "neutral" | "divider"'.
src/modules/UIBlocks/Security/AuditResultsPanel.tsx(155,45): error TS2345: Argument of type '"h4"' is not assignable to parameter of type '"body" | "hero" | "caption" | "h1" | "h2" | "h3" | "display" | "body-lg" | "body-sm"'.
src/modules/UIBlocks/Security/AuditResultsPanel.tsx(174,45): error TS2345: Argument of type '"h4"' is not assignable to parameter of type '"body" | "hero" | "caption" | "h1" | "h2" | "h3" | "display" | "body-lg" | "body-sm"'.
src/modules/UIBlocks/Security/ComplianceBadgeGrid.tsx(157,13): error TS2322: Type '"primary" | "secondary" | "neutral" | "divider" | "custom"' is not assignable to type '"primary" | "secondary" | "neutral" | "divider"'.
  Type '"custom"' is not assignable to type '"primary" | "secondary" | "neutral" | "divider"'.
src/modules/UIBlocks/Security/ComplianceBadgeGrid.tsx(171,15): error TS2322: Type '"primary" | "secondary" | "neutral" | "divider" | "custom"' is not assignable to type '"primary" | "secondary" | "neutral" | "divider"'.
  Type '"custom"' is not assignable to type '"primary" | "secondary" | "neutral" | "divider"'.
src/modules/UIBlocks/Security/PenetrationTestResults.tsx(97,43): error TS2345: Argument of type '"h4"' is not assignable to parameter of type '"body" | "hero" | "caption" | "h1" | "h2" | "h3" | "display" | "body-lg" | "body-sm"'.
src/modules/UIBlocks/Security/PenetrationTestResults.tsx(114,43): error TS2345: Argument of type '"h4"' is not assignable to parameter of type '"body" | "hero" | "caption" | "h1" | "h2" | "h3" | "display" | "body-lg" | "body-sm"'.
src/modules/UIBlocks/Security/SecurityChecklist.tsx(187,35): error TS2345: Argument of type '"h4"' is not assignable to parameter of type '"body" | "hero" | "caption" | "h1" | "h2" | "h3" | "display" | "body-lg" | "body-sm"'.
src/modules/UIBlocks/Security/SecurityChecklist.tsx(194,35): error TS2345: Argument of type '"h4"' is not assignable to parameter of type '"body" | "hero" | "caption" | "h1" | "h2" | "h3" | "display" | "body-lg" | "body-sm"'.
src/modules/UIBlocks/Security/SecurityChecklist.tsx(316,86): error TS2345: Argument of type '"h4"' is not assignable to parameter of type '"body" | "hero" | "caption" | "h1" | "h2" | "h3" | "display" | "body-lg" | "body-sm"'.
src/modules/UIBlocks/Security/SecurityFeatureCards.tsx(198,13): error TS2322: Type '"primary" | "secondary" | "neutral" | "divider" | "custom"' is not assignable to type '"primary" | "secondary" | "neutral" | "divider"'.
  Type '"custom"' is not assignable to type '"primary" | "secondary" | "neutral" | "divider"'.
src/modules/UIBlocks/Security/SecurityFeatureCards.tsx(212,15): error TS2322: Type '"primary" | "secondary" | "neutral" | "divider" | "custom"' is not assignable to type '"primary" | "secondary" | "neutral" | "divider"'.
  Type '"custom"' is not assignable to type '"primary" | "secondary" | "neutral" | "divider"'.
src/modules/UIBlocks/Security/TrustSealCollection.tsx(59,11): error TS2322: Type '"primary" | "secondary" | "neutral" | "divider" | "custom"' is not assignable to type '"primary" | "secondary" | "neutral" | "divider"'.
  Type '"custom"' is not assignable to type '"primary" | "secondary" | "neutral" | "divider"'.
src/modules/UIBlocks/SocialProof/IndustryBadgeLine.tsx(223,13): error TS2322: Type '"primary" | "secondary" | "neutral" | "divider" | "custom"' is not assignable to type '"primary" | "secondary" | "neutral" | "divider"'.
  Type '"custom"' is not assignable to type '"primary" | "secondary" | "neutral" | "divider"'.
src/modules/UIBlocks/SocialProof/IndustryBadgeLine.tsx(237,15): error TS2322: Type '"primary" | "secondary" | "neutral" | "divider" | "custom"' is not assignable to type '"primary" | "secondary" | "neutral" | "divider"'.
  Type '"custom"' is not assignable to type '"primary" | "secondary" | "neutral" | "divider"'.
src/modules/UIBlocks/SocialProof/LogoWall.tsx(179,13): error TS2322: Type '"primary" | "secondary" | "neutral" | "divider" | "custom"' is not assignable to type '"primary" | "secondary" | "neutral" | "divider"'.
  Type '"custom"' is not assignable to type '"primary" | "secondary" | "neutral" | "divider"'.
src/modules/UIBlocks/SocialProof/LogoWall.tsx(195,15): error TS2322: Type '"primary" | "secondary" | "neutral" | "divider" | "custom"' is not assignable to type '"primary" | "secondary" | "neutral" | "divider"'.
  Type '"custom"' is not assignable to type '"primary" | "secondary" | "neutral" | "divider"'.
src/modules/UIBlocks/SocialProof/LogoWall.tsx(215,15): error TS2322: Type '(variant: keyof typeof landingTypography) => { fontFamily: string; fontSize: string; fontWeight: string; lineHeight: string; letterSpacing: string; } | { fontFamily: string; fontSize: string; fontWeight: string; lineHeight: string; letterSpacing: string; } | ... 6 more ... | { ...; }' is not assignable to type '(variant: "body" | "hero" | "caption" | "h1" | "h2" | "h3" | "h4" | "display" | "body-lg" | "body-sm") => CSSProperties'.
  Types of parameters 'variant' and 'variant' are incompatible.
    Type '"body" | "hero" | "caption" | "h1" | "h2" | "h3" | "h4" | "display" | "body-lg" | "body-sm"' is not assignable to type '"body" | "hero" | "caption" | "h1" | "h2" | "h3" | "display" | "body-lg" | "body-sm"'.
      Type '"h4"' is not assignable to type '"body" | "hero" | "caption" | "h1" | "h2" | "h3" | "display" | "body-lg" | "body-sm"'.
src/modules/UIBlocks/SocialProof/MapHeatSpots.tsx(228,9): error TS2322: Type '{ value: string; style: any; className: string; }' is not assignable to type 'IntrinsicAttributes & { number: string | number; label: string; prefix?: string | undefined; suffix?: string | undefined; highlighted?: boolean | undefined; className?: string | undefined; }'.
  Property 'value' does not exist on type 'IntrinsicAttributes & { number: string | number; label: string; prefix?: string | undefined; suffix?: string | undefined; highlighted?: boolean | undefined; className?: string | undefined; }'.
src/modules/UIBlocks/SocialProof/MapHeatSpots.tsx(285,13): error TS2322: Type '"primary" | "secondary" | "neutral" | "divider" | "custom"' is not assignable to type '"primary" | "secondary" | "neutral" | "divider"'.
  Type '"custom"' is not assignable to type '"primary" | "secondary" | "neutral" | "divider"'.
src/modules/UIBlocks/SocialProof/MapHeatSpots.tsx(299,15): error TS2322: Type '"primary" | "secondary" | "neutral" | "divider" | "custom"' is not assignable to type '"primary" | "secondary" | "neutral" | "divider"'.
  Type '"custom"' is not assignable to type '"primary" | "secondary" | "neutral" | "divider"'.
src/modules/UIBlocks/SocialProof/MediaMentions.tsx(147,13): error TS2322: Type '"primary" | "secondary" | "neutral" | "divider" | "custom"' is not assignable to type '"primary" | "secondary" | "neutral" | "divider"'.
  Type '"custom"' is not assignable to type '"primary" | "secondary" | "neutral" | "divider"'.
src/modules/UIBlocks/SocialProof/MediaMentions.tsx(161,15): error TS2322: Type '"primary" | "secondary" | "neutral" | "divider" | "custom"' is not assignable to type '"primary" | "secondary" | "neutral" | "divider"'.
  Type '"custom"' is not assignable to type '"primary" | "secondary" | "neutral" | "divider"'.
src/modules/UIBlocks/SocialProof/SocialProofStrip.tsx(193,13): error TS2322: Type '"primary" | "secondary" | "neutral" | "divider" | "custom"' is not assignable to type '"primary" | "secondary" | "neutral" | "divider"'.
  Type '"custom"' is not assignable to type '"primary" | "secondary" | "neutral" | "divider"'.
src/modules/UIBlocks/SocialProof/StackedStats.tsx(187,15): error TS2322: Type '{ value: string; style: any; className: string; }' is not assignable to type 'IntrinsicAttributes & { number: string | number; label: string; prefix?: string | undefined; suffix?: string | undefined; highlighted?: boolean | undefined; className?: string | undefined; }'.
  Property 'value' does not exist on type 'IntrinsicAttributes & { number: string | number; label: string; prefix?: string | undefined; suffix?: string | undefined; highlighted?: boolean | undefined; className?: string | undefined; }'.
src/modules/UIBlocks/SocialProof/StackedStats.tsx(265,13): error TS2322: Type '"primary" | "secondary" | "neutral" | "divider" | "custom"' is not assignable to type '"primary" | "secondary" | "neutral" | "divider"'.
  Type '"custom"' is not assignable to type '"primary" | "secondary" | "neutral" | "divider"'.
src/modules/UIBlocks/SocialProof/StackedStats.tsx(279,15): error TS2322: Type '"primary" | "secondary" | "neutral" | "divider" | "custom"' is not assignable to type '"primary" | "secondary" | "neutral" | "divider"'.
  Type '"custom"' is not assignable to type '"primary" | "secondary" | "neutral" | "divider"'.
src/modules/UIBlocks/SocialProof/StripWithReviews.tsx(193,13): error TS2322: Type '"primary" | "secondary" | "neutral" | "divider" | "custom"' is not assignable to type '"primary" | "secondary" | "neutral" | "divider"'.
  Type '"custom"' is not assignable to type '"primary" | "secondary" | "neutral" | "divider"'.
src/modules/UIBlocks/SocialProof/StripWithReviews.tsx(207,15): error TS2322: Type '"primary" | "secondary" | "neutral" | "divider" | "custom"' is not assignable to type '"primary" | "secondary" | "neutral" | "divider"'.
  Type '"custom"' is not assignable to type '"primary" | "secondary" | "neutral" | "divider"'.
src/modules/UIBlocks/SocialProof/UserCountBar.tsx(87,11): error TS2322: Type '{ value: string; style: any; className: string; }' is not assignable to type 'IntrinsicAttributes & { number: string | number; label: string; prefix?: string | undefined; suffix?: string | undefined; highlighted?: boolean | undefined; className?: string | undefined; }'.
  Property 'value' does not exist on type 'IntrinsicAttributes & { number: string | number; label: string; prefix?: string | undefined; suffix?: string | undefined; highlighted?: boolean | undefined; className?: string | undefined; }'.
src/modules/UIBlocks/SocialProof/UserCountBar.tsx(202,13): error TS2322: Type '"primary" | "secondary" | "neutral" | "divider" | "custom"' is not assignable to type '"primary" | "secondary" | "neutral" | "divider"'.
  Type '"custom"' is not assignable to type '"primary" | "secondary" | "neutral" | "divider"'.
src/modules/UIBlocks/SocialProof/UserCountBar.tsx(216,15): error TS2322: Type '"primary" | "secondary" | "neutral" | "divider" | "custom"' is not assignable to type '"primary" | "secondary" | "neutral" | "divider"'.
  Type '"custom"' is not assignable to type '"primary" | "secondary" | "neutral" | "divider"'.
src/modules/UIBlocks/Testimonial/AvatarCarousel.tsx(96,5): error TS2322: Type '{ headline: { type: "string"; default: string; }; testimonial_quotes: { type: "string"; default: string; }; customer_names: { type: "string"; default: string; }; customer_titles: { type: "string"; default: string; }; ... 7 more ...; trust_items: { ...; }; }' is not assignable to type 'Record<string, { type: "string" | "array"; default: string; }>'.
  Property 'auto_rotate' is incompatible with index signature.
    Type '{ type: "boolean"; default: boolean; }' is not assignable to type '{ type: "string" | "array"; default: string; }'.
      Types of property 'type' are incompatible.
        Type '"boolean"' is not assignable to type '"string" | "array"'.
src/modules/UIBlocks/Testimonial/AvatarCarousel.tsx(152,41): error TS2554: Expected 0 arguments, but got 1.
src/modules/UIBlocks/Testimonial/AvatarCarousel.tsx(152,42): error TS7006: Parameter 'state' implicitly has an 'any' type.
src/modules/UIBlocks/Testimonial/AvatarCarousel.tsx(231,13): error TS2322: Type '"primary" | "secondary" | "neutral" | "divider" | "custom"' is not assignable to type '"primary" | "secondary" | "neutral" | "divider"'.
  Type '"custom"' is not assignable to type '"primary" | "secondary" | "neutral" | "divider"'.
src/modules/UIBlocks/Testimonial/AvatarCarousel.tsx(245,15): error TS2322: Type '"primary" | "secondary" | "neutral" | "divider" | "custom"' is not assignable to type '"primary" | "secondary" | "neutral" | "divider"'.
  Type '"custom"' is not assignable to type '"primary" | "secondary" | "neutral" | "divider"'.
src/modules/UIBlocks/Testimonial/AvatarCarousel.tsx(268,19): error TS2322: Type '"primary" | "secondary" | "neutral" | "divider" | "custom"' is not assignable to type '"primary" | "secondary" | "neutral" | "divider"'.
  Type '"custom"' is not assignable to type '"primary" | "secondary" | "neutral" | "divider"'.
src/modules/UIBlocks/Testimonial/AvatarCarousel.tsx(283,19): error TS2322: Type '"primary" | "secondary" | "neutral" | "divider" | "custom"' is not assignable to type '"primary" | "secondary" | "neutral" | "divider"'.
  Type '"custom"' is not assignable to type '"primary" | "secondary" | "neutral" | "divider"'.
src/modules/UIBlocks/Testimonial/AvatarCarousel.tsx(298,19): error TS2322: Type '"primary" | "secondary" | "neutral" | "divider" | "custom"' is not assignable to type '"primary" | "secondary" | "neutral" | "divider"'.
  Type '"custom"' is not assignable to type '"primary" | "secondary" | "neutral" | "divider"'.
src/modules/UIBlocks/Testimonial/AvatarCarousel.tsx(313,19): error TS2322: Type '"primary" | "secondary" | "neutral" | "divider" | "custom"' is not assignable to type '"primary" | "secondary" | "neutral" | "divider"'.
  Type '"custom"' is not assignable to type '"primary" | "secondary" | "neutral" | "divider"'.
src/modules/UIBlocks/Testimonial/AvatarCarousel.tsx(355,67): error TS2322: Type '"lg"' is not assignable to type '"medium" | "small" | "large" | undefined'.
src/modules/UIBlocks/Testimonial/AvatarCarousel.tsx(450,17): error TS2322: Type '"primary" | "secondary" | "neutral" | "divider" | "custom"' is not assignable to type '"primary" | "secondary" | "neutral" | "divider"'.
  Type '"custom"' is not assignable to type '"primary" | "secondary" | "neutral" | "divider"'.
src/modules/UIBlocks/Testimonial/BeforeAfterQuote.tsx(248,13): error TS2322: Type '"primary" | "secondary" | "neutral" | "divider" | "custom"' is not assignable to type '"primary" | "secondary" | "neutral" | "divider"'.
  Type '"custom"' is not assignable to type '"primary" | "secondary" | "neutral" | "divider"'.
src/modules/UIBlocks/Testimonial/BeforeAfterQuote.tsx(262,15): error TS2322: Type '"primary" | "secondary" | "neutral" | "divider" | "custom"' is not assignable to type '"primary" | "secondary" | "neutral" | "divider"'.
  Type '"custom"' is not assignable to type '"primary" | "secondary" | "neutral" | "divider"'.
src/modules/UIBlocks/Testimonial/BeforeAfterQuote.tsx(285,19): error TS2322: Type '"primary" | "secondary" | "neutral" | "divider" | "custom"' is not assignable to type '"primary" | "secondary" | "neutral" | "divider"'.
  Type '"custom"' is not assignable to type '"primary" | "secondary" | "neutral" | "divider"'.
src/modules/UIBlocks/Testimonial/BeforeAfterQuote.tsx(300,19): error TS2322: Type '"primary" | "secondary" | "neutral" | "divider" | "custom"' is not assignable to type '"primary" | "secondary" | "neutral" | "divider"'.
  Type '"custom"' is not assignable to type '"primary" | "secondary" | "neutral" | "divider"'.
src/modules/UIBlocks/Testimonial/BeforeAfterQuote.tsx(315,19): error TS2322: Type '"primary" | "secondary" | "neutral" | "divider" | "custom"' is not assignable to type '"primary" | "secondary" | "neutral" | "divider"'.
  Type '"custom"' is not assignable to type '"primary" | "secondary" | "neutral" | "divider"'.
src/modules/UIBlocks/Testimonial/BeforeAfterQuote.tsx(330,19): error TS2322: Type '"primary" | "secondary" | "neutral" | "divider" | "custom"' is not assignable to type '"primary" | "secondary" | "neutral" | "divider"'.
  Type '"custom"' is not assignable to type '"primary" | "secondary" | "neutral" | "divider"'.
src/modules/UIBlocks/Testimonial/BeforeAfterQuote.tsx(345,19): error TS2322: Type '"primary" | "secondary" | "neutral" | "divider" | "custom"' is not assignable to type '"primary" | "secondary" | "neutral" | "divider"'.
  Type '"custom"' is not assignable to type '"primary" | "secondary" | "neutral" | "divider"'.
src/modules/UIBlocks/Testimonial/BeforeAfterQuote.tsx(419,17): error TS2322: Type '"primary" | "secondary" | "neutral" | "divider" | "custom"' is not assignable to type '"primary" | "secondary" | "neutral" | "divider"'.
  Type '"custom"' is not assignable to type '"primary" | "secondary" | "neutral" | "divider"'.
src/modules/UIBlocks/Testimonial/InteractiveTestimonialMap.tsx(213,13): error TS2322: Type '"primary" | "secondary" | "neutral" | "divider" | "custom"' is not assignable to type '"primary" | "secondary" | "neutral" | "divider"'.
  Type '"custom"' is not assignable to type '"primary" | "secondary" | "neutral" | "divider"'.
src/modules/UIBlocks/Testimonial/InteractiveTestimonialMap.tsx(227,15): error TS2322: Type '"primary" | "secondary" | "neutral" | "divider" | "custom"' is not assignable to type '"primary" | "secondary" | "neutral" | "divider"'.
  Type '"custom"' is not assignable to type '"primary" | "secondary" | "neutral" | "divider"'.
src/modules/UIBlocks/Testimonial/InteractiveTestimonialMap.tsx(250,19): error TS2322: Type '"primary" | "secondary" | "neutral" | "divider" | "custom"' is not assignable to type '"primary" | "secondary" | "neutral" | "divider"'.
  Type '"custom"' is not assignable to type '"primary" | "secondary" | "neutral" | "divider"'.
src/modules/UIBlocks/Testimonial/InteractiveTestimonialMap.tsx(265,19): error TS2322: Type '"primary" | "secondary" | "neutral" | "divider" | "custom"' is not assignable to type '"primary" | "secondary" | "neutral" | "divider"'.
  Type '"custom"' is not assignable to type '"primary" | "secondary" | "neutral" | "divider"'.
src/modules/UIBlocks/Testimonial/InteractiveTestimonialMap.tsx(280,19): error TS2322: Type '"primary" | "secondary" | "neutral" | "divider" | "custom"' is not assignable to type '"primary" | "secondary" | "neutral" | "divider"'.
  Type '"custom"' is not assignable to type '"primary" | "secondary" | "neutral" | "divider"'.
src/modules/UIBlocks/Testimonial/InteractiveTestimonialMap.tsx(295,19): error TS2322: Type '"primary" | "secondary" | "neutral" | "divider" | "custom"' is not assignable to type '"primary" | "secondary" | "neutral" | "divider"'.
  Type '"custom"' is not assignable to type '"primary" | "secondary" | "neutral" | "divider"'.
src/modules/UIBlocks/Testimonial/InteractiveTestimonialMap.tsx(392,75): error TS2322: Type '"sm"' is not assignable to type '"medium" | "small" | "large" | undefined'.
src/modules/UIBlocks/Testimonial/InteractiveTestimonialMap.tsx(503,17): error TS2322: Type '"primary" | "secondary" | "neutral" | "divider" | "custom"' is not assignable to type '"primary" | "secondary" | "neutral" | "divider"'.
  Type '"custom"' is not assignable to type '"primary" | "secondary" | "neutral" | "divider"'.
src/modules/UIBlocks/Testimonial/PullQuoteStack.tsx(210,13): error TS2322: Type '"primary" | "secondary" | "neutral" | "divider" | "custom"' is not assignable to type '"primary" | "secondary" | "neutral" | "divider"'.
  Type '"custom"' is not assignable to type '"primary" | "secondary" | "neutral" | "divider"'.
src/modules/UIBlocks/Testimonial/PullQuoteStack.tsx(224,15): error TS2322: Type '"primary" | "secondary" | "neutral" | "divider" | "custom"' is not assignable to type '"primary" | "secondary" | "neutral" | "divider"'.
  Type '"custom"' is not assignable to type '"primary" | "secondary" | "neutral" | "divider"'.
src/modules/UIBlocks/Testimonial/PullQuoteStack.tsx(247,19): error TS2322: Type '"primary" | "secondary" | "neutral" | "divider" | "custom"' is not assignable to type '"primary" | "secondary" | "neutral" | "divider"'.
  Type '"custom"' is not assignable to type '"primary" | "secondary" | "neutral" | "divider"'.
src/modules/UIBlocks/Testimonial/PullQuoteStack.tsx(262,19): error TS2322: Type '"primary" | "secondary" | "neutral" | "divider" | "custom"' is not assignable to type '"primary" | "secondary" | "neutral" | "divider"'.
  Type '"custom"' is not assignable to type '"primary" | "secondary" | "neutral" | "divider"'.
src/modules/UIBlocks/Testimonial/PullQuoteStack.tsx(277,19): error TS2322: Type '"primary" | "secondary" | "neutral" | "divider" | "custom"' is not assignable to type '"primary" | "secondary" | "neutral" | "divider"'.
  Type '"custom"' is not assignable to type '"primary" | "secondary" | "neutral" | "divider"'.
src/modules/UIBlocks/Testimonial/PullQuoteStack.tsx(292,19): error TS2322: Type '"primary" | "secondary" | "neutral" | "divider" | "custom"' is not assignable to type '"primary" | "secondary" | "neutral" | "divider"'.
  Type '"custom"' is not assignable to type '"primary" | "secondary" | "neutral" | "divider"'.
src/modules/UIBlocks/Testimonial/PullQuoteStack.tsx(373,17): error TS2322: Type '"primary" | "secondary" | "neutral" | "divider" | "custom"' is not assignable to type '"primary" | "secondary" | "neutral" | "divider"'.
  Type '"custom"' is not assignable to type '"primary" | "secondary" | "neutral" | "divider"'.
src/modules/UIBlocks/Testimonial/QuoteGrid.tsx(209,19): error TS2322: Type '{ children: string; contentEditable: true; suppressContentEditableWarning: true; onBlur: (e: FocusEvent<HTMLDivElement, Element>) => void; className: string; style: CSSProperties; placeholder: string; }' is not assignable to type 'DetailedHTMLProps<HTMLAttributes<HTMLDivElement>, HTMLDivElement>'.
  Property 'placeholder' does not exist on type 'DetailedHTMLProps<HTMLAttributes<HTMLDivElement>, HTMLDivElement>'.
src/modules/UIBlocks/Testimonial/QuoteGrid.tsx(234,19): error TS2322: Type '{ children: string; contentEditable: true; suppressContentEditableWarning: true; onBlur: (e: FocusEvent<HTMLDivElement, Element>) => void; className: string; style: CSSProperties; placeholder: string; }' is not assignable to type 'DetailedHTMLProps<HTMLAttributes<HTMLDivElement>, HTMLDivElement>'.
  Property 'placeholder' does not exist on type 'DetailedHTMLProps<HTMLAttributes<HTMLDivElement>, HTMLDivElement>'.
src/modules/UIBlocks/Testimonial/QuoteGrid.tsx(323,13): error TS2322: Type '"primary" | "secondary" | "neutral" | "divider" | "custom"' is not assignable to type '"primary" | "secondary" | "neutral" | "divider"'.
  Type '"custom"' is not assignable to type '"primary" | "secondary" | "neutral" | "divider"'.
src/modules/UIBlocks/Testimonial/QuoteGrid.tsx(347,15): error TS2322: Type '(variant: keyof typeof landingTypography) => { fontFamily: string; fontSize: string; fontWeight: string; lineHeight: string; letterSpacing: string; } | { fontFamily: string; fontSize: string; fontWeight: string; lineHeight: string; letterSpacing: string; } | ... 6 more ... | { ...; }' is not assignable to type '(variant: "body" | "hero" | "caption" | "h1" | "h2" | "h3" | "h4" | "display" | "body-lg" | "body-sm") => CSSProperties'.
  Types of parameters 'variant' and 'variant' are incompatible.
    Type '"body" | "hero" | "caption" | "h1" | "h2" | "h3" | "h4" | "display" | "body-lg" | "body-sm"' is not assignable to type '"body" | "hero" | "caption" | "h1" | "h2" | "h3" | "display" | "body-lg" | "body-sm"'.
      Type '"h4"' is not assignable to type '"body" | "hero" | "caption" | "h1" | "h2" | "h3" | "display" | "body-lg" | "body-sm"'.
src/modules/UIBlocks/Testimonial/RatingCards.tsx(224,44): error TS2322: Type '"sm"' is not assignable to type '"medium" | "small" | "large" | undefined'.
src/modules/UIBlocks/Testimonial/RatingCards.tsx(269,13): error TS2322: Type '"primary" | "secondary" | "neutral" | "divider" | "custom"' is not assignable to type '"primary" | "secondary" | "neutral" | "divider"'.
  Type '"custom"' is not assignable to type '"primary" | "secondary" | "neutral" | "divider"'.
src/modules/UIBlocks/Testimonial/RatingCards.tsx(283,15): error TS2322: Type '"primary" | "secondary" | "neutral" | "divider" | "custom"' is not assignable to type '"primary" | "secondary" | "neutral" | "divider"'.
  Type '"custom"' is not assignable to type '"primary" | "secondary" | "neutral" | "divider"'.
src/modules/UIBlocks/Testimonial/RatingCards.tsx(298,62): error TS2322: Type '"lg"' is not assignable to type '"medium" | "small" | "large" | undefined'.
src/modules/UIBlocks/Testimonial/RatingCards.tsx(317,19): error TS2322: Type '"primary" | "secondary" | "neutral" | "divider" | "custom"' is not assignable to type '"primary" | "secondary" | "neutral" | "divider"'.
  Type '"custom"' is not assignable to type '"primary" | "secondary" | "neutral" | "divider"'.
src/modules/UIBlocks/Testimonial/RatingCards.tsx(332,19): error TS2322: Type '"primary" | "secondary" | "neutral" | "divider" | "custom"' is not assignable to type '"primary" | "secondary" | "neutral" | "divider"'.
  Type '"custom"' is not assignable to type '"primary" | "secondary" | "neutral" | "divider"'.
src/modules/UIBlocks/Testimonial/RatingCards.tsx(347,19): error TS2322: Type '"primary" | "secondary" | "neutral" | "divider" | "custom"' is not assignable to type '"primary" | "secondary" | "neutral" | "divider"'.
  Type '"custom"' is not assignable to type '"primary" | "secondary" | "neutral" | "divider"'.
src/modules/UIBlocks/Testimonial/RatingCards.tsx(362,19): error TS2322: Type '"primary" | "secondary" | "neutral" | "divider" | "custom"' is not assignable to type '"primary" | "secondary" | "neutral" | "divider"'.
  Type '"custom"' is not assignable to type '"primary" | "secondary" | "neutral" | "divider"'.
src/modules/UIBlocks/Testimonial/RatingCards.tsx(440,17): error TS2322: Type '"primary" | "secondary" | "neutral" | "divider" | "custom"' is not assignable to type '"primary" | "secondary" | "neutral" | "divider"'.
  Type '"custom"' is not assignable to type '"primary" | "secondary" | "neutral" | "divider"'.
src/modules/UIBlocks/Testimonial/SegmentedTestimonials.tsx(240,13): error TS2322: Type '"primary" | "secondary" | "neutral" | "divider" | "custom"' is not assignable to type '"primary" | "secondary" | "neutral" | "divider"'.
  Type '"custom"' is not assignable to type '"primary" | "secondary" | "neutral" | "divider"'.
src/modules/UIBlocks/Testimonial/SegmentedTestimonials.tsx(254,15): error TS2322: Type '"primary" | "secondary" | "neutral" | "divider" | "custom"' is not assignable to type '"primary" | "secondary" | "neutral" | "divider"'.
  Type '"custom"' is not assignable to type '"primary" | "secondary" | "neutral" | "divider"'.
src/modules/UIBlocks/Testimonial/SegmentedTestimonials.tsx(277,19): error TS2322: Type '"primary" | "secondary" | "neutral" | "divider" | "custom"' is not assignable to type '"primary" | "secondary" | "neutral" | "divider"'.
  Type '"custom"' is not assignable to type '"primary" | "secondary" | "neutral" | "divider"'.
src/modules/UIBlocks/Testimonial/SegmentedTestimonials.tsx(292,19): error TS2322: Type '"primary" | "secondary" | "neutral" | "divider" | "custom"' is not assignable to type '"primary" | "secondary" | "neutral" | "divider"'.
  Type '"custom"' is not assignable to type '"primary" | "secondary" | "neutral" | "divider"'.
src/modules/UIBlocks/Testimonial/SegmentedTestimonials.tsx(307,19): error TS2322: Type '"primary" | "secondary" | "neutral" | "divider" | "custom"' is not assignable to type '"primary" | "secondary" | "neutral" | "divider"'.
  Type '"custom"' is not assignable to type '"primary" | "secondary" | "neutral" | "divider"'.
src/modules/UIBlocks/Testimonial/SegmentedTestimonials.tsx(322,19): error TS2322: Type '"primary" | "secondary" | "neutral" | "divider" | "custom"' is not assignable to type '"primary" | "secondary" | "neutral" | "divider"'.
  Type '"custom"' is not assignable to type '"primary" | "secondary" | "neutral" | "divider"'.
src/modules/UIBlocks/Testimonial/SegmentedTestimonials.tsx(337,19): error TS2322: Type '"primary" | "secondary" | "neutral" | "divider" | "custom"' is not assignable to type '"primary" | "secondary" | "neutral" | "divider"'.
  Type '"custom"' is not assignable to type '"primary" | "secondary" | "neutral" | "divider"'.
src/modules/UIBlocks/Testimonial/SegmentedTestimonials.tsx(380,71): error TS2322: Type '"sm"' is not assignable to type '"medium" | "small" | "large" | undefined'.
src/modules/UIBlocks/Testimonial/SegmentedTestimonials.tsx(451,17): error TS2322: Type '"primary" | "secondary" | "neutral" | "divider" | "custom"' is not assignable to type '"primary" | "secondary" | "neutral" | "divider"'.
  Type '"custom"' is not assignable to type '"primary" | "secondary" | "neutral" | "divider"'.
src/modules/UIBlocks/Testimonial/VideoTestimonials.tsx(268,41): error TS2554: Expected 0 arguments, but got 1.
src/modules/UIBlocks/Testimonial/VideoTestimonials.tsx(268,42): error TS7006: Parameter 'state' implicitly has an 'any' type.
src/modules/UIBlocks/Testimonial/VideoTestimonials.tsx(287,13): error TS2322: Type '"primary" | "secondary" | "neutral" | "divider" | "custom"' is not assignable to type '"primary" | "secondary" | "neutral" | "divider"'.
  Type '"custom"' is not assignable to type '"primary" | "secondary" | "neutral" | "divider"'.
src/modules/UIBlocks/Testimonial/VideoTestimonials.tsx(301,15): error TS2322: Type '"primary" | "secondary" | "neutral" | "divider" | "custom"' is not assignable to type '"primary" | "secondary" | "neutral" | "divider"'.
  Type '"custom"' is not assignable to type '"primary" | "secondary" | "neutral" | "divider"'.
src/modules/UIBlocks/Testimonial/VideoTestimonials.tsx(324,19): error TS2322: Type '"primary" | "secondary" | "neutral" | "divider" | "custom"' is not assignable to type '"primary" | "secondary" | "neutral" | "divider"'.
  Type '"custom"' is not assignable to type '"primary" | "secondary" | "neutral" | "divider"'.
src/modules/UIBlocks/Testimonial/VideoTestimonials.tsx(339,19): error TS2322: Type '"primary" | "secondary" | "neutral" | "divider" | "custom"' is not assignable to type '"primary" | "secondary" | "neutral" | "divider"'.
  Type '"custom"' is not assignable to type '"primary" | "secondary" | "neutral" | "divider"'.
src/modules/UIBlocks/Testimonial/VideoTestimonials.tsx(354,19): error TS2322: Type '"primary" | "secondary" | "neutral" | "divider" | "custom"' is not assignable to type '"primary" | "secondary" | "neutral" | "divider"'.
  Type '"custom"' is not assignable to type '"primary" | "secondary" | "neutral" | "divider"'.
src/modules/UIBlocks/Testimonial/VideoTestimonials.tsx(369,19): error TS2322: Type '"primary" | "secondary" | "neutral" | "divider" | "custom"' is not assignable to type '"primary" | "secondary" | "neutral" | "divider"'.
  Type '"custom"' is not assignable to type '"primary" | "secondary" | "neutral" | "divider"'.
src/modules/UIBlocks/Testimonial/VideoTestimonials.tsx(384,19): error TS2322: Type '"primary" | "secondary" | "neutral" | "divider" | "custom"' is not assignable to type '"primary" | "secondary" | "neutral" | "divider"'.
  Type '"custom"' is not assignable to type '"primary" | "secondary" | "neutral" | "divider"'.
src/modules/UIBlocks/Testimonial/VideoTestimonials.tsx(446,17): error TS2322: Type '"primary" | "secondary" | "neutral" | "divider" | "custom"' is not assignable to type '"primary" | "secondary" | "neutral" | "divider"'.
  Type '"custom"' is not assignable to type '"primary" | "secondary" | "neutral" | "divider"'.
src/modules/UIBlocks/UniqueMechanism/AlgorithmExplainer.tsx(28,149): error TS2322: Type '"primary" | "secondary" | "neutral" | "divider" | "custom"' is not assignable to type '"primary" | "secondary" | "neutral" | "divider"'.
  Type '"custom"' is not assignable to type '"primary" | "secondary" | "neutral" | "divider"'.
src/modules/UIBlocks/UniqueMechanism/AlgorithmExplainer.tsx(29,146): error TS2322: Type '"primary" | "secondary" | "neutral" | "divider" | "custom"' is not assignable to type '"primary" | "secondary" | "neutral" | "divider"'.
  Type '"custom"' is not assignable to type '"primary" | "secondary" | "neutral" | "divider"'.
src/modules/UIBlocks/UniqueMechanism/InnovationTimeline.tsx(25,147): error TS2322: Type '"primary" | "secondary" | "neutral" | "divider" | "custom"' is not assignable to type '"primary" | "secondary" | "neutral" | "divider"'.
  Type '"custom"' is not assignable to type '"primary" | "secondary" | "neutral" | "divider"'.
src/modules/UIBlocks/UniqueMechanism/MethodologyBreakdown.tsx(74,13): error TS2322: Type '"primary" | "secondary" | "neutral" | "divider" | "custom"' is not assignable to type '"primary" | "secondary" | "neutral" | "divider"'.
  Type '"custom"' is not assignable to type '"primary" | "secondary" | "neutral" | "divider"'.
src/modules/UIBlocks/UniqueMechanism/ProcessFlowDiagram.tsx(69,13): error TS2322: Type '"primary" | "secondary" | "neutral" | "divider" | "custom"' is not assignable to type '"primary" | "secondary" | "neutral" | "divider"'.
  Type '"custom"' is not assignable to type '"primary" | "secondary" | "neutral" | "divider"'.
src/modules/UIBlocks/UniqueMechanism/ProcessFlowDiagram.tsx(82,15): error TS2322: Type '"primary" | "secondary" | "neutral" | "divider" | "custom"' is not assignable to type '"primary" | "secondary" | "neutral" | "divider"'.
  Type '"custom"' is not assignable to type '"primary" | "secondary" | "neutral" | "divider"'.
src/modules/UIBlocks/UniqueMechanism/ProcessFlowDiagram.tsx(113,84): error TS2345: Argument of type '"h4"' is not assignable to parameter of type '"body" | "hero" | "caption" | "h1" | "h2" | "h3" | "display" | "body-lg" | "body-sm"'.
src/modules/UIBlocks/UniqueMechanism/PropertyComparisonMatrix.tsx(31,147): error TS2322: Type '"primary" | "secondary" | "neutral" | "divider" | "custom"' is not assignable to type '"primary" | "secondary" | "neutral" | "divider"'.
  Type '"custom"' is not assignable to type '"primary" | "secondary" | "neutral" | "divider"'.
src/modules/UIBlocks/UniqueMechanism/SystemArchitecture.tsx(25,147): error TS2322: Type '"primary" | "secondary" | "neutral" | "divider" | "custom"' is not assignable to type '"primary" | "secondary" | "neutral" | "divider"'.
  Type '"custom"' is not assignable to type '"primary" | "secondary" | "neutral" | "divider"'.
src/modules/UIBlocks/UniqueMechanism/TechnicalAdvantage.tsx(25,147): error TS2322: Type '"primary" | "secondary" | "neutral" | "divider" | "custom"' is not assignable to type '"primary" | "secondary" | "neutral" | "divider"'.
  Type '"custom"' is not assignable to type '"primary" | "secondary" | "neutral" | "divider"'.
src/modules/UIBlocks/UseCase/BeforeAfterWorkflow.tsx(28,147): error TS2322: Type '"primary" | "secondary" | "neutral" | "divider" | "custom"' is not assignable to type '"primary" | "secondary" | "neutral" | "divider"'.
  Type '"custom"' is not assignable to type '"primary" | "secondary" | "neutral" | "divider"'.
src/modules/UIBlocks/UseCase/CustomerJourneyFlow.tsx(28,147): error TS2322: Type '"primary" | "secondary" | "neutral" | "divider" | "custom"' is not assignable to type '"primary" | "secondary" | "neutral" | "divider"'.
  Type '"custom"' is not assignable to type '"primary" | "secondary" | "neutral" | "divider"'.
src/modules/UIBlocks/UseCase/CustomerJourneyFlow.tsx(37,82): error TS2345: Argument of type '"h4"' is not assignable to parameter of type '"body" | "hero" | "caption" | "h1" | "h2" | "h3" | "display" | "body-lg" | "body-sm"'.
src/modules/UIBlocks/UseCase/IndustryUseCaseGrid.tsx(39,147): error TS2322: Type '"primary" | "secondary" | "neutral" | "divider" | "custom"' is not assignable to type '"primary" | "secondary" | "neutral" | "divider"'.
  Type '"custom"' is not assignable to type '"primary" | "secondary" | "neutral" | "divider"'.
src/modules/UIBlocks/UseCase/InteractiveUseCaseMap.tsx(29,147): error TS2322: Type '"primary" | "secondary" | "neutral" | "divider" | "custom"' is not assignable to type '"primary" | "secondary" | "neutral" | "divider"'.
  Type '"custom"' is not assignable to type '"primary" | "secondary" | "neutral" | "divider"'.
src/modules/UIBlocks/UseCase/PersonaGrid.tsx(240,13): error TS2322: Type '"primary" | "secondary" | "neutral" | "divider" | "custom"' is not assignable to type '"primary" | "secondary" | "neutral" | "divider"'.
  Type '"custom"' is not assignable to type '"primary" | "secondary" | "neutral" | "divider"'.
src/modules/UIBlocks/UseCase/PersonaGrid.tsx(266,15): error TS2322: Type '(variant: keyof typeof landingTypography) => { fontFamily: string; fontSize: string; fontWeight: string; lineHeight: string; letterSpacing: string; } | { fontFamily: string; fontSize: string; fontWeight: string; lineHeight: string; letterSpacing: string; } | ... 6 more ... | { ...; }' is not assignable to type '(variant: "body" | "hero" | "caption" | "h1" | "h2" | "h3" | "h4" | "display" | "body-lg" | "body-sm") => CSSProperties'.
  Types of parameters 'variant' and 'variant' are incompatible.
    Type '"body" | "hero" | "caption" | "h1" | "h2" | "h3" | "h4" | "display" | "body-lg" | "body-sm"' is not assignable to type '"body" | "hero" | "caption" | "h1" | "h2" | "h3" | "display" | "body-lg" | "body-sm"'.
      Type '"h4"' is not assignable to type '"body" | "hero" | "caption" | "h1" | "h2" | "h3" | "display" | "body-lg" | "body-sm"'.
src/modules/UIBlocks/UseCase/RoleBasedScenarios.tsx(28,147): error TS2322: Type '"primary" | "secondary" | "neutral" | "divider" | "custom"' is not assignable to type '"primary" | "secondary" | "neutral" | "divider"'.
  Type '"custom"' is not assignable to type '"primary" | "secondary" | "neutral" | "divider"'.
src/modules/UIBlocks/UseCase/UseCaseCarousel.tsx(25,147): error TS2322: Type '"primary" | "secondary" | "neutral" | "divider" | "custom"' is not assignable to type '"primary" | "secondary" | "neutral" | "divider"'.
  Type '"custom"' is not assignable to type '"primary" | "secondary" | "neutral" | "divider"'.
src/modules/UIBlocks/UseCase/WorkflowDiagrams.tsx(25,147): error TS2322: Type '"primary" | "secondary" | "neutral" | "divider" | "custom"' is not assignable to type '"primary" | "secondary" | "neutral" | "divider"'.
  Type '"custom"' is not assignable to type '"primary" | "secondary" | "neutral" | "divider"'.
src/services/pexelsApi.ts(213,11): error TS2353: Object literal may only specify known properties, and 'name' does not exist in type 'FileMetadata'.
src/services/pexelsApi.ts(222,11): error TS2353: Object literal may only specify known properties, and 'format' does not exist in type 'ImageProperties'.
src/stores/editStore.ts(288,51): error TS2577: Return type annotation circularly references itself.
src/stores/editStore.ts(306,31): error TS2322: Type '{ loadFromOnboarding: () => void; updateOnboardingData: (data: Partial<any>) => void; updatePublishingState: (publishingState: Partial<any>) => void; reset: () => void; getTokenId: () => string; ... 243 more ...; resetAutoSavePerformanceStats: () => void; }' is not assignable to type 'EditStore'.
  Types of property 'createForm' are incompatible.
    Type '(form: Omit<MVPForm, "id" | "createdAt" | "updatedAt">) => string' is not assignable to type '(sectionId: string, elementKey: string) => string'.
      Types of parameters 'form' and 'sectionId' are incompatible.
        Type 'string' is not assignable to type 'Omit<MVPForm, "id" | "createdAt" | "updatedAt">'.
src/stores/editStore.ts(317,34): error TS2345: Argument of type '{ (nextStateOrUpdater: EditStore | Partial<EditStore> | ((state: WritableDraft<EditStore>) => void), shouldReplace?: false | undefined, action?: Action | undefined): void; (nextStateOrUpdater: EditStore | ((state: WritableDraft<...>) => void), shouldReplace: true, action?: Action | undefined): void; }' is not assignable to parameter of type '(fn: (state: EditStore) => void) => void'.
  Types of parameters 'nextStateOrUpdater' and 'fn' are incompatible.
    Type '(state: EditStore) => void' is not assignable to type 'EditStore | Partial<EditStore> | ((state: WritableDraft<EditStore>) => void)'.
      Type '(state: EditStore) => void' is not assignable to type '(state: WritableDraft<EditStore>) => void'.
        Types of parameters 'state' and 'state' are incompatible.
          Type 'WritableDraft<EditStore>' is not assignable to type 'EditStore'.
            Types of property 'advancedMenu' are incompatible.
              Type 'WritableDraft<{ visible: boolean; position: { x: number; y: number; }; actions: AdvancedActionItem[]; triggerElement?: HTMLElement | undefined; toolbarType: "form" | "section" | "image" | "text" | "element"; arrow?: { ...; } | undefined; }> | undefined' is not assignable to type '{ visible: boolean; position: { x: number; y: number; }; actions: AdvancedActionItem[]; triggerElement?: HTMLElement | undefined; toolbarType: "form" | "section" | "image" | "text" | "element"; arrow?: { ...; } | undefined; } | undefined'.
                Type 'WritableDraft<{ visible: boolean; position: { x: number; y: number; }; actions: AdvancedActionItem[]; triggerElement?: HTMLElement | undefined; toolbarType: "form" | "section" | "image" | "text" | "element"; arrow?: { ...; } | undefined; }>' is not assignable to type '{ visible: boolean; position: { x: number; y: number; }; actions: AdvancedActionItem[]; triggerElement?: HTMLElement | undefined; toolbarType: "form" | "section" | "image" | "text" | "element"; arrow?: { ...; } | undefined; }'.
                  Types of property 'triggerElement' are incompatible.
                    Type 'WritableDraft<HTMLElement> | undefined' is not assignable to type 'HTMLElement | undefined'.
                      Type 'WritableDraft<HTMLElement>' is not assignable to type 'HTMLElement'.
                        Types of property 'offsetParent' are incompatible.
                          Type 'WritableDraft<Element> | null' is not assignable to type 'Element | null'.
                            Type 'WritableDraft<Element>' is not assignable to type 'Element'.
                              Types of property 'attributes' are incompatible.
                                Type 'WritableDraft<NamedNodeMap>' is not assignable to type 'NamedNodeMap'.
                                  'number' index signatures are incompatible.
                                    Type 'WritableDraft<Attr>' is not assignable to type 'Attr'.
                                      The types of 'ownerDocument.anchors' are incompatible between these types.
                                        Type 'WritableDraft<HTMLCollectionOf<HTMLAnchorElement>>' is not assignable to type 'HTMLCollectionOf<HTMLAnchorElement>'.
                                          'number' index signatures are incompatible.
                                            Type 'WritableDraft<HTMLAnchorElement>' is not assignable to type 'HTMLAnchorElement'.
                                              Types of property 'shadowRoot' are incompatible.
                                                Type 'WritableDraft<ShadowRoot> | null' is not assignable to type 'ShadowRoot | null'.
                                                  Type 'WritableDraft<ShadowRoot>' is not assignable to type 'ShadowRoot'.
                                                    Types of property 'adoptedStyleSheets' are incompatible.
                                                      Type 'WritableDraft<CSSStyleSheet>[]' is not assignable to type 'CSSStyleSheet[]'.
                                                        Type 'WritableDraft<CSSStyleSheet>' is not assignable to type 'CSSStyleSheet'.
                                                          Types of property 'ownerNode' are incompatible.
                                                            Type 'WritableDraft<Element> | WritableDraft<ProcessingInstruction> | null' is not assignable to type 'Element | ProcessingInstruction | null'.
                                                              Type 'WritableDraft<Element>' is not assignable to type 'Element | ProcessingInstruction | null'.
src/stores/editStore.ts(450,13): error TS2456: Type alias 'EditStoreInstance' circularly references itself.
src/types/core/content.ts(76,20): error TS2304: Cannot find name 'BackgroundType'.
src/types/core/content.ts(77,23): error TS2304: Cannot find name 'SectionBackground'.
src/types/core/index.ts(63,3): error TS2305: Module '"./content"' has no exported member 'ThemeColorType'.
src/types/core/ui.ts(47,13): error TS2300: Duplicate identifier 'ToolbarType'.
src/types/core/ui.ts(3115,13): error TS2300: Duplicate identifier 'ToolbarType'.
src/types/core/ui.ts(3296,14): error TS2323: Cannot redeclare exported variable 'DEFAULT_TOOLBAR_PRIORITIES'.
src/types/core/ui.ts(3325,14): error TS2323: Cannot redeclare exported variable 'TOOLBAR_DETECTION_RULES'.
src/types/core/ui.ts(3362,37): error TS2532: Object is possibly 'undefined'.
src/types/core/ui.ts(3445,14): error TS2323: Cannot redeclare exported variable 'MULTI_TOOLBAR_SCENARIOS'.
src/types/core/ui.ts(3454,30): error TS2532: Object is possibly 'undefined'.
src/types/core/ui.ts(3554,14): error TS2323: Cannot redeclare exported variable 'DEFAULT_CONTEXT_TOOLBAR_CONFIG'.
src/types/core/ui.ts(3744,3): error TS2484: Export declaration conflicts with exported declaration of 'ContextualElementType'.
src/types/core/ui.ts(3745,3): error TS2484: Export declaration conflicts with exported declaration of 'ToolbarSelectionContext'.
src/types/core/ui.ts(3746,3): error TS2484: Export declaration conflicts with exported declaration of 'ContextualToolbarAction'.
src/types/core/ui.ts(3747,3): error TS2484: Export declaration conflicts with exported declaration of 'ToolbarDetectionRule'.
src/types/core/ui.ts(3748,3): error TS2484: Export declaration conflicts with exported declaration of 'ContextualToolbarState'.
src/types/core/ui.ts(3749,3): error TS2484: Export declaration conflicts with exported declaration of 'ToolbarPriorityConfig'.
src/types/core/ui.ts(3750,3): error TS2484: Export declaration conflicts with exported declaration of 'MultiToolbarScenario'.
src/types/core/ui.ts(3751,3): error TS2484: Export declaration conflicts with exported declaration of 'ContextAwareToolbarConfig'.
src/types/core/ui.ts(3752,3): error TS2484: Export declaration conflicts with exported declaration of 'ToolbarDetectionResult'.
src/types/core/ui.ts(3753,3): error TS2484: Export declaration conflicts with exported declaration of 'ContextualToolbarPosition'.
src/types/core/ui.ts(3754,3): error TS2484: Export declaration conflicts with exported declaration of 'ActionExecutionContext'.
src/types/core/ui.ts(3755,3): error TS2484: Export declaration conflicts with exported declaration of 'ContextualActionHandler'.
src/types/core/ui.ts(3756,3): error TS2484: Export declaration conflicts with exported declaration of 'ToolbarAnalytics'.
src/types/core/ui.ts(3763,3): error TS2323: Cannot redeclare exported variable 'DEFAULT_TOOLBAR_PRIORITIES'.
src/types/core/ui.ts(3763,3): error TS2484: Export declaration conflicts with exported declaration of 'DEFAULT_TOOLBAR_PRIORITIES'.
src/types/core/ui.ts(3764,3): error TS2323: Cannot redeclare exported variable 'TOOLBAR_DETECTION_RULES'.
src/types/core/ui.ts(3764,3): error TS2484: Export declaration conflicts with exported declaration of 'TOOLBAR_DETECTION_RULES'.
src/types/core/ui.ts(3765,3): error TS2323: Cannot redeclare exported variable 'MULTI_TOOLBAR_SCENARIOS'.
src/types/core/ui.ts(3765,3): error TS2484: Export declaration conflicts with exported declaration of 'MULTI_TOOLBAR_SCENARIOS'.
src/types/core/ui.ts(3766,3): error TS2323: Cannot redeclare exported variable 'DEFAULT_CONTEXT_TOOLBAR_CONFIG'.
src/types/core/ui.ts(3766,3): error TS2484: Export declaration conflicts with exported declaration of 'DEFAULT_CONTEXT_TOOLBAR_CONFIG'.
src/types/store/formActions.ts(2,54): error TS2307: Cannot find module '@/types/simpleForms' or its corresponding type declarations.
src/types/store/index.ts(170,18): error TS2320: Interface 'EditStore' cannot simultaneously extend types 'ContentActions' and 'GenerationActions'.
  Named property 'setAIGenerationStatus' of types 'ContentActions' and 'GenerationActions' are not identical.
src/types/store/index.ts(170,18): error TS2320: Interface 'EditStore' cannot simultaneously extend types 'UIActions' and 'AutoSaveMiddlewareState'.
  Named property 'trackChange' of types 'UIActions' and 'AutoSaveMiddlewareState' are not identical.
src/types/store/index.ts(170,18): error TS2320: Interface 'EditStore' cannot simultaneously extend types 'UIActions' and 'FormsImageActions'.
  Named property 'showFormBuilder' of types 'UIActions' and 'FormsImageActions' are not identical.
src/types/store/state.ts(15,3): error TS2440: Import declaration conflicts with local declaration of 'FormField'.
src/types/store/state.ts(18,37): error TS2307: Cannot find module '@/types/simpleForms' or its corresponding type declarations.
src/types/storeTypes.ts(154,25): error TS2304: Cannot find name 'typographyScales'.
src/utils/__tests__/colorUtils.test.ts(16,1): error TS2582: Cannot find name 'describe'. Do you need to install type definitions for a test runner? Try `npm i --save-dev @types/jest` or `npm i --save-dev @types/mocha`.
src/utils/__tests__/colorUtils.test.ts(17,3): error TS2582: Cannot find name 'test'. Do you need to install type definitions for a test runner? Try `npm i --save-dev @types/jest` or `npm i --save-dev @types/mocha`.
src/utils/__tests__/colorUtils.test.ts(18,5): error TS2304: Cannot find name 'expect'.
src/utils/__tests__/colorUtils.test.ts(19,5): error TS2304: Cannot find name 'expect'.
src/utils/__tests__/colorUtils.test.ts(20,5): error TS2304: Cannot find name 'expect'.
src/utils/__tests__/colorUtils.test.ts(21,5): error TS2304: Cannot find name 'expect'.
src/utils/__tests__/colorUtils.test.ts(24,3): error TS2582: Cannot find name 'test'. Do you need to install type definitions for a test runner? Try `npm i --save-dev @types/jest` or `npm i --save-dev @types/mocha`.
src/utils/__tests__/colorUtils.test.ts(25,5): error TS2304: Cannot find name 'expect'.
src/utils/__tests__/colorUtils.test.ts(26,5): error TS2304: Cannot find name 'expect'.
src/utils/__tests__/colorUtils.test.ts(27,5): error TS2304: Cannot find name 'expect'.
src/utils/__tests__/colorUtils.test.ts(30,3): error TS2582: Cannot find name 'test'. Do you need to install type definitions for a test runner? Try `npm i --save-dev @types/jest` or `npm i --save-dev @types/mocha`.
src/utils/__tests__/colorUtils.test.ts(31,5): error TS2304: Cannot find name 'expect'.
src/utils/__tests__/colorUtils.test.ts(32,5): error TS2304: Cannot find name 'expect'.
src/utils/__tests__/colorUtils.test.ts(33,5): error TS2304: Cannot find name 'expect'.
src/utils/__tests__/colorUtils.test.ts(36,3): error TS2582: Cannot find name 'test'. Do you need to install type definitions for a test runner? Try `npm i --save-dev @types/jest` or `npm i --save-dev @types/mocha`.
src/utils/__tests__/colorUtils.test.ts(37,5): error TS2304: Cannot find name 'expect'.
src/utils/__tests__/colorUtils.test.ts(38,5): error TS2304: Cannot find name 'expect'.
src/utils/__tests__/colorUtils.test.ts(39,5): error TS2304: Cannot find name 'expect'.
src/utils/__tests__/colorUtils.test.ts(43,1): error TS2582: Cannot find name 'describe'. Do you need to install type definitions for a test runner? Try `npm i --save-dev @types/jest` or `npm i --save-dev @types/mocha`.
src/utils/__tests__/colorUtils.test.ts(44,3): error TS2582: Cannot find name 'test'. Do you need to install type definitions for a test runner? Try `npm i --save-dev @types/jest` or `npm i --save-dev @types/mocha`.
src/utils/__tests__/colorUtils.test.ts(46,5): error TS2304: Cannot find name 'expect'.
src/utils/__tests__/colorUtils.test.ts(49,5): error TS2304: Cannot find name 'expect'.
src/utils/__tests__/colorUtils.test.ts(52,5): error TS2304: Cannot find name 'expect'.
src/utils/__tests__/colorUtils.test.ts(53,5): error TS2304: Cannot find name 'expect'.
src/utils/__tests__/colorUtils.test.ts(56,3): error TS2582: Cannot find name 'test'. Do you need to install type definitions for a test runner? Try `npm i --save-dev @types/jest` or `npm i --save-dev @types/mocha`.
src/utils/__tests__/colorUtils.test.ts(59,5): error TS2304: Cannot find name 'expect'.
src/utils/__tests__/colorUtils.test.ts(60,5): error TS2304: Cannot find name 'expect'.
src/utils/__tests__/colorUtils.test.ts(64,5): error TS2304: Cannot find name 'expect'.
src/utils/__tests__/colorUtils.test.ts(68,5): error TS2304: Cannot find name 'expect'.
src/utils/__tests__/colorUtils.test.ts(72,1): error TS2582: Cannot find name 'describe'. Do you need to install type definitions for a test runner? Try `npm i --save-dev @types/jest` or `npm i --save-dev @types/mocha`.
src/utils/__tests__/colorUtils.test.ts(73,3): error TS2582: Cannot find name 'test'. Do you need to install type definitions for a test runner? Try `npm i --save-dev @types/jest` or `npm i --save-dev @types/mocha`.
src/utils/__tests__/colorUtils.test.ts(78,5): error TS2304: Cannot find name 'expect'.
src/utils/__tests__/colorUtils.test.ts(81,5): error TS2304: Cannot find name 'expect'.
src/utils/__tests__/colorUtils.test.ts(82,5): error TS2304: Cannot find name 'expect'.
src/utils/__tests__/colorUtils.test.ts(85,3): error TS2582: Cannot find name 'test'. Do you need to install type definitions for a test runner? Try `npm i --save-dev @types/jest` or `npm i --save-dev @types/mocha`.
src/utils/__tests__/colorUtils.test.ts(89,5): error TS2304: Cannot find name 'expect'.
src/utils/__tests__/colorUtils.test.ts(94,1): error TS2582: Cannot find name 'describe'. Do you need to install type definitions for a test runner? Try `npm i --save-dev @types/jest` or `npm i --save-dev @types/mocha`.
src/utils/__tests__/colorUtils.test.ts(95,3): error TS2582: Cannot find name 'test'. Do you need to install type definitions for a test runner? Try `npm i --save-dev @types/jest` or `npm i --save-dev @types/mocha`.
src/utils/__tests__/colorUtils.test.ts(101,5): error TS2304: Cannot find name 'expect'.
src/utils/__tests__/colorUtils.test.ts(104,5): error TS2304: Cannot find name 'expect'.
src/utils/__tests__/colorUtils.test.ts(107,3): error TS2582: Cannot find name 'test'. Do you need to install type definitions for a test runner? Try `npm i --save-dev @types/jest` or `npm i --save-dev @types/mocha`.
src/utils/__tests__/colorUtils.test.ts(110,5): error TS2304: Cannot find name 'expect'.
src/utils/__tests__/colorUtils.test.ts(111,5): error TS2304: Cannot find name 'expect'.
src/utils/__tests__/colorUtils.test.ts(112,5): error TS2304: Cannot find name 'expect'.
src/utils/__tests__/colorUtils.test.ts(113,5): error TS2304: Cannot find name 'expect'.
src/utils/__tests__/colorUtils.test.ts(116,3): error TS2582: Cannot find name 'test'. Do you need to install type definitions for a test runner? Try `npm i --save-dev @types/jest` or `npm i --save-dev @types/mocha`.
src/utils/__tests__/colorUtils.test.ts(119,5): error TS2304: Cannot find name 'expect'.
src/utils/__tests__/colorUtils.test.ts(120,5): error TS2304: Cannot find name 'expect'.
src/utils/__tests__/colorUtils.test.ts(121,5): error TS2304: Cannot find name 'expect'.
src/utils/__tests__/colorUtils.test.ts(125,1): error TS2582: Cannot find name 'describe'. Do you need to install type definitions for a test runner? Try `npm i --save-dev @types/jest` or `npm i --save-dev @types/mocha`.
src/utils/__tests__/colorUtils.test.ts(126,3): error TS2582: Cannot find name 'test'. Do you need to install type definitions for a test runner? Try `npm i --save-dev @types/jest` or `npm i --save-dev @types/mocha`.
src/utils/__tests__/colorUtils.test.ts(128,5): error TS2304: Cannot find name 'expect'.
src/utils/__tests__/colorUtils.test.ts(129,5): error TS2304: Cannot find name 'expect'.
src/utils/__tests__/colorUtils.test.ts(130,5): error TS2304: Cannot find name 'expect'.
src/utils/__tests__/colorUtils.test.ts(133,5): error TS2304: Cannot find name 'expect'.
src/utils/__tests__/colorUtils.test.ts(134,5): error TS2304: Cannot find name 'expect'.
src/utils/__tests__/colorUtils.test.ts(135,5): error TS2304: Cannot find name 'expect'.
src/utils/__tests__/colorUtils.test.ts(138,3): error TS2582: Cannot find name 'test'. Do you need to install type definitions for a test runner? Try `npm i --save-dev @types/jest` or `npm i --save-dev @types/mocha`.
src/utils/__tests__/colorUtils.test.ts(139,5): error TS2304: Cannot find name 'expect'.
src/utils/__tests__/colorUtils.test.ts(140,5): error TS2304: Cannot find name 'expect'.
src/utils/__tests__/colorUtils.test.ts(144,1): error TS2582: Cannot find name 'describe'. Do you need to install type definitions for a test runner? Try `npm i --save-dev @types/jest` or `npm i --save-dev @types/mocha`.
src/utils/__tests__/colorUtils.test.ts(145,3): error TS2582: Cannot find name 'test'. Do you need to install type definitions for a test runner? Try `npm i --save-dev @types/jest` or `npm i --save-dev @types/mocha`.
src/utils/__tests__/colorUtils.test.ts(148,5): error TS2304: Cannot find name 'expect'.
src/utils/__tests__/colorUtils.test.ts(152,7): error TS2304: Cannot find name 'expect'.
src/utils/__tests__/colorUtils.test.ts(156,3): error TS2582: Cannot find name 'test'. Do you need to install type definitions for a test runner? Try `npm i --save-dev @types/jest` or `npm i --save-dev @types/mocha`.
src/utils/__tests__/colorUtils.test.ts(159,5): error TS2304: Cannot find name 'expect'.
src/utils/__tests__/colorUtils.test.ts(163,7): error TS2304: Cannot find name 'expect'.
src/utils/__tests__/colorUtils.test.ts(167,3): error TS2582: Cannot find name 'test'. Do you need to install type definitions for a test runner? Try `npm i --save-dev @types/jest` or `npm i --save-dev @types/mocha`.
src/utils/__tests__/colorUtils.test.ts(174,5): error TS2304: Cannot find name 'expect'.
src/utils/__tests__/colorUtils.test.ts(178,1): error TS2582: Cannot find name 'describe'. Do you need to install type definitions for a test runner? Try `npm i --save-dev @types/jest` or `npm i --save-dev @types/mocha`.
src/utils/__tests__/colorUtils.test.ts(179,3): error TS2582: Cannot find name 'test'. Do you need to install type definitions for a test runner? Try `npm i --save-dev @types/jest` or `npm i --save-dev @types/mocha`.
src/utils/__tests__/colorUtils.test.ts(181,5): error TS2304: Cannot find name 'expect'.
src/utils/__tests__/colorUtils.test.ts(182,5): error TS2304: Cannot find name 'expect'.
src/utils/__tests__/colorUtils.test.ts(185,5): error TS2304: Cannot find name 'expect'.
src/utils/__tests__/colorUtils.test.ts(188,3): error TS2582: Cannot find name 'test'. Do you need to install type definitions for a test runner? Try `npm i --save-dev @types/jest` or `npm i --save-dev @types/mocha`.
src/utils/__tests__/colorUtils.test.ts(190,5): error TS2304: Cannot find name 'expect'.
src/utils/__tests__/colorUtils.test.ts(191,5): error TS2304: Cannot find name 'expect'.
src/utils/__tests__/colorUtils.test.ts(192,5): error TS2304: Cannot find name 'expect'.
src/utils/__tests__/colorUtils.test.ts(193,5): error TS2304: Cannot find name 'expect'.
src/utils/__tests__/colorUtils.test.ts(197,1): error TS2582: Cannot find name 'describe'. Do you need to install type definitions for a test runner? Try `npm i --save-dev @types/jest` or `npm i --save-dev @types/mocha`.
src/utils/__tests__/colorUtils.test.ts(198,3): error TS2582: Cannot find name 'test'. Do you need to install type definitions for a test runner? Try `npm i --save-dev @types/jest` or `npm i --save-dev @types/mocha`.
src/utils/__tests__/colorUtils.test.ts(199,5): error TS2304: Cannot find name 'expect'.
src/utils/__tests__/colorUtils.test.ts(200,5): error TS2304: Cannot find name 'expect'.
src/utils/__tests__/colorUtils.test.ts(201,5): error TS2304: Cannot find name 'expect'.
src/utils/__tests__/colorUtils.test.ts(204,3): error TS2582: Cannot find name 'test'. Do you need to install type definitions for a test runner? Try `npm i --save-dev @types/jest` or `npm i --save-dev @types/mocha`.
src/utils/__tests__/colorUtils.test.ts(217,5): error TS2304: Cannot find name 'expect'.
src/utils/autoSaveDraft.ts(855,5): error TS2353: Object literal may only specify known properties, and 'serializedSaveDraft' does not exist in type 'AutoSaveDraftParams'.
src/utils/backgroundUtils.ts(9,27): error TS2339: Property 'style' does not exist on type 'CustomBackground'.
src/utils/backgroundUtils.ts(13,52): error TS2339: Property 'color' does not exist on type 'string'.
src/utils/backgroundUtils.ts(15,63): error TS2339: Property 'color' does not exist on type 'string'.
src/utils/backgroundUtils.ts(17,34): error TS2339: Property 'style' does not exist on type 'CustomBackground'.
src/utils/backgroundUtils.ts(44,40): error TS2339: Property 'direction' does not exist on type 'LinearGradient'.
src/utils/backgroundUtils.ts(66,63): error TS2339: Property 'style' does not exist on type 'CustomBackground'.
src/utils/backgroundUtils.ts(73,63): error TS2339: Property 'style' does not exist on type 'CustomBackground'.
src/utils/backgroundUtils.ts(81,36): error TS2339: Property 'color' does not exist on type 'string'.
src/utils/colorHarmony.ts(405,76): error TS18048: 'options.minContrast' is possibly 'undefined'.
src/utils/colorUtils.ts(380,5): error TS2322: Type '{ readonly background: "#111827"; readonly heading: "#f9fafb"; readonly body: "#e5e7eb"; readonly muted: "#9ca3af"; }' is not assignable to type '{ readonly background: "#ffffff"; readonly heading: "#111827"; readonly body: "#374151"; readonly muted: "#6b7280"; }'.
  Types of property 'background' are incompatible.
    Type '"#111827"' is not assignable to type '"#ffffff"'.
src/utils/colorUtils.ts(382,5): error TS2322: Type '{ readonly background: "#6b7280"; readonly heading: "#ffffff"; readonly body: "#f3f4f6"; readonly muted: "#d1d5db"; }' is not assignable to type '{ readonly background: "#ffffff"; readonly heading: "#111827"; readonly body: "#374151"; readonly muted: "#6b7280"; }'.
  Types of property 'background' are incompatible.
    Type '"#6b7280"' is not assignable to type '"#ffffff"'.
src/utils/contentSerialization.ts(83,21): error TS2339: Property 'meta' does not exist on type 'UniversalElementInstance'.
src/utils/contentSerialization.ts(99,9): error TS2353: Object literal may only specify known properties, and 'meta' does not exist in type 'UniversalElementInstance'.
src/utils/contrastValidator.ts(35,60): error TS2339: Property 'style' does not exist on type 'CustomBackground'.
src/utils/contrastValidator.ts(55,45): error TS2339: Property 'color' does not exist on type 'string'.
src/utils/contrastValidator.ts(100,58): error TS2339: Property 'style' does not exist on type 'CustomBackground'.
src/utils/contrastValidator.ts(146,52): error TS2339: Property 'color' does not exist on type 'string'.
src/utils/improvedTextColors.ts(484,3): error TS2322: Type '{ ratio: number; meetsAA: boolean; meetsAAA: boolean; }' is not assignable to type 'boolean'.
src/utils/layoutSectionTypeMapping.ts(165,3): error TS1117: An object literal cannot have multiple properties with the same name.
src/utils/modalEmergencyReset.ts(28,21): error TS2365: Operator '<' cannot be applied to types 'number' and 'Timeout'.
src/utils/performanceMonitor.ts(151,25): error TS2686: 'React' refers to a UMD global, but the current file is a module. Consider adding an import instead.
src/utils/performanceMonitor.ts(152,23): error TS2686: 'React' refers to a UMD global, but the current file is a module. Consider adding an import instead.
src/utils/performanceMonitor.ts(156,5): error TS2686: 'React' refers to a UMD global, but the current file is a module. Consider adding an import instead.
src/utils/regeneration/fullPageRegeneration.ts(7,18): error TS2304: Cannot find name 'InputVariables'.
src/utils/regeneration/fullPageRegeneration.ts(7,35): error TS2304: Cannot find name 'HiddenInferredFields'.
src/utils/sectionValidation.ts(2,15): error TS2305: Module '"@/types/store/state"' has no exported member 'SectionType'.
src/utils/sectionValidation.ts(306,16): error TS2322: Type 'string' is not assignable to type 'ValidationError'.
src/utils/sectionValidation.ts(412,5): error TS2322: Type 'string[]' is not assignable to type 'ValidationError[]'.
  Type 'string' is not assignable to type 'ValidationError'.
src/utils/sectionValidation.ts(413,5): error TS2322: Type 'string[]' is not assignable to type 'ValidationWarning[]'.
  Type 'string' is not assignable to type 'ValidationWarning'.
src/utils/sectionValidation.ts(505,7): error TS2322: Type 'ValidationError' is not assignable to type 'string'.
src/utils/sectionValidation.ts(506,33): error TS2345: Argument of type 'ValidationError' is not assignable to parameter of type 'string'.
src/utils/sectionValidation.ts(514,7): error TS2322: Type 'ValidationWarning' is not assignable to type 'string'.
src/utils/sectionValidation.ts(515,35): error TS2345: Argument of type 'ValidationWarning' is not assignable to parameter of type 'string'.
src/utils/storageManager.ts(269,38): error TS2683: 'this' implicitly has type 'any' because it does not have a type annotation.
src/utils/textFormatting.ts(78,7): error TS2353: Object literal may only specify known properties, and 'fontWeight' does not exist in type 'Partial<TextFormatState>'.
src/utils/textFormatting.ts(89,7): error TS2353: Object literal may only specify known properties, and 'fontWeight' does not exist in type 'Partial<TextFormatState>'.
src/utils/textFormatting.ts(100,7): error TS2353: Object literal may only specify known properties, and 'fontWeight' does not exist in type 'Partial<TextFormatState>'.
src/utils/textFormatting.ts(111,7): error TS2353: Object literal may only specify known properties, and 'fontWeight' does not exist in type 'Partial<TextFormatState>'.
src/utils/textFormatting.ts(123,7): error TS2353: Object literal may only specify known properties, and 'fontWeight' does not exist in type 'Partial<TextFormatState>'.
src/utils/textFormatting.ts(203,7): error TS2322: Type 'string | boolean' is not assignable to type 'string'.
  Type 'boolean' is not assignable to type 'string'.
src/utils/textFormatting.ts(252,7): error TS7053: Element implicitly has an 'any' type because expression of type 'any' can't be used to index type 'CSSProperties'.
src/utils/textFormatting.ts(272,7): error TS2322: Type 'string | boolean' is not assignable to type 'undefined'.
  Type 'string' is not assignable to type 'undefined'.
src/utils/toolbarPositioning.ts(202,7): error TS2739: Type '{ x: number; y: number; }' is missing the following properties from type '{ x: number; y: number; strategy: "fixed" | "absolute" | "relative"; anchor: "top" | "bottom" | "left" | "right" | "center"; offset: { x: number; y: number; }; bounds?: PositionBounds | undefined; }': strategy, anchor, offset
